Archive member included because of file (symbol)

/usr/local/Cellar/avr-gcc/4.7.2/lib/gcc/avr/4.7.2/../../../../avr/lib/avr5/libm.a(fixsfsi.o)
                              obj_hhkb_lufa/common/mousekey.o (__fixsfsi)
/usr/local/Cellar/avr-gcc/4.7.2/lib/gcc/avr/4.7.2/../../../../avr/lib/avr5/libm.a(fixunssfsi.o)
                              /usr/local/Cellar/avr-gcc/4.7.2/lib/gcc/avr/4.7.2/../../../../avr/lib/avr5/libm.a(fixsfsi.o) (__fixunssfsi)
/usr/local/Cellar/avr-gcc/4.7.2/lib/gcc/avr/4.7.2/../../../../avr/lib/avr5/libm.a(floatsisf.o)
                              obj_hhkb_lufa/common/mousekey.o (__floatsisf)
/usr/local/Cellar/avr-gcc/4.7.2/lib/gcc/avr/4.7.2/../../../../avr/lib/avr5/libm.a(fp_split3.o)
                              /usr/local/Cellar/avr-gcc/4.7.2/lib/gcc/avr/4.7.2/../../../../avr/lib/avr5/libm.a(fixunssfsi.o) (__fp_splitA)
/usr/local/Cellar/avr-gcc/4.7.2/lib/gcc/avr/4.7.2/../../../../avr/lib/avr5/libm.a(fp_zero.o)
                              /usr/local/Cellar/avr-gcc/4.7.2/lib/gcc/avr/4.7.2/../../../../avr/lib/avr5/libm.a(fixunssfsi.o) (__fp_zero)
/usr/local/Cellar/avr-gcc/4.7.2/lib/gcc/avr/4.7.2/../../../../avr/lib/avr5/libm.a(mulsf3.o)
                              obj_hhkb_lufa/common/mousekey.o (__mulsf3)
/usr/local/Cellar/avr-gcc/4.7.2/lib/gcc/avr/4.7.2/../../../../avr/lib/avr5/libm.a(mulsf3x.o)
                              /usr/local/Cellar/avr-gcc/4.7.2/lib/gcc/avr/4.7.2/../../../../avr/lib/avr5/libm.a(mulsf3.o) (__mulsf3x)
/usr/local/Cellar/avr-gcc/4.7.2/lib/gcc/avr/4.7.2/../../../../avr/lib/avr5/libm.a(fp_inf.o)
                              /usr/local/Cellar/avr-gcc/4.7.2/lib/gcc/avr/4.7.2/../../../../avr/lib/avr5/libm.a(mulsf3x.o) (__fp_inf)
/usr/local/Cellar/avr-gcc/4.7.2/lib/gcc/avr/4.7.2/../../../../avr/lib/avr5/libm.a(fp_nan.o)
                              /usr/local/Cellar/avr-gcc/4.7.2/lib/gcc/avr/4.7.2/../../../../avr/lib/avr5/libm.a(mulsf3x.o) (__fp_nan)
/usr/local/Cellar/avr-gcc/4.7.2/lib/gcc/avr/4.7.2/../../../../avr/lib/avr5/libm.a(fp_pscA.o)
                              /usr/local/Cellar/avr-gcc/4.7.2/lib/gcc/avr/4.7.2/../../../../avr/lib/avr5/libm.a(mulsf3x.o) (__fp_pscA)
/usr/local/Cellar/avr-gcc/4.7.2/lib/gcc/avr/4.7.2/../../../../avr/lib/avr5/libm.a(fp_pscB.o)
                              /usr/local/Cellar/avr-gcc/4.7.2/lib/gcc/avr/4.7.2/../../../../avr/lib/avr5/libm.a(mulsf3x.o) (__fp_pscB)
/usr/local/Cellar/avr-gcc/4.7.2/lib/gcc/avr/4.7.2/../../../../avr/lib/avr5/libm.a(fp_round.o)
                              /usr/local/Cellar/avr-gcc/4.7.2/lib/gcc/avr/4.7.2/../../../../avr/lib/avr5/libm.a(mulsf3.o) (__fp_round)
/usr/local/Cellar/avr-gcc/4.7.2/lib/gcc/avr/4.7.2/avr5/libgcc.a(_divmodhi4.o)
                              obj_hhkb_lufa/common/mousekey.o (__divmodhi4)
/usr/local/Cellar/avr-gcc/4.7.2/lib/gcc/avr/4.7.2/avr5/libgcc.a(_exit.o)
                              /usr/local/Cellar/avr-gcc/4.7.2/lib/gcc/avr/4.7.2/../../../../avr/lib/avr5/crtm32u4.o (exit)
/usr/local/Cellar/avr-gcc/4.7.2/lib/gcc/avr/4.7.2/avr5/libgcc.a(_tablejump.o)
                              obj_hhkb_lufa/common/command.o (__tablejump2__)
/usr/local/Cellar/avr-gcc/4.7.2/lib/gcc/avr/4.7.2/avr5/libgcc.a(_copy_data.o)
                              obj_hhkb_lufa/protocol/lufa/lufa.o (__do_copy_data)
/usr/local/Cellar/avr-gcc/4.7.2/lib/gcc/avr/4.7.2/avr5/libgcc.a(_clear_bss.o)
                              obj_hhkb_lufa/keymap_jp.o (__do_clear_bss)
/usr/local/Cellar/avr-gcc/4.7.2/lib/gcc/avr/4.7.2/avr5/libgcc.a(_udivmodhi4.o)
                              /usr/local/Cellar/avr-gcc/4.7.2/lib/gcc/avr/4.7.2/avr5/libgcc.a(_divmodhi4.o) (__udivmodhi4)
/usr/local/Cellar/avr-gcc/4.7.2/lib/gcc/avr/4.7.2/../../../../avr/lib/avr5/libc.a(eerd_byte_atmega32u4.o)
                              obj_hhkb_lufa/protocol/lufa/LUFA-120730/LUFA/Drivers/USB/Core/AVR8/EndpointStream_AVR8.o (__eerd_byte_m32u4)
/usr/local/Cellar/avr-gcc/4.7.2/lib/gcc/avr/4.7.2/../../../../avr/lib/avr5/libc.a(eerd_word_atmega32u4.o)
                              obj_hhkb_lufa/common/eeconfig.o (__eerd_word_m32u4)
/usr/local/Cellar/avr-gcc/4.7.2/lib/gcc/avr/4.7.2/../../../../avr/lib/avr5/libc.a(eeupd_byte_atmega32u4.o)
                              obj_hhkb_lufa/protocol/lufa/LUFA-120730/LUFA/Drivers/USB/Core/AVR8/EndpointStream_AVR8.o (__eeupd_byte_m32u4)
/usr/local/Cellar/avr-gcc/4.7.2/lib/gcc/avr/4.7.2/../../../../avr/lib/avr5/libc.a(eewr_byte_atmega32u4.o)
                              obj_hhkb_lufa/common/eeconfig.o (__eewr_byte_m32u4)
/usr/local/Cellar/avr-gcc/4.7.2/lib/gcc/avr/4.7.2/../../../../avr/lib/avr5/libc.a(eewr_word_atmega32u4.o)
                              obj_hhkb_lufa/common/eeconfig.o (__eewr_word_m32u4)
/usr/local/Cellar/avr-gcc/4.7.2/lib/gcc/avr/4.7.2/../../../../avr/lib/avr5/libc.a(eerd_block_atmega32u4.o)
                              /usr/local/Cellar/avr-gcc/4.7.2/lib/gcc/avr/4.7.2/../../../../avr/lib/avr5/libc.a(eerd_word_atmega32u4.o) (__eerd_blraw_m32u4)

Allocating common symbols
[...]
Memory Configuration

Name             Origin             Length             Attributes
text             0x0000000000000000 0x0000000000020000 xr
data             0x0000000000800060 0x000000000000ffa0 rw !x
eeprom           0x0000000000810000 0x0000000000010000 rw !x
fuse             0x0000000000820000 0x0000000000000400 rw !x
lock             0x0000000000830000 0x0000000000000400 rw !x
signature        0x0000000000840000 0x0000000000000400 rw !x
*default*        0x0000000000000000 0xffffffffffffffff

Linker script and memory map

Address of section .data set to 0x800100
LOAD /usr/local/Cellar/avr-gcc/4.7.2/lib/gcc/avr/4.7.2/../../../../avr/lib/avr5/crtm32u4.o
LOAD obj_hhkb_lufa/keymap_jp.o
LOAD obj_hhkb_lufa/keymap_common.o
LOAD obj_hhkb_lufa/matrix.o
LOAD obj_hhkb_lufa/led.o
LOAD obj_hhkb_lufa/protocol/lufa/lufa.o
LOAD obj_hhkb_lufa/protocol/lufa/descriptor.o
LOAD obj_hhkb_lufa/protocol/lufa/LUFA-120730/LUFA/Drivers/USB/Core/AVR8/Device_AVR8.o
LOAD obj_hhkb_lufa/protocol/lufa/LUFA-120730/LUFA/Drivers/USB/Core/AVR8/Endpoint_AVR8.o
LOAD obj_hhkb_lufa/protocol/lufa/LUFA-120730/LUFA/Drivers/USB/Core/AVR8/Host_AVR8.o
LOAD obj_hhkb_lufa/protocol/lufa/LUFA-120730/LUFA/Drivers/USB/Core/AVR8/Pipe_AVR8.o
LOAD obj_hhkb_lufa/protocol/lufa/LUFA-120730/LUFA/Drivers/USB/Core/AVR8/USBController_AVR8.o
LOAD obj_hhkb_lufa/protocol/lufa/LUFA-120730/LUFA/Drivers/USB/Core/AVR8/USBInterrupt_AVR8.o
LOAD obj_hhkb_lufa/protocol/lufa/LUFA-120730/LUFA/Drivers/USB/Core/AVR8/EndpointStream_AVR8.o
LOAD obj_hhkb_lufa/protocol/lufa/LUFA-120730/LUFA/Drivers/USB/Core/AVR8/PipeStream_AVR8.o
LOAD obj_hhkb_lufa/protocol/lufa/LUFA-120730/LUFA/Drivers/USB/Core/ConfigDescriptors.o
LOAD obj_hhkb_lufa/protocol/lufa/LUFA-120730/LUFA/Drivers/USB/Core/DeviceStandardReq.o
LOAD obj_hhkb_lufa/protocol/lufa/LUFA-120730/LUFA/Drivers/USB/Core/Events.o
LOAD obj_hhkb_lufa/protocol/lufa/LUFA-120730/LUFA/Drivers/USB/Core/HostStandardReq.o
LOAD obj_hhkb_lufa/protocol/lufa/LUFA-120730/LUFA/Drivers/USB/Core/USBTask.o
LOAD obj_hhkb_lufa/protocol/lufa/LUFA-120730/LUFA/Drivers/USB/Class/Common/HIDParser.o
LOAD obj_hhkb_lufa/common/host.o
LOAD obj_hhkb_lufa/common/keyboard.o
LOAD obj_hhkb_lufa/common/action.o
LOAD obj_hhkb_lufa/common/action_tapping.o
LOAD obj_hhkb_lufa/common/action_macro.o
LOAD obj_hhkb_lufa/common/action_layer.o
LOAD obj_hhkb_lufa/common/action_util.o
LOAD obj_hhkb_lufa/common/keymap.o
LOAD obj_hhkb_lufa/common/timer.o
LOAD obj_hhkb_lufa/common/print.o
LOAD obj_hhkb_lufa/common/debug.o
LOAD obj_hhkb_lufa/common/bootloader.o
LOAD obj_hhkb_lufa/common/suspend.o
LOAD obj_hhkb_lufa/common/xprintf.o
LOAD obj_hhkb_lufa/common/util.o
LOAD obj_hhkb_lufa/common/bootmagic.o
LOAD obj_hhkb_lufa/common/eeconfig.o
LOAD obj_hhkb_lufa/common/mousekey.o
LOAD obj_hhkb_lufa/common/command.o
LOAD /usr/local/Cellar/avr-gcc/4.7.2/lib/gcc/avr/4.7.2/../../../../avr/lib/avr5/libm.a
LOAD /usr/local/Cellar/avr-gcc/4.7.2/lib/gcc/avr/4.7.2/avr5/libgcc.a
LOAD /usr/local/Cellar/avr-gcc/4.7.2/lib/gcc/avr/4.7.2/../../../../avr/lib/avr5/libc.a
LOAD /usr/local/Cellar/avr-gcc/4.7.2/lib/gcc/avr/4.7.2/avr5/libgcc.a

.hash
 *(.hash)

.dynsym
 *(.dynsym)

.dynstr
 *(.dynstr)

.gnu.version
 *(.gnu.version)

.gnu.version_d
 *(.gnu.version_d)

.gnu.version_r
 *(.gnu.version_r)

.rel.init
 *(.rel.init)

.rela.init
 *(.rela.init)

.rel.text
 *(.rel.text)
 *(.rel.text.*)
 *(.rel.gnu.linkonce.t*)

.rela.text
 *(.rela.text)
 *(.rela.text.*)
 *(.rela.gnu.linkonce.t*)

.rel.fini
 *(.rel.fini)

.rela.fini
 *(.rela.fini)

.rel.rodata
 *(.rel.rodata)
 *(.rel.rodata.*)
 *(.rel.gnu.linkonce.r*)

.rela.rodata
 *(.rela.rodata)
 *(.rela.rodata.*)
 *(.rela.gnu.linkonce.r*)

.rel.data
 *(.rel.data)
 *(.rel.data.*)
 *(.rel.gnu.linkonce.d*)

.rela.data
 *(.rela.data)
 *(.rela.data.*)
 *(.rela.gnu.linkonce.d*)

.rel.ctors
 *(.rel.ctors)

.rela.ctors
 *(.rela.ctors)

.rel.dtors
 *(.rel.dtors)

.rela.dtors
 *(.rela.dtors)

.rel.got
 *(.rel.got)

.rela.got
 *(.rela.got)

.rel.bss
 *(.rel.bss)

.rela.bss
 *(.rela.bss)

.rel.plt
 *(.rel.plt)

.rela.plt
 *(.rela.plt)

.text           0x0000000000000000     0x42ee
 *(.vectors)
 .vectors       0x0000000000000000       0xac /usr/local/Cellar/avr-gcc/4.7.2/lib/gcc/avr/4.7.2/../../../../avr/lib/avr5/crtm32u4.o
                0x0000000000000000                __vectors
                0x0000000000000000                __vector_default
 *(.vectors)
 *(.progmem.gcc*)
 .progmem.gcc_sw_table.command_proc
                0x00000000000000ac       0x86 obj_hhkb_lufa/common/command.o
 *(.progmem*)
 .progmem.data  0x0000000000000132      0x394 obj_hhkb_lufa/keymap_jp.o
                0x0000000000000132                fn_actions
                0x0000000000000146                keymaps
 .progmem.data  0x00000000000004c6        0xc obj_hhkb_lufa/matrix.o
 .progmem.data  0x00000000000004d2      0x1a2 obj_hhkb_lufa/protocol/lufa/descriptor.o
                0x00000000000004d2                ProductString
                0x00000000000004e6                ManufacturerString
                0x00000000000004f6                LanguageString
                0x00000000000004fa                ConfigurationDescriptor
                0x0000000000000567                DeviceDescriptor
                0x0000000000000579                NKROReport
                0x00000000000005b2                ExtrakeyReport
                0x00000000000005e8                MouseReport
                0x0000000000000635                KeyboardReport
 .progmem.data  0x0000000000000674       0x58 obj_hhkb_lufa/common/command.o
                0x00000000000006cc                . = ALIGN (0x2)
                0x00000000000006cc                __trampolines_start = .
 *(.trampolines)
 .trampolines   0x00000000000006cc        0x0 linker stubs
 *(.trampolines*)
                0x00000000000006cc                __trampolines_end = .
 *(.jumptables)
 *(.jumptables*)
 *(.lowtext)
 *(.lowtext*)
                0x00000000000006cc                __ctors_start = .
 *(.ctors)
                0x00000000000006cc                __ctors_end = .
                0x00000000000006cc                __dtors_start = .
 *(.dtors)
                0x00000000000006cc                __dtors_end = .
 SORT(*)(.ctors)
 SORT(*)(.dtors)
 *(.init0)
 .init0         0x00000000000006cc        0x0 /usr/local/Cellar/avr-gcc/4.7.2/lib/gcc/avr/4.7.2/../../../../avr/lib/avr5/crtm32u4.o
                0x00000000000006cc                __init
 *(.init0)
 *(.init1)
 *(.init1)
 *(.init2)
 .init2         0x00000000000006cc        0xc /usr/local/Cellar/avr-gcc/4.7.2/lib/gcc/avr/4.7.2/../../../../avr/lib/avr5/crtm32u4.o
 *(.init2)
 *(.init3)
 .init3         0x00000000000006d8       0x4e obj_hhkb_lufa/common/bootloader.o
                0x00000000000006d8                bootloader_jump_after_watchdog_reset
 *(.init3)
 *(.init4)
 .init4         0x0000000000000726       0x16 /usr/local/Cellar/avr-gcc/4.7.2/lib/gcc/avr/4.7.2/avr5/libgcc.a(_copy_data.o)
                0x0000000000000726                __do_copy_data
 .init4         0x000000000000073c       0x10 /usr/local/Cellar/avr-gcc/4.7.2/lib/gcc/avr/4.7.2/avr5/libgcc.a(_clear_bss.o)
                0x000000000000073c                __do_clear_bss
 *(.init4)
 *(.init5)
 *(.init5)
 *(.init6)
 *(.init6)
 *(.init7)
 *(.init7)
 *(.init8)
 *(.init8)
 *(.init9)
 .init9         0x000000000000074c        0x8 /usr/local/Cellar/avr-gcc/4.7.2/lib/gcc/avr/4.7.2/../../../../avr/lib/avr5/crtm32u4.o
 *(.init9)
 *(.text)
 .text          0x0000000000000754        0x4 /usr/local/Cellar/avr-gcc/4.7.2/lib/gcc/avr/4.7.2/../../../../avr/lib/avr5/crtm32u4.o
                0x0000000000000754                __vector_42
                0x0000000000000754                __vector_22
                0x0000000000000754                __vector_28
                0x0000000000000754                __vector_1
                0x0000000000000754                __vector_32
                0x0000000000000754                __vector_34
                0x0000000000000754                __vector_24
                0x0000000000000754                __bad_interrupt
                0x0000000000000754                __vector_6
                0x0000000000000754                __vector_31
                0x0000000000000754                __vector_35
                0x0000000000000754                __vector_39
                0x0000000000000754                __vector_3
                0x0000000000000754                __vector_23
                0x0000000000000754                __vector_30
                0x0000000000000754                __vector_25
                0x0000000000000754                __vector_11
                0x0000000000000754                __vector_13
                0x0000000000000754                __vector_17
                0x0000000000000754                __vector_19
                0x0000000000000754                __vector_7
                0x0000000000000754                __vector_41
                0x0000000000000754                __vector_27
                0x0000000000000754                __vector_5
                0x0000000000000754                __vector_33
                0x0000000000000754                __vector_37
                0x0000000000000754                __vector_4
                0x0000000000000754                __vector_9
                0x0000000000000754                __vector_2
                0x0000000000000754                __vector_15
                0x0000000000000754                __vector_36
                0x0000000000000754                __vector_29
                0x0000000000000754                __vector_40
                0x0000000000000754                __vector_8
                0x0000000000000754                __vector_26
                0x0000000000000754                __vector_14
                0x0000000000000754                __vector_16
                0x0000000000000754                __vector_18
                0x0000000000000754                __vector_20
                0x0000000000000754                __vector_38
 .text          0x0000000000000758      0x15c obj_hhkb_lufa/common/xprintf.o
                0x0000000000000758                xputc
                0x0000000000000770                xputs
                0x000000000000077e                xitoa
                0x00000000000008a2                __xprintf
                0x00000000000008b4                . = ALIGN (0x2)
 *(.text.*)
 .text.action_function
                0x00000000000008b4       0x44 obj_hhkb_lufa/keymap_jp.o
                0x00000000000008b4                action_function
 .text.keymap_key_to_keycode
                0x00000000000008f8       0x24 obj_hhkb_lufa/keymap_common.o
                0x00000000000008f8                keymap_key_to_keycode
 .text.keymap_fn_to_action
                0x000000000000091c       0x14 obj_hhkb_lufa/keymap_common.o
                0x000000000000091c                keymap_fn_to_action
 .text.matrix_init
                0x0000000000000930       0x54 obj_hhkb_lufa/matrix.o
                0x0000000000000930                matrix_init
 .text.matrix_scan
                0x0000000000000984      0x13c obj_hhkb_lufa/matrix.o
                0x0000000000000984                matrix_scan
 .text.matrix_get_row
                0x0000000000000ac0       0x10 obj_hhkb_lufa/matrix.o
                0x0000000000000ac0                matrix_get_row
 .text.matrix_print
                0x0000000000000ad0       0x50 obj_hhkb_lufa/matrix.o
                0x0000000000000ad0                matrix_print
 .text.led_set  0x0000000000000b20        0xe obj_hhkb_lufa/led.o
                0x0000000000000b20                led_set
 .text.keyboard_leds
                0x0000000000000b2e        0x6 obj_hhkb_lufa/protocol/lufa/lufa.o
 .text.send_consumer
                0x0000000000000b34       0x68 obj_hhkb_lufa/protocol/lufa/lufa.o
 .text.send_system
                0x0000000000000b9c       0x6a obj_hhkb_lufa/protocol/lufa/lufa.o
 .text.send_mouse
                0x0000000000000c06       0x48 obj_hhkb_lufa/protocol/lufa/lufa.o
 .text.send_keyboard
                0x0000000000000c4e       0x9e obj_hhkb_lufa/protocol/lufa/lufa.o
 .text.EVENT_USB_Device_Connect
                0x0000000000000cec        0x2 obj_hhkb_lufa/protocol/lufa/lufa.o
                0x0000000000000cec                EVENT_USB_Device_Connect
 .text.EVENT_USB_Device_Disconnect
                0x0000000000000cee        0x2 obj_hhkb_lufa/protocol/lufa/lufa.o
                0x0000000000000cee                EVENT_USB_Device_Disconnect
 .text.EVENT_USB_Device_Reset
                0x0000000000000cf0        0x2 obj_hhkb_lufa/protocol/lufa/lufa.o
                0x0000000000000cf0                EVENT_USB_Device_Reset
 .text.EVENT_USB_Device_Suspend
                0x0000000000000cf2        0x2 obj_hhkb_lufa/protocol/lufa/lufa.o
                0x0000000000000cf2                EVENT_USB_Device_Suspend
 .text.EVENT_USB_Device_WakeUp
                0x0000000000000cf4        0x4 obj_hhkb_lufa/protocol/lufa/lufa.o
                0x0000000000000cf4                EVENT_USB_Device_WakeUp
 .text.EVENT_USB_Device_StartOfFrame
                0x0000000000000cf8        0x2 obj_hhkb_lufa/protocol/lufa/lufa.o
                0x0000000000000cf8                EVENT_USB_Device_StartOfFrame
 .text.EVENT_USB_Device_ConfigurationChanged
                0x0000000000000cfa       0x28 obj_hhkb_lufa/protocol/lufa/lufa.o
                0x0000000000000cfa                EVENT_USB_Device_ConfigurationChanged
 .text.EVENT_USB_Device_ControlRequest
                0x0000000000000d22      0x174 obj_hhkb_lufa/protocol/lufa/lufa.o
                0x0000000000000d22                EVENT_USB_Device_ControlRequest
 .text.startup.main
                0x0000000000000e96       0x80 obj_hhkb_lufa/protocol/lufa/lufa.o
                0x0000000000000e96                main
 .text.CALLBACK_USB_GetDescriptor
                0x0000000000000f16       0xca obj_hhkb_lufa/protocol/lufa/descriptor.o
                0x0000000000000f16                CALLBACK_USB_GetDescriptor
 .text.USB_Device_SendRemoteWakeup
                0x0000000000000fe0       0x2c obj_hhkb_lufa/protocol/lufa/LUFA-120730/LUFA/Drivers/USB/Core/AVR8/Device_AVR8.o
                0x0000000000000fe0                USB_Device_SendRemoteWakeup
 .text.Endpoint_ConfigureEndpoint_Prv
                0x000000000000100c       0x6e obj_hhkb_lufa/protocol/lufa/LUFA-120730/LUFA/Drivers/USB/Core/AVR8/Endpoint_AVR8.o
                0x000000000000100c                Endpoint_ConfigureEndpoint_Prv
 .text.Endpoint_ClearStatusStage
                0x000000000000107a       0x42 obj_hhkb_lufa/protocol/lufa/LUFA-120730/LUFA/Drivers/USB/Core/AVR8/Endpoint_AVR8.o
                0x000000000000107a                Endpoint_ClearStatusStage
 .text.Endpoint_WaitUntilReady
                0x00000000000010bc       0x64 obj_hhkb_lufa/protocol/lufa/LUFA-120730/LUFA/Drivers/USB/Core/AVR8/Endpoint_AVR8.o
                0x00000000000010bc                Endpoint_WaitUntilReady
 .text.USB_Disable
                0x0000000000001120       0x34 obj_hhkb_lufa/protocol/lufa/LUFA-120730/LUFA/Drivers/USB/Core/AVR8/USBController_AVR8.o
                0x0000000000001120                USB_Disable
 .text.USB_ResetInterface
                0x0000000000001154       0x86 obj_hhkb_lufa/protocol/lufa/LUFA-120730/LUFA/Drivers/USB/Core/AVR8/USBController_AVR8.o
                0x0000000000001154                USB_ResetInterface
 .text.USB_Init
                0x00000000000011da       0x18 obj_hhkb_lufa/protocol/lufa/LUFA-120730/LUFA/Drivers/USB/Core/AVR8/USBController_AVR8.o
                0x00000000000011da                USB_Init
 .text.USB_INT_DisableAllInterrupts
                0x00000000000011f2       0x10 obj_hhkb_lufa/protocol/lufa/LUFA-120730/LUFA/Drivers/USB/Core/AVR8/USBInterrupt_AVR8.o
                0x00000000000011f2                USB_INT_DisableAllInterrupts
 .text.USB_INT_ClearAllInterrupts
                0x0000000000001202        0xa obj_hhkb_lufa/protocol/lufa/LUFA-120730/LUFA/Drivers/USB/Core/AVR8/USBInterrupt_AVR8.o
                0x0000000000001202                USB_INT_ClearAllInterrupts
 .text.__vector_10
                0x000000000000120c      0x196 obj_hhkb_lufa/protocol/lufa/LUFA-120730/LUFA/Drivers/USB/Core/AVR8/USBInterrupt_AVR8.o
                0x000000000000120c                __vector_10
 .text.Endpoint_Write_Stream_LE
                0x00000000000013a2       0xa2 obj_hhkb_lufa/protocol/lufa/LUFA-120730/LUFA/Drivers/USB/Core/AVR8/EndpointStream_AVR8.o
                0x00000000000013a2                Endpoint_Write_Stream_LE
 .text.Endpoint_Write_Control_Stream_LE
                0x0000000000001444       0xbe obj_hhkb_lufa/protocol/lufa/LUFA-120730/LUFA/Drivers/USB/Core/AVR8/EndpointStream_AVR8.o
                0x0000000000001444                Endpoint_Write_Control_Stream_LE
 .text.Endpoint_Write_Control_PStream_LE
                0x0000000000001502       0xc0 obj_hhkb_lufa/protocol/lufa/LUFA-120730/LUFA/Drivers/USB/Core/AVR8/EndpointStream_AVR8.o
                0x0000000000001502                Endpoint_Write_Control_PStream_LE
 .text.USB_Device_ProcessControlRequest
                0x00000000000015c2      0x2e0 obj_hhkb_lufa/protocol/lufa/LUFA-120730/LUFA/Drivers/USB/Core/DeviceStandardReq.o
                0x00000000000015c2                USB_Device_ProcessControlRequest
 .text.USB_USBTask
                0x00000000000018a2       0x3a obj_hhkb_lufa/protocol/lufa/LUFA-120730/LUFA/Drivers/USB/Core/USBTask.o
                0x00000000000018a2                USB_USBTask
 .text.host_set_driver
                0x00000000000018dc        0xa obj_hhkb_lufa/common/host.o
                0x00000000000018dc                host_set_driver
 .text.host_get_driver
                0x00000000000018e6        0xa obj_hhkb_lufa/common/host.o
                0x00000000000018e6                host_get_driver
 .text.host_keyboard_leds
                0x00000000000018f0       0x18 obj_hhkb_lufa/common/host.o
                0x00000000000018f0                host_keyboard_leds
 .text.host_keyboard_send
                0x0000000000001908       0x16 obj_hhkb_lufa/common/host.o
                0x0000000000001908                host_keyboard_send
 .text.host_mouse_send
                0x000000000000191e       0x16 obj_hhkb_lufa/common/host.o
                0x000000000000191e                host_mouse_send
 .text.host_system_send
                0x0000000000001934       0x2c obj_hhkb_lufa/common/host.o
                0x0000000000001934                host_system_send
 .text.host_consumer_send
                0x0000000000001960       0x2c obj_hhkb_lufa/common/host.o
                0x0000000000001960                host_consumer_send
 .text.keyboard_init
                0x000000000000198c        0xc obj_hhkb_lufa/common/keyboard.o
                0x000000000000198c                keyboard_init
 .text.keyboard_set_leds
                0x0000000000001998        0x4 obj_hhkb_lufa/common/keyboard.o
                0x0000000000001998                keyboard_set_leds
 .text.keyboard_task
                0x000000000000199c      0x146 obj_hhkb_lufa/common/keyboard.o
                0x000000000000199c                keyboard_task
 .text.action_exec
                0x0000000000001ae2       0x5c obj_hhkb_lufa/common/action.o
                0x0000000000001ae2                action_exec
 .text.register_code
                0x0000000000001b3e      0x13e obj_hhkb_lufa/common/action.o
                0x0000000000001b3e                register_code
 .text.unregister_code
                0x0000000000001c7c       0x52 obj_hhkb_lufa/common/action.o
                0x0000000000001c7c                unregister_code
 .text.register_mods
                0x0000000000001cce        0xe obj_hhkb_lufa/common/action.o
                0x0000000000001cce                register_mods
 .text.unregister_mods
                0x0000000000001cdc        0xe obj_hhkb_lufa/common/action.o
                0x0000000000001cdc                unregister_mods
 .text.process_action
                0x0000000000001cea      0x668 obj_hhkb_lufa/common/action.o
                0x0000000000001cea                process_action
 .text.clear_keyboard_but_mods
                0x0000000000002352       0x24 obj_hhkb_lufa/common/action.o
                0x0000000000002352                clear_keyboard_but_mods
 .text.clear_keyboard
                0x0000000000002376        0x8 obj_hhkb_lufa/common/action.o
                0x0000000000002376                clear_keyboard
 .text.is_tap_key
                0x000000000000237e       0x42 obj_hhkb_lufa/common/action.o
                0x000000000000237e                is_tap_key
 .text.debug_event
                0x00000000000023c0       0x1e obj_hhkb_lufa/common/action.o
                0x00000000000023c0                debug_event
 .text.debug_record
                0x00000000000023de       0x20 obj_hhkb_lufa/common/action.o
                0x00000000000023de                debug_record
 .text.debug_waiting_buffer
                0x00000000000023fe       0x42 obj_hhkb_lufa/common/action_tapping.o
 .text.debug_tapping_key
                0x0000000000002440       0x1c obj_hhkb_lufa/common/action_tapping.o
 .text.waiting_buffer_scan_tap
                0x000000000000245c       0xf0 obj_hhkb_lufa/common/action_tapping.o
 .text.process_tapping
                0x000000000000254c      0x3a2 obj_hhkb_lufa/common/action_tapping.o
 .text.action_tapping_process
                0x00000000000028ee      0x16c obj_hhkb_lufa/common/action_tapping.o
                0x00000000000028ee                action_tapping_process
 .text.action_macro_play
                0x0000000000002a5a       0xfe obj_hhkb_lufa/common/action_macro.o
                0x0000000000002a5a                action_macro_play
 .text.default_layer_state_set
                0x0000000000002b58       0x14 obj_hhkb_lufa/common/action_layer.o
 .text.layer_state_set
                0x0000000000002b6c       0x14 obj_hhkb_lufa/common/action_layer.o
 .text.default_layer_debug
                0x0000000000002b80        0x2 obj_hhkb_lufa/common/action_layer.o
                0x0000000000002b80                default_layer_debug
 .text.default_layer_set
                0x0000000000002b82        0x4 obj_hhkb_lufa/common/action_layer.o
                0x0000000000002b82                default_layer_set
 .text.default_layer_or
                0x0000000000002b86       0x24 obj_hhkb_lufa/common/action_layer.o
                0x0000000000002b86                default_layer_or
 .text.default_layer_and
                0x0000000000002baa       0x24 obj_hhkb_lufa/common/action_layer.o
                0x0000000000002baa                default_layer_and
 .text.default_layer_xor
                0x0000000000002bce       0x24 obj_hhkb_lufa/common/action_layer.o
                0x0000000000002bce                default_layer_xor
 .text.layer_clear
                0x0000000000002bf2        0xa obj_hhkb_lufa/common/action_layer.o
                0x0000000000002bf2                layer_clear
 .text.layer_move
                0x0000000000002bfc       0x1e obj_hhkb_lufa/common/action_layer.o
                0x0000000000002bfc                layer_move
 .text.layer_on
                0x0000000000002c1a       0x36 obj_hhkb_lufa/common/action_layer.o
                0x0000000000002c1a                layer_on
 .text.layer_off
                0x0000000000002c50       0x3e obj_hhkb_lufa/common/action_layer.o
                0x0000000000002c50                layer_off
 .text.layer_invert
                0x0000000000002c8e       0x36 obj_hhkb_lufa/common/action_layer.o
                0x0000000000002c8e                layer_invert
 .text.layer_or
                0x0000000000002cc4       0x24 obj_hhkb_lufa/common/action_layer.o
                0x0000000000002cc4                layer_or
 .text.layer_and
                0x0000000000002ce8       0x24 obj_hhkb_lufa/common/action_layer.o
                0x0000000000002ce8                layer_and
 .text.layer_xor
                0x0000000000002d0c       0x24 obj_hhkb_lufa/common/action_layer.o
                0x0000000000002d0c                layer_xor
 .text.layer_debug
                0x0000000000002d30        0x2 obj_hhkb_lufa/common/action_layer.o
                0x0000000000002d30                layer_debug
 .text.layer_switch_get_action
                0x0000000000002d32       0x86 obj_hhkb_lufa/common/action_layer.o
                0x0000000000002d32                layer_switch_get_action
 .text.add_key  0x0000000000002db8       0x7a obj_hhkb_lufa/common/action_util.o
                0x0000000000002db8                add_key
 .text.del_key  0x0000000000002e32       0x5e obj_hhkb_lufa/common/action_util.o
                0x0000000000002e32                del_key
 .text.clear_keys
                0x0000000000002e90       0x1c obj_hhkb_lufa/common/action_util.o
                0x0000000000002e90                clear_keys
 .text.add_mods
                0x0000000000002eac        0xc obj_hhkb_lufa/common/action_util.o
                0x0000000000002eac                add_mods
 .text.del_mods
                0x0000000000002eb8        0xe obj_hhkb_lufa/common/action_util.o
                0x0000000000002eb8                del_mods
 .text.clear_mods
                0x0000000000002ec6        0x6 obj_hhkb_lufa/common/action_util.o
                0x0000000000002ec6                clear_mods
 .text.add_weak_mods
                0x0000000000002ecc        0xc obj_hhkb_lufa/common/action_util.o
                0x0000000000002ecc                add_weak_mods
 .text.del_weak_mods
                0x0000000000002ed8        0xe obj_hhkb_lufa/common/action_util.o
                0x0000000000002ed8                del_weak_mods
 .text.clear_weak_mods
                0x0000000000002ee6        0x6 obj_hhkb_lufa/common/action_util.o
                0x0000000000002ee6                clear_weak_mods
 .text.set_oneshot_mods
                0x0000000000002eec       0x12 obj_hhkb_lufa/common/action_util.o
                0x0000000000002eec                set_oneshot_mods
 .text.clear_oneshot_mods
                0x0000000000002efe        0xe obj_hhkb_lufa/common/action_util.o
                0x0000000000002efe                clear_oneshot_mods
 .text.has_anykey
                0x0000000000002f0c       0x26 obj_hhkb_lufa/common/action_util.o
                0x0000000000002f0c                has_anykey
 .text.send_keyboard_report
                0x0000000000002f32       0x9a obj_hhkb_lufa/common/action_util.o
                0x0000000000002f32                send_keyboard_report
 .text.keycode_to_action
                0x0000000000002fcc      0x14e obj_hhkb_lufa/common/keymap.o
 .text.action_for_key
                0x000000000000311a       0xf4 obj_hhkb_lufa/common/keymap.o
                0x000000000000311a                action_for_key
 .text.action_get_macro
                0x000000000000320e        0x6 obj_hhkb_lufa/common/keymap.o
                0x000000000000320e                action_get_macro
 .text.timer_init
                0x0000000000003214       0x12 obj_hhkb_lufa/common/timer.o
                0x0000000000003214                timer_init
 .text.timer_read
                0x0000000000003226       0x1a obj_hhkb_lufa/common/timer.o
                0x0000000000003226                timer_read
 .text.timer_elapsed
                0x0000000000003240       0x5c obj_hhkb_lufa/common/timer.o
                0x0000000000003240                timer_elapsed
 .text.__vector_21
                0x000000000000329c       0x4a obj_hhkb_lufa/common/timer.o
                0x000000000000329c                __vector_21
 .text.bootloader_jump
                0x00000000000032e6       0x46 obj_hhkb_lufa/common/bootloader.o
                0x00000000000032e6                bootloader_jump
 .text.suspend_power_down
                0x000000000000332c       0x44 obj_hhkb_lufa/common/suspend.o
                0x000000000000332c                suspend_power_down
 .text.suspend_wakeup_condition
                0x0000000000003370       0x20 obj_hhkb_lufa/common/suspend.o
                0x0000000000003370                suspend_wakeup_condition
 .text.suspend_wakeup_init
                0x0000000000003390        0x4 obj_hhkb_lufa/common/suspend.o
                0x0000000000003390                suspend_wakeup_init
 .text.__vector_12
                0x0000000000003394       0x14 obj_hhkb_lufa/common/suspend.o
                0x0000000000003394                __vector_12
 .text.bitrev   0x00000000000033a8       0x24 obj_hhkb_lufa/common/util.o
                0x00000000000033a8                bitrev
 .text.scan_keycode
                0x00000000000033cc       0x66 obj_hhkb_lufa/common/bootmagic.o
 .text.bootmagic_scan_keycode
                0x0000000000003432       0x1c obj_hhkb_lufa/common/bootmagic.o
                0x0000000000003432                bootmagic_scan_keycode
 .text.bootmagic
                0x000000000000344e      0x256 obj_hhkb_lufa/common/bootmagic.o
                0x000000000000344e                bootmagic
 .text.eeconfig_init
                0x00000000000036a4       0x34 obj_hhkb_lufa/common/eeconfig.o
                0x00000000000036a4                eeconfig_init
 .text.eeconfig_is_enabled
                0x00000000000036d8       0x16 obj_hhkb_lufa/common/eeconfig.o
                0x00000000000036d8                eeconfig_is_enabled
 .text.eeconfig_read_debug
                0x00000000000036ee        0x8 obj_hhkb_lufa/common/eeconfig.o
                0x00000000000036ee                eeconfig_read_debug
 .text.eeconfig_write_debug
                0x00000000000036f6        0xa obj_hhkb_lufa/common/eeconfig.o
                0x00000000000036f6                eeconfig_write_debug
 .text.eeconfig_read_default_layer
                0x0000000000003700        0x8 obj_hhkb_lufa/common/eeconfig.o
                0x0000000000003700                eeconfig_read_default_layer
 .text.eeconfig_write_default_layer
                0x0000000000003708        0xa obj_hhkb_lufa/common/eeconfig.o
                0x0000000000003708                eeconfig_write_default_layer
 .text.eeconfig_read_keymap
                0x0000000000003712        0x8 obj_hhkb_lufa/common/eeconfig.o
                0x0000000000003712                eeconfig_read_keymap
 .text.eeconfig_write_keymap
                0x000000000000371a        0xa obj_hhkb_lufa/common/eeconfig.o
                0x000000000000371a                eeconfig_write_keymap
 .text.move_unit
                0x0000000000003724       0x90 obj_hhkb_lufa/common/mousekey.o
 .text.wheel_unit
                0x00000000000037b4       0x72 obj_hhkb_lufa/common/mousekey.o
 .text.mousekey_on
                0x0000000000003826       0xd0 obj_hhkb_lufa/common/mousekey.o
                0x0000000000003826                mousekey_on
 .text.mousekey_off
                0x00000000000038f6      0x10e obj_hhkb_lufa/common/mousekey.o
                0x00000000000038f6                mousekey_off
 .text.mousekey_send
                0x0000000000003a04       0x16 obj_hhkb_lufa/common/mousekey.o
                0x0000000000003a04                mousekey_send
 .text.mousekey_task
                0x0000000000003a1a      0x142 obj_hhkb_lufa/common/mousekey.o
                0x0000000000003a1a                mousekey_task
 .text.mousekey_clear
                0x0000000000003b5c       0x18 obj_hhkb_lufa/common/mousekey.o
                0x0000000000003b5c                mousekey_clear
 .text.mousekey_param_inc
                0x0000000000003b74       0xee obj_hhkb_lufa/common/command.o
 .text.mousekey_param_dec
                0x0000000000003c62       0xa4 obj_hhkb_lufa/common/command.o
 .text.switch_default_layer
                0x0000000000003d06       0x22 obj_hhkb_lufa/common/command.o
 .text.command_extra
                0x0000000000003d28        0x4 obj_hhkb_lufa/common/command.o
                0x0000000000003d28                command_extra
 .text.command_proc
                0x0000000000003d2c      0x2bc obj_hhkb_lufa/common/command.o
                0x0000000000003d2c                command_proc
 .text.avr-libc.fplib
                0x0000000000003fe8        0xa /usr/local/Cellar/avr-gcc/4.7.2/lib/gcc/avr/4.7.2/../../../../avr/lib/avr5/libm.a(fixsfsi.o)
                0x0000000000003fe8                __fixsfsi
 .text.avr-libc.fplib
                0x0000000000003ff2       0x58 /usr/local/Cellar/avr-gcc/4.7.2/lib/gcc/avr/4.7.2/../../../../avr/lib/avr5/libm.a(fixunssfsi.o)
                0x0000000000003ff2                __fixunssfsi
 .text.avr-libc.fplib
                0x000000000000404a       0x7a /usr/local/Cellar/avr-gcc/4.7.2/lib/gcc/avr/4.7.2/../../../../avr/lib/avr5/libm.a(floatsisf.o)
                0x000000000000404a                __floatunsisf
                0x000000000000404e                __floatsisf
 .text.avr-libc.fplib
                0x00000000000040c4       0x44 /usr/local/Cellar/avr-gcc/4.7.2/lib/gcc/avr/4.7.2/../../../../avr/lib/avr5/libm.a(fp_split3.o)
                0x00000000000040c4                __fp_split3
                0x00000000000040d4                __fp_splitA
 .text.avr-libc.fplib
                0x0000000000004108        0xe /usr/local/Cellar/avr-gcc/4.7.2/lib/gcc/avr/4.7.2/../../../../avr/lib/avr5/libm.a(fp_zero.o)
                0x0000000000004108                __fp_zero
                0x000000000000410a                __fp_szero
 .text.avr-libc.fplib
                0x0000000000004116        0x4 /usr/local/Cellar/avr-gcc/4.7.2/lib/gcc/avr/4.7.2/../../../../avr/lib/avr5/libm.a(mulsf3.o)
                0x0000000000004116                __mulsf3
 .text.avr-libc.fplib
                0x000000000000411a       0xc2 /usr/local/Cellar/avr-gcc/4.7.2/lib/gcc/avr/4.7.2/../../../../avr/lib/avr5/libm.a(mulsf3x.o)
                0x000000000000412e                __mulsf3x
                0x0000000000004132                __mulsf3_pse
 .text.avr-libc.fplib
                0x00000000000041dc        0xc /usr/local/Cellar/avr-gcc/4.7.2/lib/gcc/avr/4.7.2/../../../../avr/lib/avr5/libm.a(fp_inf.o)
                0x00000000000041dc                __fp_inf
 .text.avr-libc.fplib
                0x00000000000041e8        0x6 /usr/local/Cellar/avr-gcc/4.7.2/lib/gcc/avr/4.7.2/../../../../avr/lib/avr5/libm.a(fp_nan.o)
                0x00000000000041e8                __fp_nan
 .text.avr-libc.fplib
                0x00000000000041ee        0xe /usr/local/Cellar/avr-gcc/4.7.2/lib/gcc/avr/4.7.2/../../../../avr/lib/avr5/libm.a(fp_pscA.o)
                0x00000000000041ee                __fp_pscA
 .text.avr-libc.fplib
                0x00000000000041fc        0xe /usr/local/Cellar/avr-gcc/4.7.2/lib/gcc/avr/4.7.2/../../../../avr/lib/avr5/libm.a(fp_pscB.o)
                0x00000000000041fc                __fp_pscB
 .text.avr-libc.fplib
                0x000000000000420a       0x22 /usr/local/Cellar/avr-gcc/4.7.2/lib/gcc/avr/4.7.2/../../../../avr/lib/avr5/libm.a(fp_round.o)
                0x000000000000420a                __fp_round
 .text.libgcc.div
                0x000000000000422c       0x28 /usr/local/Cellar/avr-gcc/4.7.2/lib/gcc/avr/4.7.2/avr5/libgcc.a(_divmodhi4.o)
                0x000000000000422c                __divmodhi4
                0x000000000000422c                _div
 .text.libgcc   0x0000000000004254        0xc /usr/local/Cellar/avr-gcc/4.7.2/lib/gcc/avr/4.7.2/avr5/libgcc.a(_tablejump.o)
                0x0000000000004254                __tablejump2__
                0x0000000000004258                __tablejump__
 .text.libgcc.div
                0x0000000000004260       0x28 /usr/local/Cellar/avr-gcc/4.7.2/lib/gcc/avr/4.7.2/avr5/libgcc.a(_udivmodhi4.o)
                0x0000000000004260                __udivmodhi4
 .text.avr-libc
                0x0000000000004288       0x10 /usr/local/Cellar/avr-gcc/4.7.2/lib/gcc/avr/4.7.2/../../../../avr/lib/avr5/libc.a(eerd_byte_atmega32u4.o)
                0x0000000000004288                __eerd_byte_m32u4
 .text.avr-libc
                0x0000000000004298        0xc /usr/local/Cellar/avr-gcc/4.7.2/lib/gcc/avr/4.7.2/../../../../avr/lib/avr5/libc.a(eerd_word_atmega32u4.o)
                0x0000000000004298                __eerd_word_m32u4
 .text.avr-libc
                0x00000000000042a4       0x1c /usr/local/Cellar/avr-gcc/4.7.2/lib/gcc/avr/4.7.2/../../../../avr/lib/avr5/libc.a(eewr_byte_atmega32u4.o)
                0x00000000000042a4                __eewr_byte_m32u4
                0x00000000000042a6                __eewr_r18_m32u4
 .text.avr-libc
                0x00000000000042c0        0xa /usr/local/Cellar/avr-gcc/4.7.2/lib/gcc/avr/4.7.2/../../../../avr/lib/avr5/libc.a(eewr_word_atmega32u4.o)
                0x00000000000042c0                __eewr_word_m32u4
 .text.avr-libc
                0x00000000000042ca       0x20 /usr/local/Cellar/avr-gcc/4.7.2/lib/gcc/avr/4.7.2/../../../../avr/lib/avr5/libc.a(eerd_block_atmega32u4.o)
                0x00000000000042ca                __eerd_block_m32u4
                0x00000000000042ce                __eerd_blraw_m32u4
                0x00000000000042ea                . = ALIGN (0x2)
 *(.fini9)
 .fini9         0x00000000000042ea        0x0 /usr/local/Cellar/avr-gcc/4.7.2/lib/gcc/avr/4.7.2/avr5/libgcc.a(_exit.o)
                0x00000000000042ea                exit
                0x00000000000042ea                _exit
 *(.fini9)
 *(.fini8)
 *(.fini8)
 *(.fini7)
 *(.fini7)
 *(.fini6)
 *(.fini6)
 *(.fini5)
 *(.fini5)
 *(.fini4)
 *(.fini4)
 *(.fini3)
 *(.fini3)
 *(.fini2)
 *(.fini2)
 *(.fini1)
 *(.fini1)
 *(.fini0)
 .fini0         0x00000000000042ea        0x4 /usr/local/Cellar/avr-gcc/4.7.2/lib/gcc/avr/4.7.2/avr5/libgcc.a(_exit.o)
 *(.fini0)
                0x00000000000042ee                _etext = .

.data           0x0000000000800100       0x32 load address 0x00000000000042ee
                0x0000000000800100                PROVIDE (__data_start, .)
 *(.data)
 .data          0x0000000000800100        0x0 /usr/local/Cellar/avr-gcc/4.7.2/lib/gcc/avr/4.7.2/../../../../avr/lib/avr5/crtm32u4.o
 .data          0x0000000000800100        0x0 obj_hhkb_lufa/keymap_jp.o
 .data          0x0000000000800100        0x0 obj_hhkb_lufa/keymap_common.o
 .data          0x0000000000800100        0x0 obj_hhkb_lufa/matrix.o
 .data          0x0000000000800100        0x0 obj_hhkb_lufa/led.o
 .data          0x0000000000800100        0xb obj_hhkb_lufa/protocol/lufa/lufa.o
                0x0000000000800100                lufa_driver
                0x000000000080010a                keyboard_protocol
 .data          0x000000000080010b        0x0 obj_hhkb_lufa/protocol/lufa/descriptor.o
 .data          0x000000000080010b        0x0 obj_hhkb_lufa/protocol/lufa/LUFA-120730/LUFA/Drivers/USB/Core/AVR8/Device_AVR8.o
 .data          0x000000000080010b        0x0 obj_hhkb_lufa/protocol/lufa/LUFA-120730/LUFA/Drivers/USB/Core/AVR8/Endpoint_AVR8.o
 .data          0x000000000080010b        0x0 obj_hhkb_lufa/protocol/lufa/LUFA-120730/LUFA/Drivers/USB/Core/AVR8/Host_AVR8.o
 .data          0x000000000080010b        0x0 obj_hhkb_lufa/protocol/lufa/LUFA-120730/LUFA/Drivers/USB/Core/AVR8/Pipe_AVR8.o
 .data          0x000000000080010b        0x0 obj_hhkb_lufa/protocol/lufa/LUFA-120730/LUFA/Drivers/USB/Core/AVR8/USBController_AVR8.o
 .data          0x000000000080010b        0x0 obj_hhkb_lufa/protocol/lufa/LUFA-120730/LUFA/Drivers/USB/Core/AVR8/USBInterrupt_AVR8.o
 .data          0x000000000080010b        0x0 obj_hhkb_lufa/protocol/lufa/LUFA-120730/LUFA/Drivers/USB/Core/AVR8/EndpointStream_AVR8.o
 .data          0x000000000080010b        0x0 obj_hhkb_lufa/protocol/lufa/LUFA-120730/LUFA/Drivers/USB/Core/AVR8/PipeStream_AVR8.o
 .data          0x000000000080010b        0x0 obj_hhkb_lufa/protocol/lufa/LUFA-120730/LUFA/Drivers/USB/Core/ConfigDescriptors.o
 .data          0x000000000080010b        0x0 obj_hhkb_lufa/protocol/lufa/LUFA-120730/LUFA/Drivers/USB/Core/DeviceStandardReq.o
 .data          0x000000000080010b        0x0 obj_hhkb_lufa/protocol/lufa/LUFA-120730/LUFA/Drivers/USB/Core/Events.o
 .data          0x000000000080010b        0x0 obj_hhkb_lufa/protocol/lufa/LUFA-120730/LUFA/Drivers/USB/Core/HostStandardReq.o
 .data          0x000000000080010b        0x0 obj_hhkb_lufa/protocol/lufa/LUFA-120730/LUFA/Drivers/USB/Core/USBTask.o
 .data          0x000000000080010b        0x0 obj_hhkb_lufa/protocol/lufa/LUFA-120730/LUFA/Drivers/USB/Class/Common/HIDParser.o
 .data          0x000000000080010b        0x1 obj_hhkb_lufa/common/host.o
                0x000000000080010b                keyboard_nkro
 .data          0x000000000080010c        0x0 obj_hhkb_lufa/common/keyboard.o
 .data          0x000000000080010c        0x0 obj_hhkb_lufa/common/action.o
 .data          0x000000000080010c        0x0 obj_hhkb_lufa/common/action_tapping.o
 .data          0x000000000080010c        0x0 obj_hhkb_lufa/common/action_macro.o
 .data          0x000000000080010c        0x0 obj_hhkb_lufa/common/action_layer.o
 .data          0x000000000080010c        0x2 obj_hhkb_lufa/common/action_util.o
                0x000000000080010c                keyboard_report
 .data          0x000000000080010e        0x0 obj_hhkb_lufa/common/keymap.o
 .data          0x000000000080010e        0x0 obj_hhkb_lufa/common/timer.o
 .data          0x000000000080010e        0x0 obj_hhkb_lufa/common/print.o
 .data          0x000000000080010e        0x0 obj_hhkb_lufa/common/debug.o
 .data          0x000000000080010e        0x0 obj_hhkb_lufa/common/bootloader.o
 .data          0x000000000080010e        0x0 obj_hhkb_lufa/common/suspend.o
 .data          0x000000000080010e        0x0 obj_hhkb_lufa/common/xprintf.o
 .data          0x000000000080010e        0x0 obj_hhkb_lufa/common/util.o
 .data          0x000000000080010e        0x0 obj_hhkb_lufa/common/bootmagic.o
 .data          0x000000000080010e        0x0 obj_hhkb_lufa/common/eeconfig.o
 .data          0x000000000080010e        0x6 obj_hhkb_lufa/common/mousekey.o
                0x000000000080010e                mk_wheel_time_to_max
                0x000000000080010f                mk_wheel_max_speed
                0x0000000000800110                mk_time_to_max
                0x0000000000800111                mk_max_speed
                0x0000000000800112                mk_interval
                0x0000000000800113                mk_delay
 .data          0x0000000000800114        0x0 obj_hhkb_lufa/common/command.o
 .data          0x0000000000800114        0x0 /usr/local/Cellar/avr-gcc/4.7.2/lib/gcc/avr/4.7.2/../../../../avr/lib/avr5/libm.a(fixsfsi.o)
 .data          0x0000000000800114        0x0 /usr/local/Cellar/avr-gcc/4.7.2/lib/gcc/avr/4.7.2/../../../../avr/lib/avr5/libm.a(fixunssfsi.o)
 .data          0x0000000000800114        0x0 /usr/local/Cellar/avr-gcc/4.7.2/lib/gcc/avr/4.7.2/../../../../avr/lib/avr5/libm.a(floatsisf.o)
 .data          0x0000000000800114        0x0 /usr/local/Cellar/avr-gcc/4.7.2/lib/gcc/avr/4.7.2/../../../../avr/lib/avr5/libm.a(fp_split3.o)
 .data          0x0000000000800114        0x0 /usr/local/Cellar/avr-gcc/4.7.2/lib/gcc/avr/4.7.2/../../../../avr/lib/avr5/libm.a(fp_zero.o)
 .data          0x0000000000800114        0x0 /usr/local/Cellar/avr-gcc/4.7.2/lib/gcc/avr/4.7.2/../../../../avr/lib/avr5/libm.a(mulsf3.o)
 .data          0x0000000000800114        0x0 /usr/local/Cellar/avr-gcc/4.7.2/lib/gcc/avr/4.7.2/../../../../avr/lib/avr5/libm.a(mulsf3x.o)
 .data          0x0000000000800114        0x0 /usr/local/Cellar/avr-gcc/4.7.2/lib/gcc/avr/4.7.2/../../../../avr/lib/avr5/libm.a(fp_inf.o)
 .data          0x0000000000800114        0x0 /usr/local/Cellar/avr-gcc/4.7.2/lib/gcc/avr/4.7.2/../../../../avr/lib/avr5/libm.a(fp_nan.o)
 .data          0x0000000000800114        0x0 /usr/local/Cellar/avr-gcc/4.7.2/lib/gcc/avr/4.7.2/../../../../avr/lib/avr5/libm.a(fp_pscA.o)
 .data          0x0000000000800114        0x0 /usr/local/Cellar/avr-gcc/4.7.2/lib/gcc/avr/4.7.2/../../../../avr/lib/avr5/libm.a(fp_pscB.o)
 .data          0x0000000000800114        0x0 /usr/local/Cellar/avr-gcc/4.7.2/lib/gcc/avr/4.7.2/../../../../avr/lib/avr5/libm.a(fp_round.o)
 .data          0x0000000000800114        0x0 /usr/local/Cellar/avr-gcc/4.7.2/lib/gcc/avr/4.7.2/avr5/libgcc.a(_divmodhi4.o)
 .data          0x0000000000800114        0x0 /usr/local/Cellar/avr-gcc/4.7.2/lib/gcc/avr/4.7.2/avr5/libgcc.a(_exit.o)
 .data          0x0000000000800114        0x0 /usr/local/Cellar/avr-gcc/4.7.2/lib/gcc/avr/4.7.2/avr5/libgcc.a(_tablejump.o)
 .data          0x0000000000800114        0x0 /usr/local/Cellar/avr-gcc/4.7.2/lib/gcc/avr/4.7.2/avr5/libgcc.a(_copy_data.o)
 .data          0x0000000000800114        0x0 /usr/local/Cellar/avr-gcc/4.7.2/lib/gcc/avr/4.7.2/avr5/libgcc.a(_clear_bss.o)
 .data          0x0000000000800114        0x0 /usr/local/Cellar/avr-gcc/4.7.2/lib/gcc/avr/4.7.2/avr5/libgcc.a(_udivmodhi4.o)
 .data          0x0000000000800114        0x0 /usr/local/Cellar/avr-gcc/4.7.2/lib/gcc/avr/4.7.2/../../../../avr/lib/avr5/libc.a(eerd_byte_atmega32u4.o)
 .data          0x0000000000800114        0x0 /usr/local/Cellar/avr-gcc/4.7.2/lib/gcc/avr/4.7.2/../../../../avr/lib/avr5/libc.a(eerd_word_atmega32u4.o)
 .data          0x0000000000800114        0x0 /usr/local/Cellar/avr-gcc/4.7.2/lib/gcc/avr/4.7.2/../../../../avr/lib/avr5/libc.a(eeupd_byte_atmega32u4.o)
 .data          0x0000000000800114        0x0 /usr/local/Cellar/avr-gcc/4.7.2/lib/gcc/avr/4.7.2/../../../../avr/lib/avr5/libc.a(eewr_byte_atmega32u4.o)
 .data          0x0000000000800114        0x0 /usr/local/Cellar/avr-gcc/4.7.2/lib/gcc/avr/4.7.2/../../../../avr/lib/avr5/libc.a(eewr_word_atmega32u4.o)
 .data          0x0000000000800114        0x0 /usr/local/Cellar/avr-gcc/4.7.2/lib/gcc/avr/4.7.2/../../../../avr/lib/avr5/libc.a(eerd_block_atmega32u4.o)
 *(.data*)
 *(.rodata)
 .rodata        0x0000000000800114       0x14 obj_hhkb_lufa/protocol/lufa/descriptor.o
 .rodata        0x0000000000800128        0xa obj_hhkb_lufa/common/command.o
 *(.rodata*)
 *(.gnu.linkonce.d*)
                0x0000000000800132                . = ALIGN (0x2)
                0x0000000000800132                _edata = .
                0x0000000000800132                PROVIDE (__data_end, .)

.bss            0x0000000000800132       0xc4
                0x0000000000800132                PROVIDE (__bss_start, .)
 *(.bss)
 .bss           0x0000000000800132       0x24 obj_hhkb_lufa/matrix.o
 .bss           0x0000000000800156       0x12 obj_hhkb_lufa/protocol/lufa/lufa.o
                0x0000000000800156                keyboard_idle
 .bss           0x0000000000800168        0x6 obj_hhkb_lufa/common/host.o
 .bss           0x000000000080016e       0x11 obj_hhkb_lufa/common/keyboard.o
 .bss           0x000000000080017f       0x38 obj_hhkb_lufa/common/action_tapping.o
 .bss           0x00000000008001b7        0x8 obj_hhkb_lufa/common/action_layer.o
                0x00000000008001b7                layer_state
                0x00000000008001bb                default_layer_state
 .bss           0x00000000008001bf       0x15 obj_hhkb_lufa/common/action_util.o
 .bss           0x00000000008001d4        0x4 obj_hhkb_lufa/common/timer.o
                0x00000000008001d4                timer_count
 .bss           0x00000000008001d8        0x1 obj_hhkb_lufa/common/debug.o
                0x00000000008001d8                debug_config
 .bss           0x00000000008001d9        0x2 obj_hhkb_lufa/common/xprintf.o
                0x00000000008001d9                xfunc_out
 .bss           0x00000000008001db        0x9 obj_hhkb_lufa/common/mousekey.o
 .bss           0x00000000008001e4        0x4 obj_hhkb_lufa/common/command.o
 *(.bss*)
 *(COMMON)
 COMMON         0x00000000008001e8        0x1 obj_hhkb_lufa/keymap_jp.o
                0x00000000008001e8                keymap_config
 COMMON         0x00000000008001e9        0x3 obj_hhkb_lufa/protocol/lufa/LUFA-120730/LUFA/Drivers/USB/Core/DeviceStandardReq.o
                0x00000000008001e9                USB_Device_ConfigurationNumber
                0x00000000008001ea                USB_Device_CurrentlySelfPowered
                0x00000000008001eb                USB_Device_RemoteWakeupEnabled
 COMMON         0x00000000008001ec        0xa obj_hhkb_lufa/protocol/lufa/LUFA-120730/LUFA/Drivers/USB/Core/USBTask.o
                0x00000000008001ec                USB_IsInitialized
                0x00000000008001ed                USB_DeviceState
                0x00000000008001ee                USB_ControlRequest
                0x00000000008001f6                PROVIDE (__bss_end, .)
                0x00000000000042ee                __data_load_start = LOADADDR (.data)
                0x0000000000004320                __data_load_end = (__data_load_start + SIZEOF (.data))

.noinit         0x00000000008001f6        0x4
                0x00000000008001f6                PROVIDE (__noinit_start, .)
 *(.noinit*)
 .noinit        0x00000000008001f6        0x4 obj_hhkb_lufa/common/bootloader.o
                0x00000000008001f6                reset_key
                0x00000000008001fa                PROVIDE (__noinit_end, .)
                0x00000000008001fa                _end = .
                0x00000000008001fa                PROVIDE (__heap_start, .)

.eeprom         0x0000000000810000        0x0
 *(.eeprom*)
                0x0000000000810000                __eeprom_end = .

.fuse
 *(.fuse)
 *(.lfuse)
 *(.hfuse)
 *(.efuse)

.lock
 *(.lock*)

.signature
 *(.signature*)

.stab           0x0000000000000000     0x23dc
 *(.stab)
 .stab          0x0000000000000000      0x6cc /usr/local/Cellar/avr-gcc/4.7.2/lib/gcc/avr/4.7.2/../../../../avr/lib/avr5/crtm32u4.o
 .stab          0x00000000000006cc      0x8ac obj_hhkb_lufa/common/xprintf.o
                                        0x8b8 (size before relaxing)
 .stab          0x0000000000000f78       0x6c /usr/local/Cellar/avr-gcc/4.7.2/lib/gcc/avr/4.7.2/../../../../avr/lib/avr5/libm.a(fixsfsi.o)
                                         0x78 (size before relaxing)
 .stab          0x0000000000000fe4      0x240 /usr/local/Cellar/avr-gcc/4.7.2/lib/gcc/avr/4.7.2/../../../../avr/lib/avr5/libm.a(fixunssfsi.o)
                                        0x24c (size before relaxing)
 .stab          0x0000000000001224      0x318 /usr/local/Cellar/avr-gcc/4.7.2/lib/gcc/avr/4.7.2/../../../../avr/lib/avr5/libm.a(floatsisf.o)
                                        0x324 (size before relaxing)
 .stab          0x000000000000153c      0x1d4 /usr/local/Cellar/avr-gcc/4.7.2/lib/gcc/avr/4.7.2/../../../../avr/lib/avr5/libm.a(fp_split3.o)
                                        0x1e0 (size before relaxing)
 .stab          0x0000000000001710       0x90 /usr/local/Cellar/avr-gcc/4.7.2/lib/gcc/avr/4.7.2/../../../../avr/lib/avr5/libm.a(fp_zero.o)
                                         0x9c (size before relaxing)
 .stab          0x00000000000017a0       0x48 /usr/local/Cellar/avr-gcc/4.7.2/lib/gcc/avr/4.7.2/../../../../avr/lib/avr5/libm.a(mulsf3.o)
                                         0x54 (size before relaxing)
 .stab          0x00000000000017e8      0x4d4 /usr/local/Cellar/avr-gcc/4.7.2/lib/gcc/avr/4.7.2/../../../../avr/lib/avr5/libm.a(mulsf3x.o)
                                        0x4e0 (size before relaxing)
 .stab          0x0000000000001cbc       0x78 /usr/local/Cellar/avr-gcc/4.7.2/lib/gcc/avr/4.7.2/../../../../avr/lib/avr5/libm.a(fp_inf.o)
                                         0x84 (size before relaxing)
 .stab          0x0000000000001d34       0x54 /usr/local/Cellar/avr-gcc/4.7.2/lib/gcc/avr/4.7.2/../../../../avr/lib/avr5/libm.a(fp_nan.o)
                                         0x60 (size before relaxing)
 .stab          0x0000000000001d88       0x84 /usr/local/Cellar/avr-gcc/4.7.2/lib/gcc/avr/4.7.2/../../../../avr/lib/avr5/libm.a(fp_pscA.o)
                                         0x90 (size before relaxing)
 .stab          0x0000000000001e0c       0x84 /usr/local/Cellar/avr-gcc/4.7.2/lib/gcc/avr/4.7.2/../../../../avr/lib/avr5/libm.a(fp_pscB.o)
                                         0x90 (size before relaxing)
 .stab          0x0000000000001e90       0xfc /usr/local/Cellar/avr-gcc/4.7.2/lib/gcc/avr/4.7.2/../../../../avr/lib/avr5/libm.a(fp_round.o)
                                        0x108 (size before relaxing)
 .stab          0x0000000000001f8c       0x90 /usr/local/Cellar/avr-gcc/4.7.2/lib/gcc/avr/4.7.2/../../../../avr/lib/avr5/libc.a(eerd_byte_atmega32u4.o)
                                         0x9c (size before relaxing)
 .stab          0x000000000000201c       0x6c /usr/local/Cellar/avr-gcc/4.7.2/lib/gcc/avr/4.7.2/../../../../avr/lib/avr5/libc.a(eerd_word_atmega32u4.o)
                                         0x78 (size before relaxing)
 .stab          0x0000000000002088      0x114 /usr/local/Cellar/avr-gcc/4.7.2/lib/gcc/avr/4.7.2/../../../../avr/lib/avr5/libc.a(eeupd_byte_atmega32u4.o)
                                        0x120 (size before relaxing)
 .stab          0x000000000000219c       0xe4 /usr/local/Cellar/avr-gcc/4.7.2/lib/gcc/avr/4.7.2/../../../../avr/lib/avr5/libc.a(eewr_byte_atmega32u4.o)
                                         0xf0 (size before relaxing)
 .stab          0x0000000000002280       0x54 /usr/local/Cellar/avr-gcc/4.7.2/lib/gcc/avr/4.7.2/../../../../avr/lib/avr5/libc.a(eewr_word_atmega32u4.o)
                                         0x60 (size before relaxing)
 .stab          0x00000000000022d4      0x108 /usr/local/Cellar/avr-gcc/4.7.2/lib/gcc/avr/4.7.2/../../../../avr/lib/avr5/libc.a(eerd_block_atmega32u4.o)
                                        0x114 (size before relaxing)

.stabstr        0x0000000000000000      0x77c
 *(.stabstr)
 .stabstr       0x0000000000000000      0x77c /usr/local/Cellar/avr-gcc/4.7.2/lib/gcc/avr/4.7.2/../../../../avr/lib/avr5/crtm32u4.o

.stab.excl
 *(.stab.excl)

.stab.exclstr
 *(.stab.exclstr)

.stab.index
 *(.stab.index)

.stab.indexstr
 *(.stab.indexstr)

.comment        0x0000000000000000       0x11
 *(.comment)
 .comment       0x0000000000000000       0x11 obj_hhkb_lufa/keymap_jp.o
                                         0x12 (size before relaxing)
 .comment       0x0000000000000000       0x12 obj_hhkb_lufa/keymap_common.o
 .comment       0x0000000000000000       0x12 obj_hhkb_lufa/matrix.o
 .comment       0x0000000000000000       0x12 obj_hhkb_lufa/led.o
 .comment       0x0000000000000000       0x12 obj_hhkb_lufa/protocol/lufa/lufa.o
 .comment       0x0000000000000000       0x12 obj_hhkb_lufa/protocol/lufa/descriptor.o
 .comment       0x0000000000000000       0x12 obj_hhkb_lufa/protocol/lufa/LUFA-120730/LUFA/Drivers/USB/Core/AVR8/Device_AVR8.o
 .comment       0x0000000000000000       0x12 obj_hhkb_lufa/protocol/lufa/LUFA-120730/LUFA/Drivers/USB/Core/AVR8/Endpoint_AVR8.o
 .comment       0x0000000000000000       0x12 obj_hhkb_lufa/protocol/lufa/LUFA-120730/LUFA/Drivers/USB/Core/AVR8/Host_AVR8.o
 .comment       0x0000000000000000       0x12 obj_hhkb_lufa/protocol/lufa/LUFA-120730/LUFA/Drivers/USB/Core/AVR8/Pipe_AVR8.o
 .comment       0x0000000000000000       0x12 obj_hhkb_lufa/protocol/lufa/LUFA-120730/LUFA/Drivers/USB/Core/AVR8/USBController_AVR8.o
 .comment       0x0000000000000000       0x12 obj_hhkb_lufa/protocol/lufa/LUFA-120730/LUFA/Drivers/USB/Core/AVR8/USBInterrupt_AVR8.o
 .comment       0x0000000000000000       0x12 obj_hhkb_lufa/protocol/lufa/LUFA-120730/LUFA/Drivers/USB/Core/AVR8/EndpointStream_AVR8.o
 .comment       0x0000000000000000       0x12 obj_hhkb_lufa/protocol/lufa/LUFA-120730/LUFA/Drivers/USB/Core/AVR8/PipeStream_AVR8.o
 .comment       0x0000000000000000       0x12 obj_hhkb_lufa/protocol/lufa/LUFA-120730/LUFA/Drivers/USB/Core/ConfigDescriptors.o
 .comment       0x0000000000000000       0x12 obj_hhkb_lufa/protocol/lufa/LUFA-120730/LUFA/Drivers/USB/Core/DeviceStandardReq.o
 .comment       0x0000000000000000       0x12 obj_hhkb_lufa/protocol/lufa/LUFA-120730/LUFA/Drivers/USB/Core/Events.o
 .comment       0x0000000000000000       0x12 obj_hhkb_lufa/protocol/lufa/LUFA-120730/LUFA/Drivers/USB/Core/HostStandardReq.o
 .comment       0x0000000000000000       0x12 obj_hhkb_lufa/protocol/lufa/LUFA-120730/LUFA/Drivers/USB/Core/USBTask.o
 .comment       0x0000000000000000       0x12 obj_hhkb_lufa/protocol/lufa/LUFA-120730/LUFA/Drivers/USB/Class/Common/HIDParser.o
 .comment       0x0000000000000000       0x12 obj_hhkb_lufa/common/host.o
 .comment       0x0000000000000000       0x12 obj_hhkb_lufa/common/keyboard.o
 .comment       0x0000000000000000       0x12 obj_hhkb_lufa/common/action.o
 .comment       0x0000000000000000       0x12 obj_hhkb_lufa/common/action_tapping.o
 .comment       0x0000000000000000       0x12 obj_hhkb_lufa/common/action_macro.o
 .comment       0x0000000000000000       0x12 obj_hhkb_lufa/common/action_layer.o
 .comment       0x0000000000000000       0x12 obj_hhkb_lufa/common/action_util.o
 .comment       0x0000000000000000       0x12 obj_hhkb_lufa/common/keymap.o
 .comment       0x0000000000000000       0x12 obj_hhkb_lufa/common/timer.o
 .comment       0x0000000000000000       0x12 obj_hhkb_lufa/common/print.o
 .comment       0x0000000000000000       0x12 obj_hhkb_lufa/common/debug.o
 .comment       0x0000000000000000       0x12 obj_hhkb_lufa/common/bootloader.o
 .comment       0x0000000000000000       0x12 obj_hhkb_lufa/common/suspend.o
 .comment       0x0000000000000000       0x12 obj_hhkb_lufa/common/util.o
 .comment       0x0000000000000000       0x12 obj_hhkb_lufa/common/bootmagic.o
 .comment       0x0000000000000000       0x12 obj_hhkb_lufa/common/eeconfig.o
 .comment       0x0000000000000000       0x12 obj_hhkb_lufa/common/mousekey.o
 .comment       0x0000000000000000       0x12 obj_hhkb_lufa/common/command.o

.debug
 *(.debug)

.line
 *(.line)

.debug_srcinfo
 *(.debug_srcinfo)

.debug_sfnames
 *(.debug_sfnames)

.debug_aranges  0x0000000000000000      0xa30
 *(.debug_aranges)
 .debug_aranges
                0x0000000000000000       0x20 obj_hhkb_lufa/keymap_jp.o
 .debug_aranges
                0x0000000000000020       0x28 obj_hhkb_lufa/keymap_common.o
 .debug_aranges
                0x0000000000000048       0x58 obj_hhkb_lufa/matrix.o
 .debug_aranges
                0x00000000000000a0       0x20 obj_hhkb_lufa/led.o
 .debug_aranges
                0x00000000000000c0       0x90 obj_hhkb_lufa/protocol/lufa/lufa.o
 .debug_aranges
                0x0000000000000150       0x20 obj_hhkb_lufa/protocol/lufa/descriptor.o
 .debug_aranges
                0x0000000000000170       0x20 obj_hhkb_lufa/protocol/lufa/LUFA-120730/LUFA/Drivers/USB/Core/AVR8/Device_AVR8.o
 .debug_aranges
                0x0000000000000190       0x40 obj_hhkb_lufa/protocol/lufa/LUFA-120730/LUFA/Drivers/USB/Core/AVR8/Endpoint_AVR8.o
 .debug_aranges
                0x00000000000001d0       0x18 obj_hhkb_lufa/protocol/lufa/LUFA-120730/LUFA/Drivers/USB/Core/AVR8/Host_AVR8.o
 .debug_aranges
                0x00000000000001e8       0x18 obj_hhkb_lufa/protocol/lufa/LUFA-120730/LUFA/Drivers/USB/Core/AVR8/Pipe_AVR8.o
 .debug_aranges
                0x0000000000000200       0x30 obj_hhkb_lufa/protocol/lufa/LUFA-120730/LUFA/Drivers/USB/Core/AVR8/USBController_AVR8.o
 .debug_aranges
                0x0000000000000230       0x30 obj_hhkb_lufa/protocol/lufa/LUFA-120730/LUFA/Drivers/USB/Core/AVR8/USBInterrupt_AVR8.o
 .debug_aranges
                0x0000000000000260       0xc8 obj_hhkb_lufa/protocol/lufa/LUFA-120730/LUFA/Drivers/USB/Core/AVR8/EndpointStream_AVR8.o
 .debug_aranges
                0x0000000000000328       0x18 obj_hhkb_lufa/protocol/lufa/LUFA-120730/LUFA/Drivers/USB/Core/AVR8/PipeStream_AVR8.o
 .debug_aranges
                0x0000000000000340       0x40 obj_hhkb_lufa/protocol/lufa/LUFA-120730/LUFA/Drivers/USB/Core/ConfigDescriptors.o
 .debug_aranges
                0x0000000000000380       0x20 obj_hhkb_lufa/protocol/lufa/LUFA-120730/LUFA/Drivers/USB/Core/DeviceStandardReq.o
 .debug_aranges
                0x00000000000003a0       0x20 obj_hhkb_lufa/protocol/lufa/LUFA-120730/LUFA/Drivers/USB/Core/Events.o
 .debug_aranges
                0x00000000000003c0       0x20 obj_hhkb_lufa/protocol/lufa/LUFA-120730/LUFA/Drivers/USB/Core/USBTask.o
 .debug_aranges
                0x00000000000003e0       0x38 obj_hhkb_lufa/protocol/lufa/LUFA-120730/LUFA/Drivers/USB/Class/Common/HIDParser.o
 .debug_aranges
                0x0000000000000418       0x60 obj_hhkb_lufa/common/host.o
 .debug_aranges
                0x0000000000000478       0x30 obj_hhkb_lufa/common/keyboard.o
 .debug_aranges
                0x00000000000004a8       0x78 obj_hhkb_lufa/common/action.o
 .debug_aranges
                0x0000000000000520       0x40 obj_hhkb_lufa/common/action_tapping.o
 .debug_aranges
                0x0000000000000560       0x20 obj_hhkb_lufa/common/action_macro.o
 .debug_aranges
                0x0000000000000580       0xa0 obj_hhkb_lufa/common/action_layer.o
 .debug_aranges
                0x0000000000000620       0xb0 obj_hhkb_lufa/common/action_util.o
 .debug_aranges
                0x00000000000006d0       0x38 obj_hhkb_lufa/common/keymap.o
 .debug_aranges
                0x0000000000000708       0x50 obj_hhkb_lufa/common/timer.o
 .debug_aranges
                0x0000000000000758       0x18 obj_hhkb_lufa/common/print.o
 .debug_aranges
                0x0000000000000770       0x18 obj_hhkb_lufa/common/debug.o
 .debug_aranges
                0x0000000000000788       0x28 obj_hhkb_lufa/common/bootloader.o
 .debug_aranges
                0x00000000000007b0       0x38 obj_hhkb_lufa/common/suspend.o
 .debug_aranges
                0x00000000000007e8       0x60 obj_hhkb_lufa/common/util.o
 .debug_aranges
                0x0000000000000848       0x30 obj_hhkb_lufa/common/bootmagic.o
 .debug_aranges
                0x0000000000000878       0x68 obj_hhkb_lufa/common/eeconfig.o
 .debug_aranges
                0x00000000000008e0       0x50 obj_hhkb_lufa/common/mousekey.o
 .debug_aranges
                0x0000000000000930       0x40 obj_hhkb_lufa/common/command.o
 .debug_aranges
                0x0000000000000970       0x20 /usr/local/Cellar/avr-gcc/4.7.2/lib/gcc/avr/4.7.2/avr5/libgcc.a(_divmodhi4.o)
 .debug_aranges
                0x0000000000000990       0x20 /usr/local/Cellar/avr-gcc/4.7.2/lib/gcc/avr/4.7.2/avr5/libgcc.a(_exit.o)
 .debug_aranges
                0x00000000000009b0       0x20 /usr/local/Cellar/avr-gcc/4.7.2/lib/gcc/avr/4.7.2/avr5/libgcc.a(_tablejump.o)
 .debug_aranges
                0x00000000000009d0       0x20 /usr/local/Cellar/avr-gcc/4.7.2/lib/gcc/avr/4.7.2/avr5/libgcc.a(_copy_data.o)
 .debug_aranges
                0x00000000000009f0       0x20 /usr/local/Cellar/avr-gcc/4.7.2/lib/gcc/avr/4.7.2/avr5/libgcc.a(_clear_bss.o)
 .debug_aranges
                0x0000000000000a10       0x20 /usr/local/Cellar/avr-gcc/4.7.2/lib/gcc/avr/4.7.2/avr5/libgcc.a(_udivmodhi4.o)

.debug_pubnames
 *(.debug_pubnames)

.debug_info     0x0000000000000000     0xfdae
 *(.debug_info)
 .debug_info    0x0000000000000000      0xcbb obj_hhkb_lufa/keymap_jp.o
 .debug_info    0x0000000000000cbb      0x720 obj_hhkb_lufa/keymap_common.o
 .debug_info    0x00000000000013db      0x5b1 obj_hhkb_lufa/matrix.o
 .debug_info    0x000000000000198c       0x91 obj_hhkb_lufa/led.o
 .debug_info    0x0000000000001a1d      0xffa obj_hhkb_lufa/protocol/lufa/lufa.o
 .debug_info    0x0000000000002a17      0x7bc obj_hhkb_lufa/protocol/lufa/descriptor.o
 .debug_info    0x00000000000031d3       0xd2 obj_hhkb_lufa/protocol/lufa/LUFA-120730/LUFA/Drivers/USB/Core/AVR8/Device_AVR8.o
 .debug_info    0x00000000000032a5      0x61b obj_hhkb_lufa/protocol/lufa/LUFA-120730/LUFA/Drivers/USB/Core/AVR8/Endpoint_AVR8.o
 .debug_info    0x00000000000038c0       0x56 obj_hhkb_lufa/protocol/lufa/LUFA-120730/LUFA/Drivers/USB/Core/AVR8/Host_AVR8.o
 .debug_info    0x0000000000003916       0x56 obj_hhkb_lufa/protocol/lufa/LUFA-120730/LUFA/Drivers/USB/Core/AVR8/Pipe_AVR8.o
 .debug_info    0x000000000000396c      0x4bd obj_hhkb_lufa/protocol/lufa/LUFA-120730/LUFA/Drivers/USB/Core/AVR8/USBController_AVR8.o
 .debug_info    0x0000000000003e29      0x673 obj_hhkb_lufa/protocol/lufa/LUFA-120730/LUFA/Drivers/USB/Core/AVR8/USBInterrupt_AVR8.o
 .debug_info    0x000000000000449c     0x17ad obj_hhkb_lufa/protocol/lufa/LUFA-120730/LUFA/Drivers/USB/Core/AVR8/EndpointStream_AVR8.o
 .debug_info    0x0000000000005c49       0x56 obj_hhkb_lufa/protocol/lufa/LUFA-120730/LUFA/Drivers/USB/Core/AVR8/PipeStream_AVR8.o
 .debug_info    0x0000000000005c9f      0x3c9 obj_hhkb_lufa/protocol/lufa/LUFA-120730/LUFA/Drivers/USB/Core/ConfigDescriptors.o
 .debug_info    0x0000000000006068      0xa7f obj_hhkb_lufa/protocol/lufa/LUFA-120730/LUFA/Drivers/USB/Core/DeviceStandardReq.o
 .debug_info    0x0000000000006ae7       0x78 obj_hhkb_lufa/protocol/lufa/LUFA-120730/LUFA/Drivers/USB/Core/Events.o
 .debug_info    0x0000000000006b5f      0x26f obj_hhkb_lufa/protocol/lufa/LUFA-120730/LUFA/Drivers/USB/Core/USBTask.o
 .debug_info    0x0000000000006dce      0x738 obj_hhkb_lufa/protocol/lufa/LUFA-120730/LUFA/Drivers/USB/Class/Common/HIDParser.o
 .debug_info    0x0000000000007506      0x4bb obj_hhkb_lufa/common/host.o
 .debug_info    0x00000000000079c1      0x500 obj_hhkb_lufa/common/keyboard.o
 .debug_info    0x0000000000007ec1     0x1643 obj_hhkb_lufa/common/action.o
 .debug_info    0x0000000000009504      0xf27 obj_hhkb_lufa/common/action_tapping.o
 .debug_info    0x000000000000a42b      0x95a obj_hhkb_lufa/common/action_macro.o
 .debug_info    0x000000000000ad85      0x76b obj_hhkb_lufa/common/action_layer.o
 .debug_info    0x000000000000b4f0      0x65d obj_hhkb_lufa/common/action_util.o
 .debug_info    0x000000000000bb4d      0xecc obj_hhkb_lufa/common/keymap.o
 .debug_info    0x000000000000ca19      0x208 obj_hhkb_lufa/common/timer.o
 .debug_info    0x000000000000cc21       0x56 obj_hhkb_lufa/common/print.o
 .debug_info    0x000000000000cc77       0xfc obj_hhkb_lufa/common/debug.o
 .debug_info    0x000000000000cd73      0x1a0 obj_hhkb_lufa/common/bootloader.o
 .debug_info    0x000000000000cf13      0x15e obj_hhkb_lufa/common/suspend.o
 .debug_info    0x000000000000d071      0x29b obj_hhkb_lufa/common/util.o
 .debug_info    0x000000000000d30c      0xec9 obj_hhkb_lufa/common/bootmagic.o
 .debug_info    0x000000000000e1d5      0x3cf obj_hhkb_lufa/common/eeconfig.o
 .debug_info    0x000000000000e5a4      0x631 obj_hhkb_lufa/common/mousekey.o
 .debug_info    0x000000000000ebd5      0xe85 obj_hhkb_lufa/common/command.o
 .debug_info    0x000000000000fa5a       0x8e /usr/local/Cellar/avr-gcc/4.7.2/lib/gcc/avr/4.7.2/avr5/libgcc.a(_divmodhi4.o)
 .debug_info    0x000000000000fae8       0x8e /usr/local/Cellar/avr-gcc/4.7.2/lib/gcc/avr/4.7.2/avr5/libgcc.a(_exit.o)
 .debug_info    0x000000000000fb76       0x8e /usr/local/Cellar/avr-gcc/4.7.2/lib/gcc/avr/4.7.2/avr5/libgcc.a(_tablejump.o)
 .debug_info    0x000000000000fc04       0x8e /usr/local/Cellar/avr-gcc/4.7.2/lib/gcc/avr/4.7.2/avr5/libgcc.a(_copy_data.o)
 .debug_info    0x000000000000fc92       0x8e /usr/local/Cellar/avr-gcc/4.7.2/lib/gcc/avr/4.7.2/avr5/libgcc.a(_clear_bss.o)
 .debug_info    0x000000000000fd20       0x8e /usr/local/Cellar/avr-gcc/4.7.2/lib/gcc/avr/4.7.2/avr5/libgcc.a(_udivmodhi4.o)
 *(.gnu.linkonce.wi.*)

.debug_abbrev   0x0000000000000000     0x3bd1
 *(.debug_abbrev)
 .debug_abbrev  0x0000000000000000      0x196 obj_hhkb_lufa/keymap_jp.o
 .debug_abbrev  0x0000000000000196      0x189 obj_hhkb_lufa/keymap_common.o
 .debug_abbrev  0x000000000000031f      0x2a6 obj_hhkb_lufa/matrix.o
 .debug_abbrev  0x00000000000005c5       0x60 obj_hhkb_lufa/led.o
 .debug_abbrev  0x0000000000000625      0x434 obj_hhkb_lufa/protocol/lufa/lufa.o
 .debug_abbrev  0x0000000000000a59      0x177 obj_hhkb_lufa/protocol/lufa/descriptor.o
 .debug_abbrev  0x0000000000000bd0       0x80 obj_hhkb_lufa/protocol/lufa/LUFA-120730/LUFA/Drivers/USB/Core/AVR8/Device_AVR8.o
 .debug_abbrev  0x0000000000000c50      0x222 obj_hhkb_lufa/protocol/lufa/LUFA-120730/LUFA/Drivers/USB/Core/AVR8/Endpoint_AVR8.o
 .debug_abbrev  0x0000000000000e72       0x26 obj_hhkb_lufa/protocol/lufa/LUFA-120730/LUFA/Drivers/USB/Core/AVR8/Host_AVR8.o
 .debug_abbrev  0x0000000000000e98       0x26 obj_hhkb_lufa/protocol/lufa/LUFA-120730/LUFA/Drivers/USB/Core/AVR8/Pipe_AVR8.o
 .debug_abbrev  0x0000000000000ebe      0x1a5 obj_hhkb_lufa/protocol/lufa/LUFA-120730/LUFA/Drivers/USB/Core/AVR8/USBController_AVR8.o
 .debug_abbrev  0x0000000000001063      0x1d5 obj_hhkb_lufa/protocol/lufa/LUFA-120730/LUFA/Drivers/USB/Core/AVR8/USBInterrupt_AVR8.o
 .debug_abbrev  0x0000000000001238      0x22b obj_hhkb_lufa/protocol/lufa/LUFA-120730/LUFA/Drivers/USB/Core/AVR8/EndpointStream_AVR8.o
 .debug_abbrev  0x0000000000001463       0x26 obj_hhkb_lufa/protocol/lufa/LUFA-120730/LUFA/Drivers/USB/Core/AVR8/PipeStream_AVR8.o
 .debug_abbrev  0x0000000000001489      0x176 obj_hhkb_lufa/protocol/lufa/LUFA-120730/LUFA/Drivers/USB/Core/ConfigDescriptors.o
 .debug_abbrev  0x00000000000015ff      0x29e obj_hhkb_lufa/protocol/lufa/LUFA-120730/LUFA/Drivers/USB/Core/DeviceStandardReq.o
 .debug_abbrev  0x000000000000189d       0x44 obj_hhkb_lufa/protocol/lufa/LUFA-120730/LUFA/Drivers/USB/Core/Events.o
 .debug_abbrev  0x00000000000018e1      0x16f obj_hhkb_lufa/protocol/lufa/LUFA-120730/LUFA/Drivers/USB/Core/USBTask.o
 .debug_abbrev  0x0000000000001a50      0x22b obj_hhkb_lufa/protocol/lufa/LUFA-120730/LUFA/Drivers/USB/Class/Common/HIDParser.o
 .debug_abbrev  0x0000000000001c7b      0x194 obj_hhkb_lufa/common/host.o
 .debug_abbrev  0x0000000000001e0f      0x1f9 obj_hhkb_lufa/common/keyboard.o
 .debug_abbrev  0x0000000000002008      0x2d9 obj_hhkb_lufa/common/action.o
 .debug_abbrev  0x00000000000022e1      0x2e5 obj_hhkb_lufa/common/action_tapping.o
 .debug_abbrev  0x00000000000025c6      0x166 obj_hhkb_lufa/common/action_macro.o
 .debug_abbrev  0x000000000000272c      0x1eb obj_hhkb_lufa/common/action_layer.o
 .debug_abbrev  0x0000000000002917      0x2cf obj_hhkb_lufa/common/action_util.o
 .debug_abbrev  0x0000000000002be6      0x219 obj_hhkb_lufa/common/keymap.o
 .debug_abbrev  0x0000000000002dff      0x11e obj_hhkb_lufa/common/timer.o
 .debug_abbrev  0x0000000000002f1d       0x26 obj_hhkb_lufa/common/print.o
 .debug_abbrev  0x0000000000002f43       0x87 obj_hhkb_lufa/common/debug.o
 .debug_abbrev  0x0000000000002fca      0x123 obj_hhkb_lufa/common/bootloader.o
 .debug_abbrev  0x00000000000030ed      0x129 obj_hhkb_lufa/common/suspend.o
 .debug_abbrev  0x0000000000003216       0xcb obj_hhkb_lufa/common/util.o
 .debug_abbrev  0x00000000000032e1      0x275 obj_hhkb_lufa/common/bootmagic.o
 .debug_abbrev  0x0000000000003556       0xef obj_hhkb_lufa/common/eeconfig.o
 .debug_abbrev  0x0000000000003645      0x1e9 obj_hhkb_lufa/common/mousekey.o
 .debug_abbrev  0x000000000000382e      0x32b obj_hhkb_lufa/common/command.o
 .debug_abbrev  0x0000000000003b59       0x14 /usr/local/Cellar/avr-gcc/4.7.2/lib/gcc/avr/4.7.2/avr5/libgcc.a(_divmodhi4.o)
 .debug_abbrev  0x0000000000003b6d       0x14 /usr/local/Cellar/avr-gcc/4.7.2/lib/gcc/avr/4.7.2/avr5/libgcc.a(_exit.o)
 .debug_abbrev  0x0000000000003b81       0x14 /usr/local/Cellar/avr-gcc/4.7.2/lib/gcc/avr/4.7.2/avr5/libgcc.a(_tablejump.o)
 .debug_abbrev  0x0000000000003b95       0x14 /usr/local/Cellar/avr-gcc/4.7.2/lib/gcc/avr/4.7.2/avr5/libgcc.a(_copy_data.o)
 .debug_abbrev  0x0000000000003ba9       0x14 /usr/local/Cellar/avr-gcc/4.7.2/lib/gcc/avr/4.7.2/avr5/libgcc.a(_clear_bss.o)
 .debug_abbrev  0x0000000000003bbd       0x14 /usr/local/Cellar/avr-gcc/4.7.2/lib/gcc/avr/4.7.2/avr5/libgcc.a(_udivmodhi4.o)

.debug_line     0x0000000000000000     0x56ab
 *(.debug_line)
 .debug_line    0x0000000000000000      0x142 obj_hhkb_lufa/keymap_jp.o
 .debug_line    0x0000000000000142      0x144 obj_hhkb_lufa/keymap_common.o
 .debug_line    0x0000000000000286      0x246 obj_hhkb_lufa/matrix.o
 .debug_line    0x00000000000004cc       0x8f obj_hhkb_lufa/led.o
 .debug_line    0x000000000000055b      0x67f obj_hhkb_lufa/protocol/lufa/lufa.o
 .debug_line    0x0000000000000bda      0x21a obj_hhkb_lufa/protocol/lufa/descriptor.o
 .debug_line    0x0000000000000df4      0x154 obj_hhkb_lufa/protocol/lufa/LUFA-120730/LUFA/Drivers/USB/Core/AVR8/Device_AVR8.o
 .debug_line    0x0000000000000f48      0x3ff obj_hhkb_lufa/protocol/lufa/LUFA-120730/LUFA/Drivers/USB/Core/AVR8/Endpoint_AVR8.o
 .debug_line    0x0000000000001347       0x1d obj_hhkb_lufa/protocol/lufa/LUFA-120730/LUFA/Drivers/USB/Core/AVR8/Host_AVR8.o
 .debug_line    0x0000000000001364       0x1d obj_hhkb_lufa/protocol/lufa/LUFA-120730/LUFA/Drivers/USB/Core/AVR8/Pipe_AVR8.o
 .debug_line    0x0000000000001381      0x2ba obj_hhkb_lufa/protocol/lufa/LUFA-120730/LUFA/Drivers/USB/Core/AVR8/USBController_AVR8.o
 .debug_line    0x000000000000163b      0x432 obj_hhkb_lufa/protocol/lufa/LUFA-120730/LUFA/Drivers/USB/Core/AVR8/USBInterrupt_AVR8.o
 .debug_line    0x0000000000001a6d      0xd00 obj_hhkb_lufa/protocol/lufa/LUFA-120730/LUFA/Drivers/USB/Core/AVR8/EndpointStream_AVR8.o
 .debug_line    0x000000000000276d       0x1d obj_hhkb_lufa/protocol/lufa/LUFA-120730/LUFA/Drivers/USB/Core/AVR8/PipeStream_AVR8.o
 .debug_line    0x000000000000278a      0x1b6 obj_hhkb_lufa/protocol/lufa/LUFA-120730/LUFA/Drivers/USB/Core/ConfigDescriptors.o
 .debug_line    0x0000000000002940      0x3aa obj_hhkb_lufa/protocol/lufa/LUFA-120730/LUFA/Drivers/USB/Core/DeviceStandardReq.o
 .debug_line    0x0000000000002cea       0x6e obj_hhkb_lufa/protocol/lufa/LUFA-120730/LUFA/Drivers/USB/Core/Events.o
 .debug_line    0x0000000000002d58        0x0 obj_hhkb_lufa/protocol/lufa/LUFA-120730/LUFA/Drivers/USB/Core/HostStandardReq.o
 .debug_line    0x0000000000002d58      0x1b9 obj_hhkb_lufa/protocol/lufa/LUFA-120730/LUFA/Drivers/USB/Core/USBTask.o
 .debug_line    0x0000000000002f11      0x26d obj_hhkb_lufa/protocol/lufa/LUFA-120730/LUFA/Drivers/USB/Class/Common/HIDParser.o
 .debug_line    0x000000000000317e      0x19b obj_hhkb_lufa/common/host.o
 .debug_line    0x0000000000003319      0x1ab obj_hhkb_lufa/common/keyboard.o
 .debug_line    0x00000000000034c4      0x452 obj_hhkb_lufa/common/action.o
 .debug_line    0x0000000000003916      0x2ac obj_hhkb_lufa/common/action_tapping.o
 .debug_line    0x0000000000003bc2      0x1b3 obj_hhkb_lufa/common/action_macro.o
 .debug_line    0x0000000000003d75      0x1ea obj_hhkb_lufa/common/action_layer.o
 .debug_line    0x0000000000003f5f      0x2ae obj_hhkb_lufa/common/action_util.o
 .debug_line    0x000000000000420d      0x206 obj_hhkb_lufa/common/keymap.o
 .debug_line    0x0000000000004413      0x13b obj_hhkb_lufa/common/timer.o
 .debug_line    0x000000000000454e       0x1d obj_hhkb_lufa/common/print.o
 .debug_line    0x000000000000456b       0x9d obj_hhkb_lufa/common/debug.o
 .debug_line    0x0000000000004608      0x1ba obj_hhkb_lufa/common/bootloader.o
 .debug_line    0x00000000000047c2       0xf4 obj_hhkb_lufa/common/suspend.o
 .debug_line    0x00000000000048b6      0x1ab obj_hhkb_lufa/common/util.o
 .debug_line    0x0000000000004a61      0x26f obj_hhkb_lufa/common/bootmagic.o
 .debug_line    0x0000000000004cd0      0x18b obj_hhkb_lufa/common/eeconfig.o
 .debug_line    0x0000000000004e5b      0x32f obj_hhkb_lufa/common/mousekey.o
 .debug_line    0x000000000000518a      0x2c9 obj_hhkb_lufa/common/command.o
 .debug_line    0x0000000000005453       0x6c /usr/local/Cellar/avr-gcc/4.7.2/lib/gcc/avr/4.7.2/avr5/libgcc.a(_divmodhi4.o)
 .debug_line    0x00000000000054bf       0x5b /usr/local/Cellar/avr-gcc/4.7.2/lib/gcc/avr/4.7.2/avr5/libgcc.a(_exit.o)
 .debug_line    0x000000000000551a       0x5f /usr/local/Cellar/avr-gcc/4.7.2/lib/gcc/avr/4.7.2/avr5/libgcc.a(_tablejump.o)
 .debug_line    0x0000000000005579       0x64 /usr/local/Cellar/avr-gcc/4.7.2/lib/gcc/avr/4.7.2/avr5/libgcc.a(_copy_data.o)
 .debug_line    0x00000000000055dd       0x61 /usr/local/Cellar/avr-gcc/4.7.2/lib/gcc/avr/4.7.2/avr5/libgcc.a(_clear_bss.o)
 .debug_line    0x000000000000563e       0x6d /usr/local/Cellar/avr-gcc/4.7.2/lib/gcc/avr/4.7.2/avr5/libgcc.a(_udivmodhi4.o)

.debug_frame    0x0000000000000000     0x17c4
 *(.debug_frame)
 .debug_frame   0x0000000000000000       0x24 obj_hhkb_lufa/keymap_jp.o
 .debug_frame   0x0000000000000024       0x34 obj_hhkb_lufa/keymap_common.o
 .debug_frame   0x0000000000000058       0xd0 obj_hhkb_lufa/matrix.o
 .debug_frame   0x0000000000000128       0x24 obj_hhkb_lufa/led.o
 .debug_frame   0x000000000000014c      0x138 obj_hhkb_lufa/protocol/lufa/lufa.o
 .debug_frame   0x0000000000000284       0x24 obj_hhkb_lufa/protocol/lufa/descriptor.o
 .debug_frame   0x00000000000002a8       0x24 obj_hhkb_lufa/protocol/lufa/LUFA-120730/LUFA/Drivers/USB/Core/AVR8/Device_AVR8.o
 .debug_frame   0x00000000000002cc       0x7c obj_hhkb_lufa/protocol/lufa/LUFA-120730/LUFA/Drivers/USB/Core/AVR8/Endpoint_AVR8.o
 .debug_frame   0x0000000000000348       0x5c obj_hhkb_lufa/protocol/lufa/LUFA-120730/LUFA/Drivers/USB/Core/AVR8/USBController_AVR8.o
 .debug_frame   0x00000000000003a4       0x98 obj_hhkb_lufa/protocol/lufa/LUFA-120730/LUFA/Drivers/USB/Core/AVR8/USBInterrupt_AVR8.o
 .debug_frame   0x000000000000043c      0x4a4 obj_hhkb_lufa/protocol/lufa/LUFA-120730/LUFA/Drivers/USB/Core/AVR8/EndpointStream_AVR8.o
 .debug_frame   0x00000000000008e0      0x124 obj_hhkb_lufa/protocol/lufa/LUFA-120730/LUFA/Drivers/USB/Core/ConfigDescriptors.o
 .debug_frame   0x0000000000000a04       0x50 obj_hhkb_lufa/protocol/lufa/LUFA-120730/LUFA/Drivers/USB/Core/DeviceStandardReq.o
 .debug_frame   0x0000000000000a54       0x24 obj_hhkb_lufa/protocol/lufa/LUFA-120730/LUFA/Drivers/USB/Core/Events.o
 .debug_frame   0x0000000000000a78       0x2c obj_hhkb_lufa/protocol/lufa/LUFA-120730/LUFA/Drivers/USB/Core/USBTask.o
 .debug_frame   0x0000000000000aa4      0x134 obj_hhkb_lufa/protocol/lufa/LUFA-120730/LUFA/Drivers/USB/Class/Common/HIDParser.o
 .debug_frame   0x0000000000000bd8       0xa4 obj_hhkb_lufa/common/host.o
 .debug_frame   0x0000000000000c7c       0x7c obj_hhkb_lufa/common/keyboard.o
 .debug_frame   0x0000000000000cf8      0x154 obj_hhkb_lufa/common/action.o
 .debug_frame   0x0000000000000e4c       0xd4 obj_hhkb_lufa/common/action_tapping.o
 .debug_frame   0x0000000000000f20       0x50 obj_hhkb_lufa/common/action_macro.o
 .debug_frame   0x0000000000000f70      0x19c obj_hhkb_lufa/common/action_layer.o
 .debug_frame   0x000000000000110c      0x15c obj_hhkb_lufa/common/action_util.o
 .debug_frame   0x0000000000001268       0x54 obj_hhkb_lufa/common/keymap.o
 .debug_frame   0x00000000000012bc       0xfc obj_hhkb_lufa/common/timer.o
 .debug_frame   0x00000000000013b8       0x34 obj_hhkb_lufa/common/bootloader.o
 .debug_frame   0x00000000000013ec       0x68 obj_hhkb_lufa/common/suspend.o
 .debug_frame   0x0000000000001454      0x110 obj_hhkb_lufa/common/util.o
 .debug_frame   0x0000000000001564       0x78 obj_hhkb_lufa/common/bootmagic.o
 .debug_frame   0x00000000000015dc       0xb4 obj_hhkb_lufa/common/eeconfig.o
 .debug_frame   0x0000000000001690       0x8c obj_hhkb_lufa/common/mousekey.o
 .debug_frame   0x000000000000171c       0xa8 obj_hhkb_lufa/common/command.o

.debug_str      0x0000000000000000     0x4278
 *(.debug_str)
 .debug_str     0x0000000000000000      0xede obj_hhkb_lufa/keymap_jp.o
                                        0xf34 (size before relaxing)
 .debug_str     0x0000000000000ede      0x109 obj_hhkb_lufa/keymap_common.o
                                        0x5e3 (size before relaxing)
 .debug_str     0x0000000000000fe7      0x178 obj_hhkb_lufa/matrix.o
                                        0x234 (size before relaxing)
 .debug_str     0x000000000000115f       0x16 obj_hhkb_lufa/led.o
                                         0xbe (size before relaxing)
 .debug_str     0x0000000000001175      0x71b obj_hhkb_lufa/protocol/lufa/lufa.o
                                        0x8a8 (size before relaxing)
 .debug_str     0x0000000000001890      0x769 obj_hhkb_lufa/protocol/lufa/descriptor.o
                                        0x8a5 (size before relaxing)
 .debug_str     0x0000000000001ff9       0x75 obj_hhkb_lufa/protocol/lufa/LUFA-120730/LUFA/Drivers/USB/Core/AVR8/Device_AVR8.o
                                        0x148 (size before relaxing)
 .debug_str     0x000000000000206e      0x297 obj_hhkb_lufa/protocol/lufa/LUFA-120730/LUFA/Drivers/USB/Core/AVR8/Endpoint_AVR8.o
                                        0x56a (size before relaxing)
 .debug_str     0x0000000000002305       0x47 obj_hhkb_lufa/protocol/lufa/LUFA-120730/LUFA/Drivers/USB/Core/AVR8/Host_AVR8.o
                                         0xe7 (size before relaxing)
 .debug_str     0x000000000000234c       0x47 obj_hhkb_lufa/protocol/lufa/LUFA-120730/LUFA/Drivers/USB/Core/AVR8/Pipe_AVR8.o
                                         0xe7 (size before relaxing)
 .debug_str     0x0000000000002393      0x1e9 obj_hhkb_lufa/protocol/lufa/LUFA-120730/LUFA/Drivers/USB/Core/AVR8/USBController_AVR8.o
                                        0x4a9 (size before relaxing)
 .debug_str     0x000000000000257c       0xcb obj_hhkb_lufa/protocol/lufa/LUFA-120730/LUFA/Drivers/USB/Core/AVR8/USBInterrupt_AVR8.o
                                        0x47e (size before relaxing)
 .debug_str     0x0000000000002647      0x4cc obj_hhkb_lufa/protocol/lufa/LUFA-120730/LUFA/Drivers/USB/Core/AVR8/EndpointStream_AVR8.o
                                        0x7b7 (size before relaxing)
 .debug_str     0x0000000000002b13       0x4d obj_hhkb_lufa/protocol/lufa/LUFA-120730/LUFA/Drivers/USB/Core/AVR8/PipeStream_AVR8.o
                                         0xed (size before relaxing)
 .debug_str     0x0000000000002b60      0x241 obj_hhkb_lufa/protocol/lufa/LUFA-120730/LUFA/Drivers/USB/Core/ConfigDescriptors.o
                                        0x330 (size before relaxing)
 .debug_str     0x0000000000002da1      0x417 obj_hhkb_lufa/protocol/lufa/LUFA-120730/LUFA/Drivers/USB/Core/DeviceStandardReq.o
                                        0x902 (size before relaxing)
 .debug_str     0x00000000000031b8       0x4e obj_hhkb_lufa/protocol/lufa/LUFA-120730/LUFA/Drivers/USB/Core/Events.o
                                         0xee (size before relaxing)
 .debug_str     0x0000000000003206       0x78 obj_hhkb_lufa/protocol/lufa/LUFA-120730/LUFA/Drivers/USB/Core/USBTask.o
                                        0x2cf (size before relaxing)
 .debug_str     0x000000000000327e      0x4ae obj_hhkb_lufa/protocol/lufa/LUFA-120730/LUFA/Drivers/USB/Class/Common/HIDParser.o
                                        0x60c (size before relaxing)
 .debug_str     0x000000000000372c       0xe0 obj_hhkb_lufa/common/host.o
                                        0x2af (size before relaxing)
 .debug_str     0x000000000000380c       0xf1 obj_hhkb_lufa/common/keyboard.o
                                        0x349 (size before relaxing)
 .debug_str     0x00000000000038fd      0x29c obj_hhkb_lufa/common/action.o
                                       0x1282 (size before relaxing)
 .debug_str     0x0000000000003b99       0xe3 obj_hhkb_lufa/common/action_tapping.o
                                        0xc6c (size before relaxing)
 .debug_str     0x0000000000003c7c       0x62 obj_hhkb_lufa/common/action_macro.o
                                        0xa04 (size before relaxing)
 .debug_str     0x0000000000003cde       0x70 obj_hhkb_lufa/common/action_layer.o
                                        0x328 (size before relaxing)
 .debug_str     0x0000000000003d4e       0xc9 obj_hhkb_lufa/common/action_util.o
                                        0x2d1 (size before relaxing)
 .debug_str     0x0000000000003e17       0x28 obj_hhkb_lufa/common/keymap.o
                                        0xf6d (size before relaxing)
 .debug_str     0x0000000000003e3f       0x69 obj_hhkb_lufa/common/timer.o
                                        0x13e (size before relaxing)
 .debug_str     0x0000000000003ea8       0x15 obj_hhkb_lufa/common/print.o
                                         0xb5 (size before relaxing)
 .debug_str     0x0000000000003ebd       0x15 obj_hhkb_lufa/common/debug.o
                                        0x105 (size before relaxing)
 .debug_str     0x0000000000003ed2       0x59 obj_hhkb_lufa/common/bootloader.o
                                        0x18d (size before relaxing)
 .debug_str     0x0000000000003f2b       0x23 obj_hhkb_lufa/common/suspend.o
                                        0x151 (size before relaxing)
 .debug_str     0x0000000000003f4e       0x48 obj_hhkb_lufa/common/util.o
                                        0x11b (size before relaxing)
 .debug_str     0x0000000000003f96       0xdf obj_hhkb_lufa/common/bootmagic.o
                                        0xec6 (size before relaxing)
 .debug_str     0x0000000000004075       0x6f obj_hhkb_lufa/common/eeconfig.o
                                        0x1e7 (size before relaxing)
 .debug_str     0x00000000000040e4       0x64 obj_hhkb_lufa/common/mousekey.o
                                        0x587 (size before relaxing)
 .debug_str     0x0000000000004148      0x130 obj_hhkb_lufa/common/command.o
                                        0xccf (size before relaxing)

.debug_loc      0x0000000000000000     0x7191
 *(.debug_loc)
 .debug_loc     0x0000000000000000       0xee obj_hhkb_lufa/keymap_jp.o
 .debug_loc     0x00000000000000ee       0xa3 obj_hhkb_lufa/keymap_common.o
 .debug_loc     0x0000000000000191      0x459 obj_hhkb_lufa/matrix.o
 .debug_loc     0x00000000000005ea      0x450 obj_hhkb_lufa/protocol/lufa/lufa.o
 .debug_loc     0x0000000000000a3a      0x274 obj_hhkb_lufa/protocol/lufa/descriptor.o
 .debug_loc     0x0000000000000cae      0x3f7 obj_hhkb_lufa/protocol/lufa/LUFA-120730/LUFA/Drivers/USB/Core/AVR8/Endpoint_AVR8.o
 .debug_loc     0x00000000000010a5       0x49 obj_hhkb_lufa/protocol/lufa/LUFA-120730/LUFA/Drivers/USB/Core/AVR8/USBController_AVR8.o
 .debug_loc     0x00000000000010ee      0x247 obj_hhkb_lufa/protocol/lufa/LUFA-120730/LUFA/Drivers/USB/Core/AVR8/USBInterrupt_AVR8.o
 .debug_loc     0x0000000000001335     0x1f31 obj_hhkb_lufa/protocol/lufa/LUFA-120730/LUFA/Drivers/USB/Core/AVR8/EndpointStream_AVR8.o
 .debug_loc     0x0000000000003266      0x5bd obj_hhkb_lufa/protocol/lufa/LUFA-120730/LUFA/Drivers/USB/Core/ConfigDescriptors.o
 .debug_loc     0x0000000000003823      0x2f0 obj_hhkb_lufa/protocol/lufa/LUFA-120730/LUFA/Drivers/USB/Core/DeviceStandardReq.o
 .debug_loc     0x0000000000003b13       0x49 obj_hhkb_lufa/protocol/lufa/LUFA-120730/LUFA/Drivers/USB/Core/USBTask.o
 .debug_loc     0x0000000000003b5c      0x94c obj_hhkb_lufa/protocol/lufa/LUFA-120730/LUFA/Drivers/USB/Class/Common/HIDParser.o
 .debug_loc     0x00000000000044a8       0xd8 obj_hhkb_lufa/common/host.o
 .debug_loc     0x0000000000004580      0x132 obj_hhkb_lufa/common/keyboard.o
 .debug_loc     0x00000000000046b2      0x8f8 obj_hhkb_lufa/common/action.o
 .debug_loc     0x0000000000004faa      0x47c obj_hhkb_lufa/common/action_tapping.o
 .debug_loc     0x0000000000005426      0x4ca obj_hhkb_lufa/common/action_macro.o
 .debug_loc     0x00000000000058f0      0x427 obj_hhkb_lufa/common/action_layer.o
 .debug_loc     0x0000000000005d17      0x1b5 obj_hhkb_lufa/common/action_util.o
 .debug_loc     0x0000000000005ecc      0x139 obj_hhkb_lufa/common/keymap.o
 .debug_loc     0x0000000000006005      0x253 obj_hhkb_lufa/common/timer.o
 .debug_loc     0x0000000000006258       0x70 obj_hhkb_lufa/common/suspend.o
 .debug_loc     0x00000000000062c8      0x520 obj_hhkb_lufa/common/util.o
 .debug_loc     0x00000000000067e8      0x1fc obj_hhkb_lufa/common/bootmagic.o
 .debug_loc     0x00000000000069e4       0x84 obj_hhkb_lufa/common/eeconfig.o
 .debug_loc     0x0000000000006a68      0x3dc obj_hhkb_lufa/common/mousekey.o
 .debug_loc     0x0000000000006e44      0x34d obj_hhkb_lufa/common/command.o

.debug_macinfo
 *(.debug_macinfo)

.debug_pubtypes
 *(.debug_pubtypes)

.debug_ranges   0x0000000000000000      0xba8
 *(.debug_ranges)
 .debug_ranges  0x0000000000000000       0x10 obj_hhkb_lufa/keymap_jp.o
 .debug_ranges  0x0000000000000010       0x18 obj_hhkb_lufa/keymap_common.o
 .debug_ranges  0x0000000000000028       0xa8 obj_hhkb_lufa/matrix.o
 .debug_ranges  0x00000000000000d0       0x10 obj_hhkb_lufa/led.o
 .debug_ranges  0x00000000000000e0       0x80 obj_hhkb_lufa/protocol/lufa/lufa.o
 .debug_ranges  0x0000000000000160       0x10 obj_hhkb_lufa/protocol/lufa/descriptor.o
 .debug_ranges  0x0000000000000170       0x10 obj_hhkb_lufa/protocol/lufa/LUFA-120730/LUFA/Drivers/USB/Core/AVR8/Device_AVR8.o
 .debug_ranges  0x0000000000000180       0x98 obj_hhkb_lufa/protocol/lufa/LUFA-120730/LUFA/Drivers/USB/Core/AVR8/Endpoint_AVR8.o
 .debug_ranges  0x0000000000000218       0x20 obj_hhkb_lufa/protocol/lufa/LUFA-120730/LUFA/Drivers/USB/Core/AVR8/USBController_AVR8.o
 .debug_ranges  0x0000000000000238       0x20 obj_hhkb_lufa/protocol/lufa/LUFA-120730/LUFA/Drivers/USB/Core/AVR8/USBInterrupt_AVR8.o
 .debug_ranges  0x0000000000000258      0x2c8 obj_hhkb_lufa/protocol/lufa/LUFA-120730/LUFA/Drivers/USB/Core/AVR8/EndpointStream_AVR8.o
 .debug_ranges  0x0000000000000520       0x30 obj_hhkb_lufa/protocol/lufa/LUFA-120730/LUFA/Drivers/USB/Core/ConfigDescriptors.o
 .debug_ranges  0x0000000000000550       0x28 obj_hhkb_lufa/protocol/lufa/LUFA-120730/LUFA/Drivers/USB/Core/DeviceStandardReq.o
 .debug_ranges  0x0000000000000578       0x10 obj_hhkb_lufa/protocol/lufa/LUFA-120730/LUFA/Drivers/USB/Core/Events.o
 .debug_ranges  0x0000000000000588       0x10 obj_hhkb_lufa/protocol/lufa/LUFA-120730/LUFA/Drivers/USB/Core/USBTask.o
 .debug_ranges  0x0000000000000598       0xc8 obj_hhkb_lufa/protocol/lufa/LUFA-120730/LUFA/Drivers/USB/Class/Common/HIDParser.o
 .debug_ranges  0x0000000000000660       0x50 obj_hhkb_lufa/common/host.o
 .debug_ranges  0x00000000000006b0       0x38 obj_hhkb_lufa/common/keyboard.o
 .debug_ranges  0x00000000000006e8       0xf8 obj_hhkb_lufa/common/action.o
 .debug_ranges  0x00000000000007e0       0x60 obj_hhkb_lufa/common/action_tapping.o
 .debug_ranges  0x0000000000000840       0x10 obj_hhkb_lufa/common/action_macro.o
 .debug_ranges  0x0000000000000850       0x90 obj_hhkb_lufa/common/action_layer.o
 .debug_ranges  0x00000000000008e0       0xa0 obj_hhkb_lufa/common/action_util.o
 .debug_ranges  0x0000000000000980       0x28 obj_hhkb_lufa/common/keymap.o
 .debug_ranges  0x00000000000009a8       0x40 obj_hhkb_lufa/common/timer.o
 .debug_ranges  0x00000000000009e8       0x18 obj_hhkb_lufa/common/bootloader.o
 .debug_ranges  0x0000000000000a00       0x28 obj_hhkb_lufa/common/suspend.o
 .debug_ranges  0x0000000000000a28       0x50 obj_hhkb_lufa/common/util.o
 .debug_ranges  0x0000000000000a78       0x50 obj_hhkb_lufa/common/bootmagic.o
 .debug_ranges  0x0000000000000ac8       0x58 obj_hhkb_lufa/common/eeconfig.o
 .debug_ranges  0x0000000000000b20       0x40 obj_hhkb_lufa/common/mousekey.o
 .debug_ranges  0x0000000000000b60       0x48 obj_hhkb_lufa/common/command.o

.debug_macro
 *(.debug_macro)
OUTPUT(hhkb_lufa.elf elf32-avr)
LOAD linker stubs

Cross Reference Table

Symbol                                            File
CALLBACK_HIDParser_FilterHIDReportItem            obj_hhkb_lufa/protocol/lufa/LUFA-120730/LUFA/Drivers/USB/Class/Common/HIDParser.o
CALLBACK_USB_GetDescriptor                        obj_hhkb_lufa/protocol/lufa/descriptor.o
                                                  obj_hhkb_lufa/protocol/lufa/LUFA-120730/LUFA/Drivers/USB/Core/DeviceStandardReq.o
ConfigurationDescriptor                           obj_hhkb_lufa/protocol/lufa/descriptor.o
DeviceDescriptor                                  obj_hhkb_lufa/protocol/lufa/descriptor.o
EVENT_USB_Device_ConfigurationChanged             obj_hhkb_lufa/protocol/lufa/lufa.o
                                                  obj_hhkb_lufa/protocol/lufa/LUFA-120730/LUFA/Drivers/USB/Core/DeviceStandardReq.o
EVENT_USB_Device_Connect                          obj_hhkb_lufa/protocol/lufa/lufa.o
                                                  obj_hhkb_lufa/protocol/lufa/LUFA-120730/LUFA/Drivers/USB/Core/AVR8/USBInterrupt_AVR8.o
EVENT_USB_Device_ControlRequest                   obj_hhkb_lufa/protocol/lufa/lufa.o
                                                  obj_hhkb_lufa/protocol/lufa/LUFA-120730/LUFA/Drivers/USB/Core/DeviceStandardReq.o
EVENT_USB_Device_Disconnect                       obj_hhkb_lufa/protocol/lufa/lufa.o
                                                  obj_hhkb_lufa/protocol/lufa/LUFA-120730/LUFA/Drivers/USB/Core/AVR8/USBInterrupt_AVR8.o
EVENT_USB_Device_Reset                            obj_hhkb_lufa/protocol/lufa/lufa.o
                                                  obj_hhkb_lufa/protocol/lufa/LUFA-120730/LUFA/Drivers/USB/Core/AVR8/USBInterrupt_AVR8.o
EVENT_USB_Device_StartOfFrame                     obj_hhkb_lufa/protocol/lufa/lufa.o
                                                  obj_hhkb_lufa/protocol/lufa/LUFA-120730/LUFA/Drivers/USB/Core/AVR8/USBInterrupt_AVR8.o
EVENT_USB_Device_Suspend                          obj_hhkb_lufa/protocol/lufa/lufa.o
                                                  obj_hhkb_lufa/protocol/lufa/LUFA-120730/LUFA/Drivers/USB/Core/AVR8/USBInterrupt_AVR8.o
EVENT_USB_Device_WakeUp                           obj_hhkb_lufa/protocol/lufa/lufa.o
                                                  obj_hhkb_lufa/protocol/lufa/LUFA-120730/LUFA/Drivers/USB/Core/AVR8/USBInterrupt_AVR8.o
Endpoint_ClearEndpoints                           obj_hhkb_lufa/protocol/lufa/LUFA-120730/LUFA/Drivers/USB/Core/AVR8/Endpoint_AVR8.o
Endpoint_ClearStatusStage                         obj_hhkb_lufa/protocol/lufa/LUFA-120730/LUFA/Drivers/USB/Core/AVR8/Endpoint_AVR8.o
                                                  obj_hhkb_lufa/protocol/lufa/LUFA-120730/LUFA/Drivers/USB/Core/DeviceStandardReq.o
                                                  obj_hhkb_lufa/protocol/lufa/lufa.o
Endpoint_ConfigureEndpointTable                   obj_hhkb_lufa/protocol/lufa/LUFA-120730/LUFA/Drivers/USB/Core/AVR8/Endpoint_AVR8.o
Endpoint_ConfigureEndpoint_Prv                    obj_hhkb_lufa/protocol/lufa/LUFA-120730/LUFA/Drivers/USB/Core/AVR8/Endpoint_AVR8.o
                                                  obj_hhkb_lufa/protocol/lufa/LUFA-120730/LUFA/Drivers/USB/Core/AVR8/USBInterrupt_AVR8.o
                                                  obj_hhkb_lufa/protocol/lufa/LUFA-120730/LUFA/Drivers/USB/Core/AVR8/USBController_AVR8.o
                                                  obj_hhkb_lufa/protocol/lufa/lufa.o
Endpoint_Discard_Stream                           obj_hhkb_lufa/protocol/lufa/LUFA-120730/LUFA/Drivers/USB/Core/AVR8/EndpointStream_AVR8.o
Endpoint_Null_Stream                              obj_hhkb_lufa/protocol/lufa/LUFA-120730/LUFA/Drivers/USB/Core/AVR8/EndpointStream_AVR8.o
Endpoint_Read_Control_EStream_BE                  obj_hhkb_lufa/protocol/lufa/LUFA-120730/LUFA/Drivers/USB/Core/AVR8/EndpointStream_AVR8.o