Archive member included to satisfy reference by file (symbol)

/usr/local/Cellar/avr-gcc/4.9.3/lib/gcc/avr/4.9.3/../../../../avr/lib/avr5/libm.a(fixsfsi.o)
                              obj_hhkb_lufa/common/mousekey.o (__fixsfsi)
/usr/local/Cellar/avr-gcc/4.9.3/lib/gcc/avr/4.9.3/../../../../avr/lib/avr5/libm.a(fixunssfsi.o)
                              /usr/local/Cellar/avr-gcc/4.9.3/lib/gcc/avr/4.9.3/../../../../avr/lib/avr5/libm.a(fixsfsi.o) (__fixunssfsi)
/usr/local/Cellar/avr-gcc/4.9.3/lib/gcc/avr/4.9.3/../../../../avr/lib/avr5/libm.a(floatsisf.o)
                              obj_hhkb_lufa/common/mousekey.o (__floatsisf)
/usr/local/Cellar/avr-gcc/4.9.3/lib/gcc/avr/4.9.3/../../../../avr/lib/avr5/libm.a(fp_split3.o)
                              /usr/local/Cellar/avr-gcc/4.9.3/lib/gcc/avr/4.9.3/../../../../avr/lib/avr5/libm.a(fixunssfsi.o) (__fp_splitA)
/usr/local/Cellar/avr-gcc/4.9.3/lib/gcc/avr/4.9.3/../../../../avr/lib/avr5/libm.a(fp_zero.o)
                              /usr/local/Cellar/avr-gcc/4.9.3/lib/gcc/avr/4.9.3/../../../../avr/lib/avr5/libm.a(fixunssfsi.o) (__fp_zero)
/usr/local/Cellar/avr-gcc/4.9.3/lib/gcc/avr/4.9.3/../../../../avr/lib/avr5/libm.a(mulsf3.o)
                              obj_hhkb_lufa/common/mousekey.o (__mulsf3)
/usr/local/Cellar/avr-gcc/4.9.3/lib/gcc/avr/4.9.3/../../../../avr/lib/avr5/libm.a(mulsf3x.o)
                              /usr/local/Cellar/avr-gcc/4.9.3/lib/gcc/avr/4.9.3/../../../../avr/lib/avr5/libm.a(mulsf3.o) (__mulsf3x)
/usr/local/Cellar/avr-gcc/4.9.3/lib/gcc/avr/4.9.3/../../../../avr/lib/avr5/libm.a(fp_inf.o)
                              /usr/local/Cellar/avr-gcc/4.9.3/lib/gcc/avr/4.9.3/../../../../avr/lib/avr5/libm.a(mulsf3x.o) (__fp_inf)
/usr/local/Cellar/avr-gcc/4.9.3/lib/gcc/avr/4.9.3/../../../../avr/lib/avr5/libm.a(fp_nan.o)
                              /usr/local/Cellar/avr-gcc/4.9.3/lib/gcc/avr/4.9.3/../../../../avr/lib/avr5/libm.a(mulsf3x.o) (__fp_nan)
/usr/local/Cellar/avr-gcc/4.9.3/lib/gcc/avr/4.9.3/../../../../avr/lib/avr5/libm.a(fp_pscA.o)
                              /usr/local/Cellar/avr-gcc/4.9.3/lib/gcc/avr/4.9.3/../../../../avr/lib/avr5/libm.a(mulsf3x.o) (__fp_pscA)
/usr/local/Cellar/avr-gcc/4.9.3/lib/gcc/avr/4.9.3/../../../../avr/lib/avr5/libm.a(fp_pscB.o)
                              /usr/local/Cellar/avr-gcc/4.9.3/lib/gcc/avr/4.9.3/../../../../avr/lib/avr5/libm.a(mulsf3x.o) (__fp_pscB)
/usr/local/Cellar/avr-gcc/4.9.3/lib/gcc/avr/4.9.3/../../../../avr/lib/avr5/libm.a(fp_round.o)
                              /usr/local/Cellar/avr-gcc/4.9.3/lib/gcc/avr/4.9.3/../../../../avr/lib/avr5/libm.a(mulsf3.o) (__fp_round)
/usr/local/Cellar/avr-gcc/4.9.3/lib/gcc/avr/4.9.3/avr5/libgcc.a(_divmodhi4.o)
                              obj_hhkb_lufa/common/mousekey.o (__divmodhi4)
/usr/local/Cellar/avr-gcc/4.9.3/lib/gcc/avr/4.9.3/avr5/libgcc.a(_exit.o)
                              /usr/local/Cellar/avr-gcc/4.9.3/lib/gcc/avr/4.9.3/../../../../avr/lib/avr5/crtm32u4.o (exit)
/usr/local/Cellar/avr-gcc/4.9.3/lib/gcc/avr/4.9.3/avr5/libgcc.a(_tablejump2.o)
                              obj_hhkb_lufa/protocol/lufa/LUFA-120730/LUFA/Drivers/USB/Core/DeviceStandardReq.o (__tablejump2__)
/usr/local/Cellar/avr-gcc/4.9.3/lib/gcc/avr/4.9.3/avr5/libgcc.a(_copy_data.o)
                              obj_hhkb_lufa/protocol/lufa/lufa.o (__do_copy_data)
/usr/local/Cellar/avr-gcc/4.9.3/lib/gcc/avr/4.9.3/avr5/libgcc.a(_clear_bss.o)
                              obj_hhkb_lufa/keymap_jp.o (__do_clear_bss)
/usr/local/Cellar/avr-gcc/4.9.3/lib/gcc/avr/4.9.3/avr5/libgcc.a(_udivmodhi4.o)
                              /usr/local/Cellar/avr-gcc/4.9.3/lib/gcc/avr/4.9.3/avr5/libgcc.a(_divmodhi4.o) (__udivmodhi4)
/usr/local/Cellar/avr-gcc/4.9.3/lib/gcc/avr/4.9.3/../../../../avr/lib/avr5/libc.a(eerd_byte_atmega32u4.o)
                              obj_hhkb_lufa/protocol/lufa/LUFA-120730/LUFA/Drivers/USB/Core/AVR8/EndpointStream_AVR8.o (__eerd_byte_m32u4)
/usr/local/Cellar/avr-gcc/4.9.3/lib/gcc/avr/4.9.3/../../../../avr/lib/avr5/libc.a(eerd_word_atmega32u4.o)
                              obj_hhkb_lufa/common/eeconfig.o (__eerd_word_m32u4)
/usr/local/Cellar/avr-gcc/4.9.3/lib/gcc/avr/4.9.3/../../../../avr/lib/avr5/libc.a(eeupd_byte_atmega32u4.o)
                              obj_hhkb_lufa/protocol/lufa/LUFA-120730/LUFA/Drivers/USB/Core/AVR8/EndpointStream_AVR8.o (__eeupd_byte_m32u4)
/usr/local/Cellar/avr-gcc/4.9.3/lib/gcc/avr/4.9.3/../../../../avr/lib/avr5/libc.a(eewr_byte_atmega32u4.o)
                              obj_hhkb_lufa/common/eeconfig.o (__eewr_byte_m32u4)
/usr/local/Cellar/avr-gcc/4.9.3/lib/gcc/avr/4.9.3/../../../../avr/lib/avr5/libc.a(eewr_word_atmega32u4.o)
                              obj_hhkb_lufa/common/eeconfig.o (__eewr_word_m32u4)
/usr/local/Cellar/avr-gcc/4.9.3/lib/gcc/avr/4.9.3/../../../../avr/lib/avr5/libc.a(eerd_block_atmega32u4.o)
[...]
Memory Configuration

Name             Origin             Length             Attributes
text             0x0000000000000000 0x0000000000020000 xr
data             0x0000000000800060 0x000000000000ffa0 rw !x
eeprom           0x0000000000810000 0x0000000000010000 rw !x
fuse             0x0000000000820000 0x0000000000000400 rw !x
lock             0x0000000000830000 0x0000000000000400 rw !x
signature        0x0000000000840000 0x0000000000000400 rw !x
*default*        0x0000000000000000 0xffffffffffffffff

Linker script and memory map

Address of section .data set to 0x800100
LOAD /usr/local/Cellar/avr-gcc/4.9.3/lib/gcc/avr/4.9.3/../../../../avr/lib/avr5/crtm32u4.o
LOAD obj_hhkb_lufa/keymap_jp.o
LOAD obj_hhkb_lufa/keymap_common.o
LOAD obj_hhkb_lufa/matrix.o
LOAD obj_hhkb_lufa/led.o
LOAD obj_hhkb_lufa/protocol/lufa/lufa.o
LOAD obj_hhkb_lufa/protocol/lufa/descriptor.o
LOAD obj_hhkb_lufa/protocol/lufa/LUFA-120730/LUFA/Drivers/USB/Core/AVR8/Device_AVR8.o
LOAD obj_hhkb_lufa/protocol/lufa/LUFA-120730/LUFA/Drivers/USB/Core/AVR8/Endpoint_AVR8.o
LOAD obj_hhkb_lufa/protocol/lufa/LUFA-120730/LUFA/Drivers/USB/Core/AVR8/Host_AVR8.o
LOAD obj_hhkb_lufa/protocol/lufa/LUFA-120730/LUFA/Drivers/USB/Core/AVR8/Pipe_AVR8.o
LOAD obj_hhkb_lufa/protocol/lufa/LUFA-120730/LUFA/Drivers/USB/Core/AVR8/USBController_AVR8.o
LOAD obj_hhkb_lufa/protocol/lufa/LUFA-120730/LUFA/Drivers/USB/Core/AVR8/USBInterrupt_AVR8.o
LOAD obj_hhkb_lufa/protocol/lufa/LUFA-120730/LUFA/Drivers/USB/Core/AVR8/EndpointStream_AVR8.o
LOAD obj_hhkb_lufa/protocol/lufa/LUFA-120730/LUFA/Drivers/USB/Core/AVR8/PipeStream_AVR8.o
LOAD obj_hhkb_lufa/protocol/lufa/LUFA-120730/LUFA/Drivers/USB/Core/ConfigDescriptors.o
LOAD obj_hhkb_lufa/protocol/lufa/LUFA-120730/LUFA/Drivers/USB/Core/DeviceStandardReq.o
LOAD obj_hhkb_lufa/protocol/lufa/LUFA-120730/LUFA/Drivers/USB/Core/Events.o
LOAD obj_hhkb_lufa/protocol/lufa/LUFA-120730/LUFA/Drivers/USB/Core/HostStandardReq.o
LOAD obj_hhkb_lufa/protocol/lufa/LUFA-120730/LUFA/Drivers/USB/Core/USBTask.o
LOAD obj_hhkb_lufa/protocol/lufa/LUFA-120730/LUFA/Drivers/USB/Class/Common/HIDParser.o
LOAD obj_hhkb_lufa/common/host.o
LOAD obj_hhkb_lufa/common/keyboard.o
LOAD obj_hhkb_lufa/common/action.o
LOAD obj_hhkb_lufa/common/action_tapping.o
LOAD obj_hhkb_lufa/common/action_macro.o
LOAD obj_hhkb_lufa/common/action_layer.o
LOAD obj_hhkb_lufa/common/action_util.o
LOAD obj_hhkb_lufa/common/keymap.o
LOAD obj_hhkb_lufa/common/timer.o
LOAD obj_hhkb_lufa/common/print.o
LOAD obj_hhkb_lufa/common/debug.o
LOAD obj_hhkb_lufa/common/bootloader.o
LOAD obj_hhkb_lufa/common/suspend.o
LOAD obj_hhkb_lufa/common/xprintf.o
LOAD obj_hhkb_lufa/common/util.o
LOAD obj_hhkb_lufa/common/bootmagic.o
LOAD obj_hhkb_lufa/common/eeconfig.o
LOAD obj_hhkb_lufa/common/mousekey.o
LOAD obj_hhkb_lufa/common/command.o
LOAD /usr/local/Cellar/avr-gcc/4.9.3/lib/gcc/avr/4.9.3/../../../../avr/lib/avr5/libm.a
START GROUP
LOAD /usr/local/Cellar/avr-gcc/4.9.3/lib/gcc/avr/4.9.3/avr5/libgcc.a
LOAD /usr/local/Cellar/avr-gcc/4.9.3/lib/gcc/avr/4.9.3/../../../../avr/lib/avr5/libm.a
LOAD /usr/local/Cellar/avr-gcc/4.9.3/lib/gcc/avr/4.9.3/../../../../avr/lib/avr5/libc.a
END GROUP

.hash
 *(.hash)

.dynsym
 *(.dynsym)

.dynstr
 *(.dynstr)

.gnu.version
 *(.gnu.version)

.gnu.version_d
 *(.gnu.version_d)

.gnu.version_r
 *(.gnu.version_r)

.rel.init
 *(.rel.init)

.rela.init
 *(.rela.init)

.rel.text
 *(.rel.text)
 *(.rel.text.*)
 *(.rel.gnu.linkonce.t*)

.rela.text
 *(.rela.text)
 *(.rela.text.*)
 *(.rela.gnu.linkonce.t*)

.rel.fini
 *(.rel.fini)

.rela.fini
 *(.rela.fini)

.rel.rodata
 *(.rel.rodata)
 *(.rel.rodata.*)
 *(.rel.gnu.linkonce.r*)

.rela.rodata
 *(.rela.rodata)
 *(.rela.rodata.*)
 *(.rela.gnu.linkonce.r*)

.rel.data
 *(.rel.data)
 *(.rel.data.*)
 *(.rel.gnu.linkonce.d*)

.rela.data
 *(.rela.data)
 *(.rela.data.*)
 *(.rela.gnu.linkonce.d*)

.rel.ctors
 *(.rel.ctors)

.rela.ctors
 *(.rela.ctors)

.rel.dtors
 *(.rel.dtors)

.rela.dtors
 *(.rela.dtors)

.rel.got
 *(.rel.got)

.rela.got
 *(.rela.got)

.rel.bss
 *(.rel.bss)

.rela.bss
 *(.rela.bss)

.rel.plt
 *(.rel.plt)

.rela.plt
 *(.rela.plt)

.text           0x0000000000000000     0x426c
 *(.vectors)
 .vectors       0x0000000000000000       0xac /usr/local/Cellar/avr-gcc/4.9.3/lib/gcc/avr/4.9.3/../../../../avr/lib/avr5/crtm32u4.o
                0x0000000000000000                __vectors
                0x0000000000000000                __vector_default
 *(.vectors)
 *(.progmem.gcc*)
 .progmem.gcc_sw_table.USB_Device_ProcessControlRequest
                0x00000000000000ac       0x14 obj_hhkb_lufa/protocol/lufa/LUFA-120730/LUFA/Drivers/USB/Core/DeviceStandardReq.o
 .progmem.gcc_sw_table.process_action
                0x00000000000000c0       0x20 obj_hhkb_lufa/common/action.o
 .progmem.gcc_sw_table.command_proc
                0x00000000000000e0       0x86 obj_hhkb_lufa/common/command.o
                0x0000000000000166                . = ALIGN (0x2)
                0x0000000000000166                __trampolines_start = .
 *(.trampolines)
 .trampolines   0x0000000000000166        0x0 linker stubs
 *(.trampolines*)
                0x0000000000000166                __trampolines_end = .
 *(.progmem*)
 .progmem.data  0x0000000000000166      0x394 obj_hhkb_lufa/keymap_jp.o
                0x0000000000000166                fn_actions
                0x000000000000017a                keymaps
 .progmem.data  0x00000000000004fa        0xc obj_hhkb_lufa/matrix.o
 .progmem.data  0x0000000000000506      0x1a2 obj_hhkb_lufa/protocol/lufa/descriptor.o
                0x0000000000000506                ProductString
                0x000000000000051a                ManufacturerString
                0x000000000000052a                LanguageString
                0x000000000000052e                ConfigurationDescriptor
                0x000000000000059b                DeviceDescriptor
                0x00000000000005ad                NKROReport
                0x00000000000005e6                ExtrakeyReport
                0x000000000000061c                MouseReport
                0x0000000000000669                KeyboardReport
 .progmem.data  0x00000000000006a8       0x58 obj_hhkb_lufa/common/command.o
                0x0000000000000700                . = ALIGN (0x2)
 *(.jumptables)
 *(.jumptables*)
 *(.lowtext)
 *(.lowtext*)
                0x0000000000000700                __ctors_start = .
 *(.ctors)
                0x0000000000000700                __ctors_end = .
                0x0000000000000700                __dtors_start = .
 *(.dtors)
                0x0000000000000700                __dtors_end = .
 SORT(*)(.ctors)
 SORT(*)(.dtors)
 *(.init0)
 .init0         0x0000000000000700        0x0 /usr/local/Cellar/avr-gcc/4.9.3/lib/gcc/avr/4.9.3/../../../../avr/lib/avr5/crtm32u4.o
                0x0000000000000700                __init
 *(.init0)
 *(.init1)
 *(.init1)
 *(.init2)
 .init2         0x0000000000000700        0xc /usr/local/Cellar/avr-gcc/4.9.3/lib/gcc/avr/4.9.3/../../../../avr/lib/avr5/crtm32u4.o
 *(.init2)
 *(.init3)
 .init3         0x000000000000070c       0x4e obj_hhkb_lufa/common/bootloader.o
                0x000000000000070c                bootloader_jump_after_watchdog_reset
 *(.init3)
 *(.init4)
 .init4         0x000000000000075a       0x16 /usr/local/Cellar/avr-gcc/4.9.3/lib/gcc/avr/4.9.3/avr5/libgcc.a(_copy_data.o)
                0x000000000000075a                __do_copy_data
 .init4         0x0000000000000770       0x10 /usr/local/Cellar/avr-gcc/4.9.3/lib/gcc/avr/4.9.3/avr5/libgcc.a(_clear_bss.o)
                0x0000000000000770                __do_clear_bss
 *(.init4)
 *(.init5)
 *(.init5)
 *(.init6)
 *(.init6)
 *(.init7)
 *(.init7)
 *(.init8)
 *(.init8)
 *(.init9)
 .init9         0x0000000000000780        0x8 /usr/local/Cellar/avr-gcc/4.9.3/lib/gcc/avr/4.9.3/../../../../avr/lib/avr5/crtm32u4.o
 *(.init9)
 *(.text)
 .text          0x0000000000000788        0x4 /usr/local/Cellar/avr-gcc/4.9.3/lib/gcc/avr/4.9.3/../../../../avr/lib/avr5/crtm32u4.o
                0x0000000000000788                __vector_42
                0x0000000000000788                __vector_22
                0x0000000000000788                __vector_28
                0x0000000000000788                __vector_1
                0x0000000000000788                __vector_32
                0x0000000000000788                __vector_34
                0x0000000000000788                __vector_24
                0x0000000000000788                __bad_interrupt
                0x0000000000000788                __vector_6
                0x0000000000000788                __vector_31
                0x0000000000000788                __vector_35
                0x0000000000000788                __vector_39
                0x0000000000000788                __vector_3
                0x0000000000000788                __vector_23
                0x0000000000000788                __vector_30
                0x0000000000000788                __vector_25
                0x0000000000000788                __vector_11
                0x0000000000000788                __vector_13
                0x0000000000000788                __vector_17
                0x0000000000000788                __vector_19
                0x0000000000000788                __vector_7
                0x0000000000000788                __vector_41
                0x0000000000000788                __vector_27
                0x0000000000000788                __vector_5
                0x0000000000000788                __vector_33
                0x0000000000000788                __vector_37
                0x0000000000000788                __vector_4
                0x0000000000000788                __vector_9
                0x0000000000000788                __vector_2
                0x0000000000000788                __vector_15
                0x0000000000000788                __vector_36
                0x0000000000000788                __vector_29
                0x0000000000000788                __vector_40
                0x0000000000000788                __vector_8
                0x0000000000000788                __vector_26
                0x0000000000000788                __vector_14
                0x0000000000000788                __vector_16
                0x0000000000000788                __vector_18
                0x0000000000000788                __vector_20
                0x0000000000000788                __vector_38
 .text          0x000000000000078c      0x15c obj_hhkb_lufa/common/xprintf.o
                0x000000000000078c                xputc
                0x00000000000007a4                xputs
                0x00000000000007b2                xitoa
                0x00000000000008d6                __xprintf
                0x00000000000008e8                . = ALIGN (0x2)
 *(.text.*)
 .text.action_function
                0x00000000000008e8       0x38 obj_hhkb_lufa/keymap_jp.o
                0x00000000000008e8                action_function
 .text.keymap_key_to_keycode
                0x0000000000000920       0x24 obj_hhkb_lufa/keymap_common.o
                0x0000000000000920                keymap_key_to_keycode
 .text.keymap_fn_to_action
                0x0000000000000944       0x12 obj_hhkb_lufa/keymap_common.o
                0x0000000000000944                keymap_fn_to_action
 .text.matrix_init
                0x0000000000000956       0x54 obj_hhkb_lufa/matrix.o
                0x0000000000000956                matrix_init
 .text.matrix_scan
                0x00000000000009aa      0x16a obj_hhkb_lufa/matrix.o
                0x00000000000009aa                matrix_scan
 .text.matrix_get_row
                0x0000000000000b14       0x12 obj_hhkb_lufa/matrix.o
                0x0000000000000b14                matrix_get_row
 .text.matrix_print
                0x0000000000000b26       0x50 obj_hhkb_lufa/matrix.o
                0x0000000000000b26                matrix_print
 .text.led_set  0x0000000000000b76        0xe obj_hhkb_lufa/led.o
                0x0000000000000b76                led_set
 .text.keyboard_leds
                0x0000000000000b84        0x6 obj_hhkb_lufa/protocol/lufa/lufa.o
 .text.send_consumer
                0x0000000000000b8a       0x68 obj_hhkb_lufa/protocol/lufa/lufa.o
 .text.send_system
                0x0000000000000bf2       0x68 obj_hhkb_lufa/protocol/lufa/lufa.o
 .text.send_mouse
                0x0000000000000c5a       0x46 obj_hhkb_lufa/protocol/lufa/lufa.o
 .text.send_keyboard
                0x0000000000000ca0       0x9a obj_hhkb_lufa/protocol/lufa/lufa.o
 .text.EVENT_USB_Device_Connect
                0x0000000000000d3a        0x2 obj_hhkb_lufa/protocol/lufa/lufa.o
                0x0000000000000d3a                EVENT_USB_Device_Connect
 .text.EVENT_USB_Device_Disconnect
                0x0000000000000d3c        0x2 obj_hhkb_lufa/protocol/lufa/lufa.o
                0x0000000000000d3c                EVENT_USB_Device_Disconnect
 .text.EVENT_USB_Device_Reset
                0x0000000000000d3e        0x2 obj_hhkb_lufa/protocol/lufa/lufa.o
                0x0000000000000d3e                EVENT_USB_Device_Reset
 .text.EVENT_USB_Device_Suspend
                0x0000000000000d40        0x2 obj_hhkb_lufa/protocol/lufa/lufa.o
                0x0000000000000d40                EVENT_USB_Device_Suspend
 .text.EVENT_USB_Device_WakeUp
                0x0000000000000d42        0x4 obj_hhkb_lufa/protocol/lufa/lufa.o
                0x0000000000000d42                EVENT_USB_Device_WakeUp
 .text.EVENT_USB_Device_StartOfFrame
                0x0000000000000d46        0x2 obj_hhkb_lufa/protocol/lufa/lufa.o
                0x0000000000000d46                EVENT_USB_Device_StartOfFrame
 .text.EVENT_USB_Device_ConfigurationChanged
                0x0000000000000d48       0x28 obj_hhkb_lufa/protocol/lufa/lufa.o
                0x0000000000000d48                EVENT_USB_Device_ConfigurationChanged
 .text.EVENT_USB_Device_ControlRequest
                0x0000000000000d70      0x172 obj_hhkb_lufa/protocol/lufa/lufa.o
                0x0000000000000d70                EVENT_USB_Device_ControlRequest
 .text.startup.main
                0x0000000000000ee2       0x82 obj_hhkb_lufa/protocol/lufa/lufa.o
                0x0000000000000ee2                main
 .text.CALLBACK_USB_GetDescriptor
                0x0000000000000f64       0xb0 obj_hhkb_lufa/protocol/lufa/descriptor.o
                0x0000000000000f64                CALLBACK_USB_GetDescriptor
 .text.USB_Device_SendRemoteWakeup
                0x0000000000001014       0x2c obj_hhkb_lufa/protocol/lufa/LUFA-120730/LUFA/Drivers/USB/Core/AVR8/Device_AVR8.o
                0x0000000000001014                USB_Device_SendRemoteWakeup
 .text.Endpoint_ConfigureEndpoint_Prv
                0x0000000000001040       0x6a obj_hhkb_lufa/protocol/lufa/LUFA-120730/LUFA/Drivers/USB/Core/AVR8/Endpoint_AVR8.o
                0x0000000000001040                Endpoint_ConfigureEndpoint_Prv
 .text.Endpoint_ClearStatusStage
                0x00000000000010aa       0x3e obj_hhkb_lufa/protocol/lufa/LUFA-120730/LUFA/Drivers/USB/Core/AVR8/Endpoint_AVR8.o
                0x00000000000010aa                Endpoint_ClearStatusStage
 .text.Endpoint_WaitUntilReady
                0x00000000000010e8       0x64 obj_hhkb_lufa/protocol/lufa/LUFA-120730/LUFA/Drivers/USB/Core/AVR8/Endpoint_AVR8.o
                0x00000000000010e8                Endpoint_WaitUntilReady
 .text.USB_Disable
                0x000000000000114c       0x34 obj_hhkb_lufa/protocol/lufa/LUFA-120730/LUFA/Drivers/USB/Core/AVR8/USBController_AVR8.o
                0x000000000000114c                USB_Disable
 .text.USB_ResetInterface
                0x0000000000001180       0x86 obj_hhkb_lufa/protocol/lufa/LUFA-120730/LUFA/Drivers/USB/Core/AVR8/USBController_AVR8.o
                0x0000000000001180                USB_ResetInterface
 .text.USB_Init
                0x0000000000001206       0x18 obj_hhkb_lufa/protocol/lufa/LUFA-120730/LUFA/Drivers/USB/Core/AVR8/USBController_AVR8.o
                0x0000000000001206                USB_Init
 .text.USB_INT_DisableAllInterrupts
                0x000000000000121e       0x10 obj_hhkb_lufa/protocol/lufa/LUFA-120730/LUFA/Drivers/USB/Core/AVR8/USBInterrupt_AVR8.o
                0x000000000000121e                USB_INT_DisableAllInterrupts
 .text.USB_INT_ClearAllInterrupts
                0x000000000000122e        0xa obj_hhkb_lufa/protocol/lufa/LUFA-120730/LUFA/Drivers/USB/Core/AVR8/USBInterrupt_AVR8.o
                0x000000000000122e                USB_INT_ClearAllInterrupts
 .text.__vector_10
                0x0000000000001238      0x196 obj_hhkb_lufa/protocol/lufa/LUFA-120730/LUFA/Drivers/USB/Core/AVR8/USBInterrupt_AVR8.o
                0x0000000000001238                __vector_10
 .text.Endpoint_Write_Stream_LE
                0x00000000000013ce       0x9a obj_hhkb_lufa/protocol/lufa/LUFA-120730/LUFA/Drivers/USB/Core/AVR8/EndpointStream_AVR8.o
                0x00000000000013ce                Endpoint_Write_Stream_LE
 .text.Endpoint_Write_Control_Stream_LE
                0x0000000000001468       0xbe obj_hhkb_lufa/protocol/lufa/LUFA-120730/LUFA/Drivers/USB/Core/AVR8/EndpointStream_AVR8.o
                0x0000000000001468                Endpoint_Write_Control_Stream_LE
 .text.Endpoint_Write_Control_PStream_LE
                0x0000000000001526       0xba obj_hhkb_lufa/protocol/lufa/LUFA-120730/LUFA/Drivers/USB/Core/AVR8/EndpointStream_AVR8.o
                0x0000000000001526                Endpoint_Write_Control_PStream_LE
 .text.USB_Device_ProcessControlRequest
                0x00000000000015e0      0x2a8 obj_hhkb_lufa/protocol/lufa/LUFA-120730/LUFA/Drivers/USB/Core/DeviceStandardReq.o
                0x00000000000015e0                USB_Device_ProcessControlRequest
 .text.USB_USBTask
                0x0000000000001888       0x36 obj_hhkb_lufa/protocol/lufa/LUFA-120730/LUFA/Drivers/USB/Core/USBTask.o
                0x0000000000001888                USB_USBTask
 .text.host_set_driver
                0x00000000000018be        0xa obj_hhkb_lufa/common/host.o
                0x00000000000018be                host_set_driver
 .text.host_get_driver
                0x00000000000018c8        0xa obj_hhkb_lufa/common/host.o
                0x00000000000018c8                host_get_driver
 .text.host_keyboard_leds
                0x00000000000018d2       0x18 obj_hhkb_lufa/common/host.o
                0x00000000000018d2                host_keyboard_leds
 .text.host_keyboard_send
                0x00000000000018ea       0x16 obj_hhkb_lufa/common/host.o
                0x00000000000018ea                host_keyboard_send
 .text.host_mouse_send
                0x0000000000001900       0x16 obj_hhkb_lufa/common/host.o
                0x0000000000001900                host_mouse_send
 .text.host_system_send
                0x0000000000001916       0x2c obj_hhkb_lufa/common/host.o
                0x0000000000001916                host_system_send
 .text.host_consumer_send
                0x0000000000001942       0x2c obj_hhkb_lufa/common/host.o
                0x0000000000001942                host_consumer_send
 .text.keyboard_init
                0x000000000000196e        0xc obj_hhkb_lufa/common/keyboard.o
                0x000000000000196e                keyboard_init
 .text.keyboard_task
                0x000000000000197a      0x146 obj_hhkb_lufa/common/keyboard.o
                0x000000000000197a                keyboard_task
 .text.action_exec
                0x0000000000001ac0       0x5c obj_hhkb_lufa/common/action.o
                0x0000000000001ac0                action_exec
 .text.register_code
                0x0000000000001b1c      0x13e obj_hhkb_lufa/common/action.o
                0x0000000000001b1c                register_code
 .text.unregister_code
                0x0000000000001c5a       0x50 obj_hhkb_lufa/common/action.o
                0x0000000000001c5a                unregister_code
 .text.register_mods
                0x0000000000001caa        0xe obj_hhkb_lufa/common/action.o
                0x0000000000001caa                register_mods
 .text.unregister_mods
                0x0000000000001cb8        0xe obj_hhkb_lufa/common/action.o
                0x0000000000001cb8                unregister_mods
 .text.process_action
                0x0000000000001cc6      0x616 obj_hhkb_lufa/common/action.o
                0x0000000000001cc6                process_action
 .text.clear_keyboard_but_mods
                0x00000000000022dc       0x24 obj_hhkb_lufa/common/action.o
                0x00000000000022dc                clear_keyboard_but_mods
 .text.clear_keyboard
                0x0000000000002300        0x8 obj_hhkb_lufa/common/action.o
                0x0000000000002300                clear_keyboard
 .text.is_tap_key
                0x0000000000002308       0x40 obj_hhkb_lufa/common/action.o
                0x0000000000002308                is_tap_key
 .text.debug_event
                0x0000000000002348       0x1e obj_hhkb_lufa/common/action.o
                0x0000000000002348                debug_event
 .text.debug_record
                0x0000000000002366       0x20 obj_hhkb_lufa/common/action.o
                0x0000000000002366                debug_record
 .text.debug_waiting_buffer
                0x0000000000002386       0x42 obj_hhkb_lufa/common/action_tapping.o
 .text.debug_tapping_key
                0x00000000000023c8       0x1c obj_hhkb_lufa/common/action_tapping.o
 .text.waiting_buffer_scan_tap
                0x00000000000023e4       0xb6 obj_hhkb_lufa/common/action_tapping.o
 .text.process_tapping
                0x000000000000249a      0x3a0 obj_hhkb_lufa/common/action_tapping.o
 .text.action_tapping_process
                0x000000000000283a      0x148 obj_hhkb_lufa/common/action_tapping.o
                0x000000000000283a                action_tapping_process
 .text.action_macro_play
                0x0000000000002982       0xf6 obj_hhkb_lufa/common/action_macro.o
                0x0000000000002982                action_macro_play
 .text.default_layer_debug
                0x0000000000002a78        0x2 obj_hhkb_lufa/common/action_layer.o
                0x0000000000002a78                default_layer_debug
 .text.default_layer_set
                0x0000000000002a7a       0x14 obj_hhkb_lufa/common/action_layer.o
                0x0000000000002a7a                default_layer_set
 .text.default_layer_or
                0x0000000000002a8e       0x38 obj_hhkb_lufa/common/action_layer.o
                0x0000000000002a8e                default_layer_or
 .text.default_layer_and
                0x0000000000002ac6       0x38 obj_hhkb_lufa/common/action_layer.o
                0x0000000000002ac6                default_layer_and
 .text.default_layer_xor
                0x0000000000002afe       0x38 obj_hhkb_lufa/common/action_layer.o
                0x0000000000002afe                default_layer_xor
 .text.layer_clear
                0x0000000000002b36       0x14 obj_hhkb_lufa/common/action_layer.o
                0x0000000000002b36                layer_clear
 .text.layer_move
                0x0000000000002b4a       0x2a obj_hhkb_lufa/common/action_layer.o
                0x0000000000002b4a                layer_move
 .text.layer_on
                0x0000000000002b74       0x42 obj_hhkb_lufa/common/action_layer.o
                0x0000000000002b74                layer_on
 .text.layer_off
                0x0000000000002bb6       0x4a obj_hhkb_lufa/common/action_layer.o
                0x0000000000002bb6                layer_off
 .text.layer_invert
                0x0000000000002c00       0x42 obj_hhkb_lufa/common/action_layer.o
                0x0000000000002c00                layer_invert
 .text.layer_or
                0x0000000000002c42       0x38 obj_hhkb_lufa/common/action_layer.o
                0x0000000000002c42                layer_or
 .text.layer_and
                0x0000000000002c7a       0x38 obj_hhkb_lufa/common/action_layer.o
                0x0000000000002c7a                layer_and
 .text.layer_xor
                0x0000000000002cb2       0x38 obj_hhkb_lufa/common/action_layer.o
                0x0000000000002cb2                layer_xor
 .text.layer_debug
                0x0000000000002cea        0x2 obj_hhkb_lufa/common/action_layer.o
                0x0000000000002cea                layer_debug
 .text.layer_switch_get_action
                0x0000000000002cec       0x82 obj_hhkb_lufa/common/action_layer.o
                0x0000000000002cec                layer_switch_get_action
 .text.add_key  0x0000000000002d6e       0x76 obj_hhkb_lufa/common/action_util.o
                0x0000000000002d6e                add_key
 .text.del_key  0x0000000000002de4       0x60 obj_hhkb_lufa/common/action_util.o
                0x0000000000002de4                del_key
 .text.clear_keys
                0x0000000000002e44       0x1c obj_hhkb_lufa/common/action_util.o
                0x0000000000002e44                clear_keys
 .text.add_mods
                0x0000000000002e60        0xc obj_hhkb_lufa/common/action_util.o
                0x0000000000002e60                add_mods
 .text.del_mods
                0x0000000000002e6c        0xe obj_hhkb_lufa/common/action_util.o
                0x0000000000002e6c                del_mods
 .text.clear_mods
                0x0000000000002e7a        0x6 obj_hhkb_lufa/common/action_util.o
                0x0000000000002e7a                clear_mods
 .text.add_weak_mods
                0x0000000000002e80        0xc obj_hhkb_lufa/common/action_util.o
                0x0000000000002e80                add_weak_mods
 .text.del_weak_mods
                0x0000000000002e8c        0xe obj_hhkb_lufa/common/action_util.o
                0x0000000000002e8c                del_weak_mods
 .text.clear_weak_mods
                0x0000000000002e9a        0x6 obj_hhkb_lufa/common/action_util.o
                0x0000000000002e9a                clear_weak_mods
 .text.set_oneshot_mods
                0x0000000000002ea0       0x12 obj_hhkb_lufa/common/action_util.o
                0x0000000000002ea0                set_oneshot_mods
 .text.clear_oneshot_mods
                0x0000000000002eb2        0xe obj_hhkb_lufa/common/action_util.o
                0x0000000000002eb2                clear_oneshot_mods
 .text.has_anykey
                0x0000000000002ec0       0x22 obj_hhkb_lufa/common/action_util.o
                0x0000000000002ec0                has_anykey
 .text.send_keyboard_report
                0x0000000000002ee2       0x92 obj_hhkb_lufa/common/action_util.o
                0x0000000000002ee2                send_keyboard_report
 .text.keycode_to_action
                0x0000000000002f74      0x144 obj_hhkb_lufa/common/keymap.o
 .text.action_for_key
                0x00000000000030b8       0xe6 obj_hhkb_lufa/common/keymap.o
                0x00000000000030b8                action_for_key
 .text.action_get_macro
                0x000000000000319e        0x6 obj_hhkb_lufa/common/keymap.o
                0x000000000000319e                action_get_macro
 .text.timer_init
                0x00000000000031a4       0x12 obj_hhkb_lufa/common/timer.o
                0x00000000000031a4                timer_init
 .text.timer_read
                0x00000000000031b6       0x18 obj_hhkb_lufa/common/timer.o
                0x00000000000031b6                timer_read
 .text.timer_elapsed
                0x00000000000031ce       0x54 obj_hhkb_lufa/common/timer.o
                0x00000000000031ce                timer_elapsed
 .text.__vector_21
                0x0000000000003222       0x4a obj_hhkb_lufa/common/timer.o
                0x0000000000003222                __vector_21
 .text.bootloader_jump
                0x000000000000326c       0x44 obj_hhkb_lufa/common/bootloader.o
                0x000000000000326c                bootloader_jump
 .text.suspend_power_down
                0x00000000000032b0       0x44 obj_hhkb_lufa/common/suspend.o
                0x00000000000032b0                suspend_power_down
 .text.suspend_wakeup_condition
                0x00000000000032f4       0x20 obj_hhkb_lufa/common/suspend.o
                0x00000000000032f4                suspend_wakeup_condition
 .text.suspend_wakeup_init
                0x0000000000003314        0x4 obj_hhkb_lufa/common/suspend.o
                0x0000000000003314                suspend_wakeup_init
 .text.__vector_12
                0x0000000000003318       0x14 obj_hhkb_lufa/common/suspend.o
                0x0000000000003318                __vector_12
 .text.bitrev   0x000000000000332c       0x2c obj_hhkb_lufa/common/util.o
                0x000000000000332c                bitrev
 .text.scan_keycode
                0x0000000000003358       0x64 obj_hhkb_lufa/common/bootmagic.o
 .text.bootmagic_scan_keycode
                0x00000000000033bc       0x1c obj_hhkb_lufa/common/bootmagic.o
                0x00000000000033bc                bootmagic_scan_keycode
 .text.bootmagic
                0x00000000000033d8      0x25a obj_hhkb_lufa/common/bootmagic.o
                0x00000000000033d8                bootmagic
 .text.eeconfig_init
                0x0000000000003632       0x34 obj_hhkb_lufa/common/eeconfig.o
                0x0000000000003632                eeconfig_init
 .text.eeconfig_is_enabled
                0x0000000000003666       0x16 obj_hhkb_lufa/common/eeconfig.o
                0x0000000000003666                eeconfig_is_enabled
 .text.eeconfig_read_debug
                0x000000000000367c        0x8 obj_hhkb_lufa/common/eeconfig.o
                0x000000000000367c                eeconfig_read_debug
 .text.eeconfig_write_debug
                0x0000000000003684        0xa obj_hhkb_lufa/common/eeconfig.o
                0x0000000000003684                eeconfig_write_debug
 .text.eeconfig_read_default_layer
                0x000000000000368e        0x8 obj_hhkb_lufa/common/eeconfig.o
                0x000000000000368e                eeconfig_read_default_layer
 .text.eeconfig_write_default_layer
                0x0000000000003696        0xa obj_hhkb_lufa/common/eeconfig.o
                0x0000000000003696                eeconfig_write_default_layer
 .text.eeconfig_read_keymap
                0x00000000000036a0        0x8 obj_hhkb_lufa/common/eeconfig.o
                0x00000000000036a0                eeconfig_read_keymap
 .text.eeconfig_write_keymap
                0x00000000000036a8        0xa obj_hhkb_lufa/common/eeconfig.o
                0x00000000000036a8                eeconfig_write_keymap
 .text.move_unit
                0x00000000000036b2       0x92 obj_hhkb_lufa/common/mousekey.o
 .text.wheel_unit
                0x0000000000003744       0x72 obj_hhkb_lufa/common/mousekey.o
 .text.mousekey_on
                0x00000000000037b6       0xd0 obj_hhkb_lufa/common/mousekey.o
                0x00000000000037b6                mousekey_on
 .text.mousekey_off
                0x0000000000003886      0x10a obj_hhkb_lufa/common/mousekey.o
                0x0000000000003886                mousekey_off
 .text.mousekey_send
                0x0000000000003990       0x16 obj_hhkb_lufa/common/mousekey.o
                0x0000000000003990                mousekey_send
 .text.mousekey_task
                0x00000000000039a6      0x14c obj_hhkb_lufa/common/mousekey.o
                0x00000000000039a6                mousekey_task
 .text.mousekey_clear
                0x0000000000003af2       0x18 obj_hhkb_lufa/common/mousekey.o
                0x0000000000003af2                mousekey_clear
 .text.mousekey_param_inc
                0x0000000000003b0a       0xec obj_hhkb_lufa/common/command.o
 .text.mousekey_param_dec
                0x0000000000003bf6       0xa0 obj_hhkb_lufa/common/command.o
 .text.command_extra
                0x0000000000003c96        0x4 obj_hhkb_lufa/common/command.o
                0x0000000000003c96                command_extra
 .text.command_proc
                0x0000000000003c9a      0x2cc obj_hhkb_lufa/common/command.o
                0x0000000000003c9a                command_proc
 .text.avr-libc.fplib
                0x0000000000003f66        0xa /usr/local/Cellar/avr-gcc/4.9.3/lib/gcc/avr/4.9.3/../../../../avr/lib/avr5/libm.a(fixsfsi.o)
                0x0000000000003f66                __fixsfsi
 .text.avr-libc.fplib
                0x0000000000003f70       0x58 /usr/local/Cellar/avr-gcc/4.9.3/lib/gcc/avr/4.9.3/../../../../avr/lib/avr5/libm.a(fixunssfsi.o)
                0x0000000000003f70                __fixunssfsi
 .text.avr-libc.fplib
                0x0000000000003fc8       0x7a /usr/local/Cellar/avr-gcc/4.9.3/lib/gcc/avr/4.9.3/../../../../avr/lib/avr5/libm.a(floatsisf.o)
                0x0000000000003fc8                __floatunsisf
                0x0000000000003fcc                __floatsisf
 .text.avr-libc.fplib
                0x0000000000004042       0x44 /usr/local/Cellar/avr-gcc/4.9.3/lib/gcc/avr/4.9.3/../../../../avr/lib/avr5/libm.a(fp_split3.o)
                0x0000000000004042                __fp_split3
                0x0000000000004052                __fp_splitA
 .text.avr-libc.fplib
                0x0000000000004086        0xe /usr/local/Cellar/avr-gcc/4.9.3/lib/gcc/avr/4.9.3/../../../../avr/lib/avr5/libm.a(fp_zero.o)
                0x0000000000004086                __fp_zero
                0x0000000000004088                __fp_szero
 .text.avr-libc.fplib
                0x0000000000004094        0x4 /usr/local/Cellar/avr-gcc/4.9.3/lib/gcc/avr/4.9.3/../../../../avr/lib/avr5/libm.a(mulsf3.o)
                0x0000000000004094                __mulsf3
 .text.avr-libc.fplib
                0x0000000000004098       0xc2 /usr/local/Cellar/avr-gcc/4.9.3/lib/gcc/avr/4.9.3/../../../../avr/lib/avr5/libm.a(mulsf3x.o)
                0x00000000000040ac                __mulsf3x
                0x00000000000040b0                __mulsf3_pse
 .text.avr-libc.fplib
                0x000000000000415a        0xc /usr/local/Cellar/avr-gcc/4.9.3/lib/gcc/avr/4.9.3/../../../../avr/lib/avr5/libm.a(fp_inf.o)
                0x000000000000415a                __fp_inf
 .text.avr-libc.fplib
                0x0000000000004166        0x6 /usr/local/Cellar/avr-gcc/4.9.3/lib/gcc/avr/4.9.3/../../../../avr/lib/avr5/libm.a(fp_nan.o)
                0x0000000000004166                __fp_nan
 .text.avr-libc.fplib
                0x000000000000416c        0xe /usr/local/Cellar/avr-gcc/4.9.3/lib/gcc/avr/4.9.3/../../../../avr/lib/avr5/libm.a(fp_pscA.o)
                0x000000000000416c                __fp_pscA
 .text.avr-libc.fplib
                0x000000000000417a        0xe /usr/local/Cellar/avr-gcc/4.9.3/lib/gcc/avr/4.9.3/../../../../avr/lib/avr5/libm.a(fp_pscB.o)
                0x000000000000417a                __fp_pscB
 .text.avr-libc.fplib
                0x0000000000004188       0x22 /usr/local/Cellar/avr-gcc/4.9.3/lib/gcc/avr/4.9.3/../../../../avr/lib/avr5/libm.a(fp_round.o)
                0x0000000000004188                __fp_round
 .text.libgcc.div
                0x00000000000041aa       0x28 /usr/local/Cellar/avr-gcc/4.9.3/lib/gcc/avr/4.9.3/avr5/libgcc.a(_divmodhi4.o)
                0x00000000000041aa                __divmodhi4
                0x00000000000041aa                _div
 .text.libgcc   0x00000000000041d2        0xc /usr/local/Cellar/avr-gcc/4.9.3/lib/gcc/avr/4.9.3/avr5/libgcc.a(_tablejump2.o)
                0x00000000000041d2                __tablejump2__
 .text.libgcc.div
                0x00000000000041de       0x28 /usr/local/Cellar/avr-gcc/4.9.3/lib/gcc/avr/4.9.3/avr5/libgcc.a(_udivmodhi4.o)
                0x00000000000041de                __udivmodhi4
 .text.avr-libc
                0x0000000000004206       0x10 /usr/local/Cellar/avr-gcc/4.9.3/lib/gcc/avr/4.9.3/../../../../avr/lib/avr5/libc.a(eerd_byte_atmega32u4.o)
                0x0000000000004206                __eerd_byte_m32u4
 .text.avr-libc
                0x0000000000004216        0xc /usr/local/Cellar/avr-gcc/4.9.3/lib/gcc/avr/4.9.3/../../../../avr/lib/avr5/libc.a(eerd_word_atmega32u4.o)
                0x0000000000004216                __eerd_word_m32u4
 .text.avr-libc
                0x0000000000004222       0x1c /usr/local/Cellar/avr-gcc/4.9.3/lib/gcc/avr/4.9.3/../../../../avr/lib/avr5/libc.a(eewr_byte_atmega32u4.o)
                0x0000000000004222                __eewr_byte_m32u4
                0x0000000000004224                __eewr_r18_m32u4
 .text.avr-libc
                0x000000000000423e        0xa /usr/local/Cellar/avr-gcc/4.9.3/lib/gcc/avr/4.9.3/../../../../avr/lib/avr5/libc.a(eewr_word_atmega32u4.o)
                0x000000000000423e                __eewr_word_m32u4
 .text.avr-libc
                0x0000000000004248       0x20 /usr/local/Cellar/avr-gcc/4.9.3/lib/gcc/avr/4.9.3/../../../../avr/lib/avr5/libc.a(eerd_block_atmega32u4.o)
                0x0000000000004248                __eerd_block_m32u4
                0x000000000000424c                __eerd_blraw_m32u4
                0x0000000000004268                . = ALIGN (0x2)
 *(.fini9)
 .fini9         0x0000000000004268        0x0 /usr/local/Cellar/avr-gcc/4.9.3/lib/gcc/avr/4.9.3/avr5/libgcc.a(_exit.o)
                0x0000000000004268                exit
                0x0000000000004268                _exit
 *(.fini9)
 *(.fini8)
 *(.fini8)
 *(.fini7)
 *(.fini7)
 *(.fini6)
 *(.fini6)
 *(.fini5)
 *(.fini5)
 *(.fini4)
 *(.fini4)
 *(.fini3)
 *(.fini3)
 *(.fini2)
 *(.fini2)
 *(.fini1)
 *(.fini1)
 *(.fini0)
 .fini0         0x0000000000004268        0x4 /usr/local/Cellar/avr-gcc/4.9.3/lib/gcc/avr/4.9.3/avr5/libgcc.a(_exit.o)
 *(.fini0)
                0x000000000000426c                _etext = .

.data           0x0000000000800100       0x32 load address 0x000000000000426c
                0x0000000000800100                PROVIDE (__data_start, .)
 *(.data)
 .data          0x0000000000800100        0xb obj_hhkb_lufa/protocol/lufa/lufa.o
                0x0000000000800100                lufa_driver
                0x000000000080010a                keyboard_protocol
 .data          0x000000000080010b        0x1 obj_hhkb_lufa/common/host.o
                0x000000000080010b                keyboard_nkro
 .data          0x000000000080010c        0x2 obj_hhkb_lufa/common/action_util.o
                0x000000000080010c                keyboard_report
 .data          0x000000000080010e        0x6 obj_hhkb_lufa/common/mousekey.o
                0x000000000080010e                mk_wheel_time_to_max
                0x000000000080010f                mk_wheel_max_speed
                0x0000000000800110                mk_time_to_max
                0x0000000000800111                mk_max_speed
                0x0000000000800112                mk_interval
                0x0000000000800113                mk_delay
 *(.data*)
 *(.rodata)
 .rodata        0x0000000000800114       0x14 obj_hhkb_lufa/protocol/lufa/descriptor.o
 .rodata        0x0000000000800128        0xa obj_hhkb_lufa/common/command.o
 *(.rodata*)
 *(.gnu.linkonce.d*)
                0x0000000000800132                . = ALIGN (0x2)
                0x0000000000800132                _edata = .
                0x0000000000800132                PROVIDE (__data_end, .)

.bss            0x0000000000800132       0xc4
                0x0000000000800132                PROVIDE (__bss_start, .)
 *(.bss)
 .bss           0x0000000000800132       0x24 obj_hhkb_lufa/matrix.o
 .bss           0x0000000000800156       0x12 obj_hhkb_lufa/protocol/lufa/lufa.o
                0x0000000000800156                keyboard_idle
 .bss           0x0000000000800168        0x6 obj_hhkb_lufa/common/host.o
 .bss           0x000000000080016e       0x11 obj_hhkb_lufa/common/keyboard.o
 .bss           0x000000000080017f       0x38 obj_hhkb_lufa/common/action_tapping.o
 .bss           0x00000000008001b7        0x8 obj_hhkb_lufa/common/action_layer.o
                0x00000000008001b7                layer_state
                0x00000000008001bb                default_layer_state
 .bss           0x00000000008001bf       0x15 obj_hhkb_lufa/common/action_util.o
 .bss           0x00000000008001d4        0x4 obj_hhkb_lufa/common/timer.o
                0x00000000008001d4                timer_count
 .bss           0x00000000008001d8        0x1 obj_hhkb_lufa/common/debug.o
                0x00000000008001d8                debug_config
 .bss           0x00000000008001d9        0x2 obj_hhkb_lufa/common/xprintf.o
                0x00000000008001d9                xfunc_out
 .bss           0x00000000008001db        0x9 obj_hhkb_lufa/common/mousekey.o
 .bss           0x00000000008001e4        0x4 obj_hhkb_lufa/common/command.o
 *(.bss*)
 *(COMMON)
 COMMON         0x00000000008001e8        0x1 obj_hhkb_lufa/keymap_jp.o
                0x00000000008001e8                keymap_config
 COMMON         0x00000000008001e9        0x3 obj_hhkb_lufa/protocol/lufa/LUFA-120730/LUFA/Drivers/USB/Core/DeviceStandardReq.o
                0x00000000008001e9                USB_Device_ConfigurationNumber
                0x00000000008001ea                USB_Device_CurrentlySelfPowered
                0x00000000008001eb                USB_Device_RemoteWakeupEnabled
 COMMON         0x00000000008001ec        0xa obj_hhkb_lufa/protocol/lufa/LUFA-120730/LUFA/Drivers/USB/Core/USBTask.o
                0x00000000008001ec                USB_IsInitialized
                0x00000000008001ed                USB_DeviceState
                0x00000000008001ee                USB_ControlRequest
                0x00000000008001f6                PROVIDE (__bss_end, .)
                0x000000000000426c                __data_load_start = LOADADDR (.data)
                0x000000000000429e                __data_load_end = (__data_load_start + SIZEOF (.data))

.noinit         0x00000000008001f6        0x4
                0x00000000008001f6                PROVIDE (__noinit_start, .)
 *(.noinit*)
 .noinit        0x00000000008001f6        0x4 obj_hhkb_lufa/common/bootloader.o
                0x00000000008001f6                reset_key
                0x00000000008001fa                PROVIDE (__noinit_end, .)
                0x00000000008001fa                _end = .
                0x00000000008001fa                PROVIDE (__heap_start, .)

.eeprom         0x0000000000810000        0x0
 *(.eeprom*)
                0x0000000000810000                __eeprom_end = .

.fuse
 *(.fuse)
 *(.lfuse)
 *(.hfuse)
 *(.efuse)

.lock
 *(.lock*)

.signature
 *(.signature*)

.stab           0x0000000000000000      0xde0
 *(.stab)
 .stab          0x0000000000000000      0x8b8 obj_hhkb_lufa/common/xprintf.o
 .stab          0x00000000000008b8      0x138 /usr/local/Cellar/avr-gcc/4.9.3/lib/gcc/avr/4.9.3/avr5/libgcc.a(_divmodhi4.o)
                                        0x144 (size before relaxing)
 .stab          0x00000000000009f0       0x6c /usr/local/Cellar/avr-gcc/4.9.3/lib/gcc/avr/4.9.3/avr5/libgcc.a(_exit.o)
                                         0x78 (size before relaxing)
 .stab          0x0000000000000a5c       0x9c /usr/local/Cellar/avr-gcc/4.9.3/lib/gcc/avr/4.9.3/avr5/libgcc.a(_tablejump2.o)
                                         0xa8 (size before relaxing)
 .stab          0x0000000000000af8       0xd8 /usr/local/Cellar/avr-gcc/4.9.3/lib/gcc/avr/4.9.3/avr5/libgcc.a(_copy_data.o)
                                         0xe4 (size before relaxing)
 .stab          0x0000000000000bd0       0xb4 /usr/local/Cellar/avr-gcc/4.9.3/lib/gcc/avr/4.9.3/avr5/libgcc.a(_clear_bss.o)
                                         0xc0 (size before relaxing)
 .stab          0x0000000000000c84      0x15c /usr/local/Cellar/avr-gcc/4.9.3/lib/gcc/avr/4.9.3/avr5/libgcc.a(_udivmodhi4.o)
                                        0x168 (size before relaxing)

.stabstr        0x0000000000000000      0x289
 *(.stabstr)
 .stabstr       0x0000000000000000      0x289 obj_hhkb_lufa/common/xprintf.o

.stab.excl
 *(.stab.excl)

.stab.exclstr
 *(.stab.exclstr)

.stab.index
 *(.stab.index)

.stab.indexstr
 *(.stab.indexstr)

.comment        0x0000000000000000       0x22
 *(.comment)
 .comment       0x0000000000000000       0x11 obj_hhkb_lufa/keymap_jp.o
                                         0x12 (size before relaxing)
 .comment       0x0000000000000011       0x12 obj_hhkb_lufa/keymap_common.o
 .comment       0x0000000000000011       0x11 obj_hhkb_lufa/matrix.o
                                         0x12 (size before relaxing)
 .comment       0x0000000000000022       0x12 obj_hhkb_lufa/led.o
 .comment       0x0000000000000022       0x12 obj_hhkb_lufa/protocol/lufa/lufa.o
 .comment       0x0000000000000022       0x12 obj_hhkb_lufa/protocol/lufa/descriptor.o
 .comment       0x0000000000000022       0x12 obj_hhkb_lufa/protocol/lufa/LUFA-120730/LUFA/Drivers/USB/Core/AVR8/Device_AVR8.o
 .comment       0x0000000000000022       0x12 obj_hhkb_lufa/protocol/lufa/LUFA-120730/LUFA/Drivers/USB/Core/AVR8/Endpoint_AVR8.o
 .comment       0x0000000000000022       0x12 obj_hhkb_lufa/protocol/lufa/LUFA-120730/LUFA/Drivers/USB/Core/AVR8/USBController_AVR8.o
 .comment       0x0000000000000022       0x12 obj_hhkb_lufa/protocol/lufa/LUFA-120730/LUFA/Drivers/USB/Core/AVR8/USBInterrupt_AVR8.o
 .comment       0x0000000000000022       0x12 obj_hhkb_lufa/protocol/lufa/LUFA-120730/LUFA/Drivers/USB/Core/AVR8/EndpointStream_AVR8.o
 .comment       0x0000000000000022       0x12 obj_hhkb_lufa/protocol/lufa/LUFA-120730/LUFA/Drivers/USB/Core/DeviceStandardReq.o
 .comment       0x0000000000000022       0x12 obj_hhkb_lufa/protocol/lufa/LUFA-120730/LUFA/Drivers/USB/Core/USBTask.o
 .comment       0x0000000000000022       0x12 obj_hhkb_lufa/common/host.o
 .comment       0x0000000000000022       0x12 obj_hhkb_lufa/common/keyboard.o
 .comment       0x0000000000000022       0x12 obj_hhkb_lufa/common/action.o
 .comment       0x0000000000000022       0x12 obj_hhkb_lufa/common/action_tapping.o
 .comment       0x0000000000000022       0x12 obj_hhkb_lufa/common/action_macro.o
 .comment       0x0000000000000022       0x12 obj_hhkb_lufa/common/action_layer.o
 .comment       0x0000000000000022       0x12 obj_hhkb_lufa/common/action_util.o
 .comment       0x0000000000000022       0x12 obj_hhkb_lufa/common/keymap.o
 .comment       0x0000000000000022       0x12 obj_hhkb_lufa/common/timer.o
 .comment       0x0000000000000022       0x12 obj_hhkb_lufa/common/debug.o
 .comment       0x0000000000000022       0x12 obj_hhkb_lufa/common/bootloader.o
 .comment       0x0000000000000022       0x12 obj_hhkb_lufa/common/suspend.o
 .comment       0x0000000000000022       0x12 obj_hhkb_lufa/common/util.o
 .comment       0x0000000000000022       0x12 obj_hhkb_lufa/common/bootmagic.o
 .comment       0x0000000000000022       0x12 obj_hhkb_lufa/common/eeconfig.o
 .comment       0x0000000000000022       0x12 obj_hhkb_lufa/common/mousekey.o
 .comment       0x0000000000000022       0x12 obj_hhkb_lufa/common/command.o

.note.gnu.build-id
 *(.note.gnu.build-id)

.debug
 *(.debug)

.line
 *(.line)

.debug_srcinfo
 *(.debug_srcinfo)

.debug_sfnames
 *(.debug_sfnames)

.debug_aranges  0x0000000000000000      0x860
 *(.debug_aranges)
 .debug_aranges
                0x0000000000000000       0x20 obj_hhkb_lufa/keymap_jp.o
 .debug_aranges
                0x0000000000000020       0x28 obj_hhkb_lufa/keymap_common.o
 .debug_aranges
                0x0000000000000048       0x58 obj_hhkb_lufa/matrix.o
 .debug_aranges
                0x00000000000000a0       0x20 obj_hhkb_lufa/led.o
 .debug_aranges
                0x00000000000000c0       0x90 obj_hhkb_lufa/protocol/lufa/lufa.o
 .debug_aranges
                0x0000000000000150       0x20 obj_hhkb_lufa/protocol/lufa/descriptor.o
 .debug_aranges
                0x0000000000000170       0x20 obj_hhkb_lufa/protocol/lufa/LUFA-120730/LUFA/Drivers/USB/Core/AVR8/Device_AVR8.o
 .debug_aranges
                0x0000000000000190       0x40 obj_hhkb_lufa/protocol/lufa/LUFA-120730/LUFA/Drivers/USB/Core/AVR8/Endpoint_AVR8.o
 .debug_aranges
                0x00000000000001d0       0x30 obj_hhkb_lufa/protocol/lufa/LUFA-120730/LUFA/Drivers/USB/Core/AVR8/USBController_AVR8.o
 .debug_aranges
                0x0000000000000200       0x30 obj_hhkb_lufa/protocol/lufa/LUFA-120730/LUFA/Drivers/USB/Core/AVR8/USBInterrupt_AVR8.o
 .debug_aranges
                0x0000000000000230       0xc8 obj_hhkb_lufa/protocol/lufa/LUFA-120730/LUFA/Drivers/USB/Core/AVR8/EndpointStream_AVR8.o
 .debug_aranges
                0x00000000000002f8       0x20 obj_hhkb_lufa/protocol/lufa/LUFA-120730/LUFA/Drivers/USB/Core/DeviceStandardReq.o
 .debug_aranges
                0x0000000000000318       0x20 obj_hhkb_lufa/protocol/lufa/LUFA-120730/LUFA/Drivers/USB/Core/USBTask.o
 .debug_aranges
                0x0000000000000338       0x60 obj_hhkb_lufa/common/host.o
 .debug_aranges
                0x0000000000000398       0x30 obj_hhkb_lufa/common/keyboard.o
 .debug_aranges
                0x00000000000003c8       0x78 obj_hhkb_lufa/common/action.o
 .debug_aranges
                0x0000000000000440       0x40 obj_hhkb_lufa/common/action_tapping.o
 .debug_aranges
                0x0000000000000480       0x20 obj_hhkb_lufa/common/action_macro.o
 .debug_aranges
                0x00000000000004a0       0x90 obj_hhkb_lufa/common/action_layer.o
 .debug_aranges
                0x0000000000000530       0xb0 obj_hhkb_lufa/common/action_util.o
 .debug_aranges
                0x00000000000005e0       0x38 obj_hhkb_lufa/common/keymap.o
 .debug_aranges
                0x0000000000000618       0x50 obj_hhkb_lufa/common/timer.o
 .debug_aranges
                0x0000000000000668       0x18 obj_hhkb_lufa/common/debug.o
 .debug_aranges
                0x0000000000000680       0x28 obj_hhkb_lufa/common/bootloader.o
 .debug_aranges
                0x00000000000006a8       0x38 obj_hhkb_lufa/common/suspend.o
 .debug_aranges
                0x00000000000006e0       0x60 obj_hhkb_lufa/common/util.o
 .debug_aranges
                0x0000000000000740       0x30 obj_hhkb_lufa/common/bootmagic.o
 .debug_aranges
                0x0000000000000770       0x68 obj_hhkb_lufa/common/eeconfig.o
 .debug_aranges
                0x00000000000007d8       0x50 obj_hhkb_lufa/common/mousekey.o
 .debug_aranges
                0x0000000000000828       0x38 obj_hhkb_lufa/common/command.o

.debug_pubnames
 *(.debug_pubnames)

.debug_info     0x0000000000000000     0xf812
 *(.debug_info .gnu.linkonce.wi.*)
 .debug_info    0x0000000000000000      0x9f4 /usr/local/Cellar/avr-gcc/4.9.3/lib/gcc/avr/4.9.3/../../../../avr/lib/avr5/crtm32u4.o
 .debug_info    0x00000000000009f4      0xc95 obj_hhkb_lufa/keymap_jp.o
 .debug_info    0x0000000000001689      0x718 obj_hhkb_lufa/keymap_common.o
 .debug_info    0x0000000000001da1      0x591 obj_hhkb_lufa/matrix.o
 .debug_info    0x0000000000002332       0x91 obj_hhkb_lufa/led.o
 .debug_info    0x00000000000023c3      0xfd0 obj_hhkb_lufa/protocol/lufa/lufa.o
 .debug_info    0x0000000000003393      0x7b4 obj_hhkb_lufa/protocol/lufa/descriptor.o
 .debug_info    0x0000000000003b47       0xd2 obj_hhkb_lufa/protocol/lufa/LUFA-120730/LUFA/Drivers/USB/Core/AVR8/Device_AVR8.o
 .debug_info    0x0000000000003c19      0x614 obj_hhkb_lufa/protocol/lufa/LUFA-120730/LUFA/Drivers/USB/Core/AVR8/Endpoint_AVR8.o
 .debug_info    0x000000000000422d      0x4bd obj_hhkb_lufa/protocol/lufa/LUFA-120730/LUFA/Drivers/USB/Core/AVR8/USBController_AVR8.o
 .debug_info    0x00000000000046ea      0x673 obj_hhkb_lufa/protocol/lufa/LUFA-120730/LUFA/Drivers/USB/Core/AVR8/USBInterrupt_AVR8.o
 .debug_info    0x0000000000004d5d     0x17e2 obj_hhkb_lufa/protocol/lufa/LUFA-120730/LUFA/Drivers/USB/Core/AVR8/EndpointStream_AVR8.o
 .debug_info    0x000000000000653f      0xa86 obj_hhkb_lufa/protocol/lufa/LUFA-120730/LUFA/Drivers/USB/Core/DeviceStandardReq.o
 .debug_info    0x0000000000006fc5      0x26d obj_hhkb_lufa/protocol/lufa/LUFA-120730/LUFA/Drivers/USB/Core/USBTask.o
 .debug_info    0x0000000000007232      0x4bb obj_hhkb_lufa/common/host.o
 .debug_info    0x00000000000076ed      0x52d obj_hhkb_lufa/common/keyboard.o
 .debug_info    0x0000000000007c1a     0x167e obj_hhkb_lufa/common/action.o
 .debug_info    0x0000000000009298      0xf45 obj_hhkb_lufa/common/action_tapping.o
 .debug_info    0x000000000000a1dd      0x969 obj_hhkb_lufa/common/action_macro.o
 .debug_info    0x000000000000ab46      0x824 obj_hhkb_lufa/common/action_layer.o
 .debug_info    0x000000000000b36a      0x669 obj_hhkb_lufa/common/action_util.o
 .debug_info    0x000000000000b9d3      0xecc obj_hhkb_lufa/common/keymap.o
 .debug_info    0x000000000000c89f      0x204 obj_hhkb_lufa/common/timer.o
 .debug_info    0x000000000000caa3       0xfc obj_hhkb_lufa/common/debug.o
 .debug_info    0x000000000000cb9f      0x18a obj_hhkb_lufa/common/bootloader.o
 .debug_info    0x000000000000cd29      0x15e obj_hhkb_lufa/common/suspend.o
 .debug_info    0x000000000000ce87      0x29b obj_hhkb_lufa/common/util.o
 .debug_info    0x000000000000d122      0xeb4 obj_hhkb_lufa/common/bootmagic.o
 .debug_info    0x000000000000dfd6      0x3cf obj_hhkb_lufa/common/eeconfig.o
 .debug_info    0x000000000000e3a5      0x631 obj_hhkb_lufa/common/mousekey.o
 .debug_info    0x000000000000e9d6      0xe3c obj_hhkb_lufa/common/command.o

.debug_abbrev   0x0000000000000000     0x4020
 *(.debug_abbrev)
 .debug_abbrev  0x0000000000000000      0x96a /usr/local/Cellar/avr-gcc/4.9.3/lib/gcc/avr/4.9.3/../../../../avr/lib/avr5/crtm32u4.o
 .debug_abbrev  0x000000000000096a      0x196 obj_hhkb_lufa/keymap_jp.o
 .debug_abbrev  0x0000000000000b00      0x17a obj_hhkb_lufa/keymap_common.o
 .debug_abbrev  0x0000000000000c7a      0x2a4 obj_hhkb_lufa/matrix.o
 .debug_abbrev  0x0000000000000f1e       0x60 obj_hhkb_lufa/led.o
 .debug_abbrev  0x0000000000000f7e      0x42d obj_hhkb_lufa/protocol/lufa/lufa.o
 .debug_abbrev  0x00000000000013ab      0x177 obj_hhkb_lufa/protocol/lufa/descriptor.o
 .debug_abbrev  0x0000000000001522       0x80 obj_hhkb_lufa/protocol/lufa/LUFA-120730/LUFA/Drivers/USB/Core/AVR8/Device_AVR8.o
 .debug_abbrev  0x00000000000015a2      0x213 obj_hhkb_lufa/protocol/lufa/LUFA-120730/LUFA/Drivers/USB/Core/AVR8/Endpoint_AVR8.o
 .debug_abbrev  0x00000000000017b5      0x1a5 obj_hhkb_lufa/protocol/lufa/LUFA-120730/LUFA/Drivers/USB/Core/AVR8/USBController_AVR8.o
 .debug_abbrev  0x000000000000195a      0x1d5 obj_hhkb_lufa/protocol/lufa/LUFA-120730/LUFA/Drivers/USB/Core/AVR8/USBInterrupt_AVR8.o
 .debug_abbrev  0x0000000000001b2f      0x215 obj_hhkb_lufa/protocol/lufa/LUFA-120730/LUFA/Drivers/USB/Core/AVR8/EndpointStream_AVR8.o
 .debug_abbrev  0x0000000000001d44      0x2a0 obj_hhkb_lufa/protocol/lufa/LUFA-120730/LUFA/Drivers/USB/Core/DeviceStandardReq.o
 .debug_abbrev  0x0000000000001fe4      0x16d obj_hhkb_lufa/protocol/lufa/LUFA-120730/LUFA/Drivers/USB/Core/USBTask.o
 .debug_abbrev  0x0000000000002151      0x194 obj_hhkb_lufa/common/host.o
 .debug_abbrev  0x00000000000022e5      0x236 obj_hhkb_lufa/common/keyboard.o
 .debug_abbrev  0x000000000000251b      0x2ca obj_hhkb_lufa/common/action.o
 .debug_abbrev  0x00000000000027e5      0x2d7 obj_hhkb_lufa/common/action_tapping.o
 .debug_abbrev  0x0000000000002abc      0x192 obj_hhkb_lufa/common/action_macro.o
 .debug_abbrev  0x0000000000002c4e      0x213 obj_hhkb_lufa/common/action_layer.o
 .debug_abbrev  0x0000000000002e61      0x2b5 obj_hhkb_lufa/common/action_util.o
 .debug_abbrev  0x0000000000003116      0x219 obj_hhkb_lufa/common/keymap.o
 .debug_abbrev  0x000000000000332f      0x11e obj_hhkb_lufa/common/timer.o
 .debug_abbrev  0x000000000000344d       0x87 obj_hhkb_lufa/common/debug.o
 .debug_abbrev  0x00000000000034d4      0x115 obj_hhkb_lufa/common/bootloader.o
 .debug_abbrev  0x00000000000035e9      0x129 obj_hhkb_lufa/common/suspend.o
 .debug_abbrev  0x0000000000003712       0xcb obj_hhkb_lufa/common/util.o
 .debug_abbrev  0x00000000000037dd      0x27a obj_hhkb_lufa/common/bootmagic.o
 .debug_abbrev  0x0000000000003a57       0xef obj_hhkb_lufa/common/eeconfig.o
 .debug_abbrev  0x0000000000003b46      0x1e9 obj_hhkb_lufa/common/mousekey.o
 .debug_abbrev  0x0000000000003d2f      0x2f1 obj_hhkb_lufa/common/command.o

.debug_line     0x0000000000000000     0x49bb
 *(.debug_line .debug_line.* .debug_line_end)
 .debug_line    0x0000000000000000       0x1d /usr/local/Cellar/avr-gcc/4.9.3/lib/gcc/avr/4.9.3/../../../../avr/lib/avr5/crtm32u4.o
 .debug_line    0x000000000000001d      0x122 obj_hhkb_lufa/keymap_jp.o
 .debug_line    0x000000000000013f      0x126 obj_hhkb_lufa/keymap_common.o
 .debug_line    0x0000000000000265      0x21b obj_hhkb_lufa/matrix.o
 .debug_line    0x0000000000000480       0x71 obj_hhkb_lufa/led.o
 .debug_line    0x00000000000004f1      0x60e obj_hhkb_lufa/protocol/lufa/lufa.o
 .debug_line    0x0000000000000aff      0x1e7 obj_hhkb_lufa/protocol/lufa/descriptor.o
 .debug_line    0x0000000000000ce6      0x136 obj_hhkb_lufa/protocol/lufa/LUFA-120730/LUFA/Drivers/USB/Core/AVR8/Device_AVR8.o
 .debug_line    0x0000000000000e1c      0x3e1 obj_hhkb_lufa/protocol/lufa/LUFA-120730/LUFA/Drivers/USB/Core/AVR8/Endpoint_AVR8.o
 .debug_line    0x00000000000011fd      0x29c obj_hhkb_lufa/protocol/lufa/LUFA-120730/LUFA/Drivers/USB/Core/AVR8/USBController_AVR8.o
 .debug_line    0x0000000000001499      0x414 obj_hhkb_lufa/protocol/lufa/LUFA-120730/LUFA/Drivers/USB/Core/AVR8/USBInterrupt_AVR8.o
 .debug_line    0x00000000000018ad      0xb54 obj_hhkb_lufa/protocol/lufa/LUFA-120730/LUFA/Drivers/USB/Core/AVR8/EndpointStream_AVR8.o
 .debug_line    0x0000000000002401      0x390 obj_hhkb_lufa/protocol/lufa/LUFA-120730/LUFA/Drivers/USB/Core/DeviceStandardReq.o
 .debug_line    0x0000000000002791      0x19b obj_hhkb_lufa/protocol/lufa/LUFA-120730/LUFA/Drivers/USB/Core/USBTask.o
 .debug_line    0x000000000000292c      0x17d obj_hhkb_lufa/common/host.o
 .debug_line    0x0000000000002aa9      0x196 obj_hhkb_lufa/common/keyboard.o
 .debug_line    0x0000000000002c3f      0x44a obj_hhkb_lufa/common/action.o
 .debug_line    0x0000000000003089      0x2a1 obj_hhkb_lufa/common/action_tapping.o
 .debug_line    0x000000000000332a      0x17c obj_hhkb_lufa/common/action_macro.o
 .debug_line    0x00000000000034a6      0x1ed obj_hhkb_lufa/common/action_layer.o
 .debug_line    0x0000000000003693      0x279 obj_hhkb_lufa/common/action_util.o
 .debug_line    0x000000000000390c      0x1ec obj_hhkb_lufa/common/keymap.o
 .debug_line    0x0000000000003af8      0x118 obj_hhkb_lufa/common/timer.o
 .debug_line    0x0000000000003c10       0x7f obj_hhkb_lufa/common/debug.o
 .debug_line    0x0000000000003c8f      0x183 obj_hhkb_lufa/common/bootloader.o
 .debug_line    0x0000000000003e12       0xda obj_hhkb_lufa/common/suspend.o
 .debug_line    0x0000000000003eec      0x18a obj_hhkb_lufa/common/util.o
 .debug_line    0x0000000000004076      0x239 obj_hhkb_lufa/common/bootmagic.o
 .debug_line    0x00000000000042af      0x14f obj_hhkb_lufa/common/eeconfig.o
 .debug_line    0x00000000000043fe      0x33e obj_hhkb_lufa/common/mousekey.o
 .debug_line    0x000000000000473c      0x27f obj_hhkb_lufa/common/command.o

.debug_frame    0x0000000000000000     0x14b0
 *(.debug_frame)
 .debug_frame   0x0000000000000000       0x24 obj_hhkb_lufa/keymap_jp.o
 .debug_frame   0x0000000000000024       0x34 obj_hhkb_lufa/keymap_common.o
 .debug_frame   0x0000000000000058       0xf4 obj_hhkb_lufa/matrix.o
 .debug_frame   0x000000000000014c       0x24 obj_hhkb_lufa/led.o
 .debug_frame   0x0000000000000170      0x138 obj_hhkb_lufa/protocol/lufa/lufa.o
 .debug_frame   0x00000000000002a8       0x24 obj_hhkb_lufa/protocol/lufa/descriptor.o
 .debug_frame   0x00000000000002cc       0x24 obj_hhkb_lufa/protocol/lufa/LUFA-120730/LUFA/Drivers/USB/Core/AVR8/Device_AVR8.o
 .debug_frame   0x00000000000002f0       0x88 obj_hhkb_lufa/protocol/lufa/LUFA-120730/LUFA/Drivers/USB/Core/AVR8/Endpoint_AVR8.o
 .debug_frame   0x0000000000000378       0x5c obj_hhkb_lufa/protocol/lufa/LUFA-120730/LUFA/Drivers/USB/Core/AVR8/USBController_AVR8.o
 .debug_frame   0x00000000000003d4       0x98 obj_hhkb_lufa/protocol/lufa/LUFA-120730/LUFA/Drivers/USB/Core/AVR8/USBInterrupt_AVR8.o
 .debug_frame   0x000000000000046c      0x42c obj_hhkb_lufa/protocol/lufa/LUFA-120730/LUFA/Drivers/USB/Core/AVR8/EndpointStream_AVR8.o
 .debug_frame   0x0000000000000898       0x44 obj_hhkb_lufa/protocol/lufa/LUFA-120730/LUFA/Drivers/USB/Core/DeviceStandardReq.o
 .debug_frame   0x00000000000008dc       0x2c obj_hhkb_lufa/protocol/lufa/LUFA-120730/LUFA/Drivers/USB/Core/USBTask.o
 .debug_frame   0x0000000000000908       0xa4 obj_hhkb_lufa/common/host.o
 .debug_frame   0x00000000000009ac       0x7c obj_hhkb_lufa/common/keyboard.o
 .debug_frame   0x0000000000000a28      0x154 obj_hhkb_lufa/common/action.o
 .debug_frame   0x0000000000000b7c       0xc8 obj_hhkb_lufa/common/action_tapping.o
 .debug_frame   0x0000000000000c44       0x48 obj_hhkb_lufa/common/action_macro.o
 .debug_frame   0x0000000000000c8c      0x17c obj_hhkb_lufa/common/action_layer.o
 .debug_frame   0x0000000000000e08      0x150 obj_hhkb_lufa/common/action_util.o
 .debug_frame   0x0000000000000f58       0x54 obj_hhkb_lufa/common/keymap.o
 .debug_frame   0x0000000000000fac       0xf0 obj_hhkb_lufa/common/timer.o
 .debug_frame   0x000000000000109c       0x34 obj_hhkb_lufa/common/bootloader.o
 .debug_frame   0x00000000000010d0       0x68 obj_hhkb_lufa/common/suspend.o
 .debug_frame   0x0000000000001138      0x11c obj_hhkb_lufa/common/util.o
 .debug_frame   0x0000000000001254       0x78 obj_hhkb_lufa/common/bootmagic.o
 .debug_frame   0x00000000000012cc       0xb4 obj_hhkb_lufa/common/eeconfig.o
 .debug_frame   0x0000000000001380       0x98 obj_hhkb_lufa/common/mousekey.o
 .debug_frame   0x0000000000001418       0x98 obj_hhkb_lufa/common/command.o

.debug_str      0x0000000000000000     0x3f12
 *(.debug_str)
 .debug_str     0x0000000000000000      0x371 /usr/local/Cellar/avr-gcc/4.9.3/lib/gcc/avr/4.9.3/../../../../avr/lib/avr5/crtm32u4.o
 .debug_str     0x0000000000000371      0xf93 obj_hhkb_lufa/keymap_jp.o
                                        0xfe9 (size before relaxing)
 .debug_str     0x0000000000001304       0xdc obj_hhkb_lufa/keymap_common.o
                                        0x69c (size before relaxing)
 .debug_str     0x00000000000013e0      0x22c obj_hhkb_lufa/matrix.o
                                        0x2e5 (size before relaxing)
 .debug_str     0x000000000000160c       0x16 obj_hhkb_lufa/led.o
                                        0x177 (size before relaxing)
 .debug_str     0x0000000000001622      0x726 obj_hhkb_lufa/protocol/lufa/lufa.o
                                        0x959 (size before relaxing)
 .debug_str     0x0000000000001d48      0x769 obj_hhkb_lufa/protocol/lufa/descriptor.o
                                        0x95e (size before relaxing)
 .debug_str     0x00000000000024b1       0x75 obj_hhkb_lufa/protocol/lufa/LUFA-120730/LUFA/Drivers/USB/Core/AVR8/Device_AVR8.o
                                        0x201 (size before relaxing)
 .debug_str     0x0000000000002526      0x297 obj_hhkb_lufa/protocol/lufa/LUFA-120730/LUFA/Drivers/USB/Core/AVR8/Endpoint_AVR8.o
                                        0x623 (size before relaxing)
 .debug_str     0x00000000000027bd      0x1e9 obj_hhkb_lufa/protocol/lufa/LUFA-120730/LUFA/Drivers/USB/Core/AVR8/USBController_AVR8.o
                                        0x562 (size before relaxing)
 .debug_str     0x00000000000029a6       0xcb obj_hhkb_lufa/protocol/lufa/LUFA-120730/LUFA/Drivers/USB/Core/AVR8/USBInterrupt_AVR8.o
                                        0x537 (size before relaxing)
 .debug_str     0x0000000000002a71      0x4cc obj_hhkb_lufa/protocol/lufa/LUFA-120730/LUFA/Drivers/USB/Core/AVR8/EndpointStream_AVR8.o
                                        0x870 (size before relaxing)
 .debug_str     0x0000000000002f3d      0x426 obj_hhkb_lufa/protocol/lufa/LUFA-120730/LUFA/Drivers/USB/Core/DeviceStandardReq.o
                                        0x9bb (size before relaxing)
 .debug_str     0x0000000000003363       0x78 obj_hhkb_lufa/protocol/lufa/LUFA-120730/LUFA/Drivers/USB/Core/USBTask.o
                                        0x388 (size before relaxing)
 .debug_str     0x00000000000033db       0xe0 obj_hhkb_lufa/common/host.o
                                        0x368 (size before relaxing)
 .debug_str     0x00000000000034bb       0xf1 obj_hhkb_lufa/common/keyboard.o
                                        0x402 (size before relaxing)
 .debug_str     0x00000000000035ac      0x29c obj_hhkb_lufa/common/action.o
                                       0x133b (size before relaxing)
 .debug_str     0x0000000000003848       0xe3 obj_hhkb_lufa/common/action_tapping.o
                                        0xd25 (size before relaxing)
 .debug_str     0x000000000000392b       0x62 obj_hhkb_lufa/common/action_macro.o
                                        0xab5 (size before relaxing)
 .debug_str     0x000000000000398d       0x70 obj_hhkb_lufa/common/action_layer.o
                                        0x3e1 (size before relaxing)
 .debug_str     0x00000000000039fd       0xc9 obj_hhkb_lufa/common/action_util.o
                                        0x38a (size before relaxing)
 .debug_str     0x0000000000003ac6       0x28 obj_hhkb_lufa/common/keymap.o
                                       0x1026 (size before relaxing)
 .debug_str     0x0000000000003aee       0x69 obj_hhkb_lufa/common/timer.o
                                        0x1f7 (size before relaxing)
 .debug_str     0x0000000000003b57       0x15 obj_hhkb_lufa/common/debug.o
                                        0x1be (size before relaxing)
 .debug_str     0x0000000000003b6c       0x59 obj_hhkb_lufa/common/bootloader.o
                                        0x23e (size before relaxing)
 .debug_str     0x0000000000003bc5       0x23 obj_hhkb_lufa/common/suspend.o
                                        0x20a (size before relaxing)
 .debug_str     0x0000000000003be8       0x48 obj_hhkb_lufa/common/util.o
                                        0x1d4 (size before relaxing)
 .debug_str     0x0000000000003c30       0xdf obj_hhkb_lufa/common/bootmagic.o
                                        0xf6e (size before relaxing)
 .debug_str     0x0000000000003d0f       0x6f obj_hhkb_lufa/common/eeconfig.o
                                        0x2a0 (size before relaxing)
 .debug_str     0x0000000000003d7e       0x64 obj_hhkb_lufa/common/mousekey.o
                                        0x640 (size before relaxing)
 .debug_str     0x0000000000003de2      0x130 obj_hhkb_lufa/common/command.o
                                        0xd5f (size before relaxing)

.debug_loc      0x0000000000000000     0x6e8e
 *(.debug_loc)
 .debug_loc     0x0000000000000000       0xee obj_hhkb_lufa/keymap_jp.o
 .debug_loc     0x00000000000000ee       0x42 obj_hhkb_lufa/keymap_common.o
 .debug_loc     0x0000000000000130      0x33e obj_hhkb_lufa/matrix.o
 .debug_loc     0x000000000000046e      0x54e obj_hhkb_lufa/protocol/lufa/lufa.o
 .debug_loc     0x00000000000009bc      0x20a obj_hhkb_lufa/protocol/lufa/descriptor.o
 .debug_loc     0x0000000000000bc6      0x3df obj_hhkb_lufa/protocol/lufa/LUFA-120730/LUFA/Drivers/USB/Core/AVR8/Endpoint_AVR8.o
 .debug_loc     0x0000000000000fa5       0x49 obj_hhkb_lufa/protocol/lufa/LUFA-120730/LUFA/Drivers/USB/Core/AVR8/USBController_AVR8.o
 .debug_loc     0x0000000000000fee      0x247 obj_hhkb_lufa/protocol/lufa/LUFA-120730/LUFA/Drivers/USB/Core/AVR8/USBInterrupt_AVR8.o
 .debug_loc     0x0000000000001235     0x1ef6 obj_hhkb_lufa/protocol/lufa/LUFA-120730/LUFA/Drivers/USB/Core/AVR8/EndpointStream_AVR8.o
 .debug_loc     0x000000000000312b      0x326 obj_hhkb_lufa/protocol/lufa/LUFA-120730/LUFA/Drivers/USB/Core/DeviceStandardReq.o
 .debug_loc     0x0000000000003451       0x49 obj_hhkb_lufa/protocol/lufa/LUFA-120730/LUFA/Drivers/USB/Core/USBTask.o
 .debug_loc     0x000000000000349a       0xd8 obj_hhkb_lufa/common/host.o
 .debug_loc     0x0000000000003572      0x18b obj_hhkb_lufa/common/keyboard.o
 .debug_loc     0x00000000000036fd      0xdd2 obj_hhkb_lufa/common/action.o
 .debug_loc     0x00000000000044cf      0x64e obj_hhkb_lufa/common/action_tapping.o
 .debug_loc     0x0000000000004b1d      0x4ec obj_hhkb_lufa/common/action_macro.o
 .debug_loc     0x0000000000005009      0x695 obj_hhkb_lufa/common/action_layer.o
 .debug_loc     0x000000000000569e      0x2aa obj_hhkb_lufa/common/action_util.o
 .debug_loc     0x0000000000005948      0x3aa obj_hhkb_lufa/common/keymap.o
 .debug_loc     0x0000000000005cf2      0x20a obj_hhkb_lufa/common/timer.o
 .debug_loc     0x0000000000005efc       0x70 obj_hhkb_lufa/common/suspend.o
 .debug_loc     0x0000000000005f6c      0x524 obj_hhkb_lufa/common/util.o
 .debug_loc     0x0000000000006490      0x268 obj_hhkb_lufa/common/bootmagic.o
 .debug_loc     0x00000000000066f8       0x84 obj_hhkb_lufa/common/eeconfig.o
 .debug_loc     0x000000000000677c      0x3e6 obj_hhkb_lufa/common/mousekey.o
 .debug_loc     0x0000000000006b62      0x32c obj_hhkb_lufa/common/command.o

.debug_macinfo
 *(.debug_macinfo)

.debug_weaknames
 *(.debug_weaknames)

.debug_funcnames
 *(.debug_funcnames)

.debug_typenames
 *(.debug_typenames)

.debug_varnames
 *(.debug_varnames)

.debug_pubtypes
 *(.debug_pubtypes)

.debug_ranges   0x0000000000000000      0xa00
 *(.debug_ranges)
 .debug_ranges  0x0000000000000000       0x10 obj_hhkb_lufa/keymap_jp.o
 .debug_ranges  0x0000000000000010       0x18 obj_hhkb_lufa/keymap_common.o
 .debug_ranges  0x0000000000000028       0xa8 obj_hhkb_lufa/matrix.o
 .debug_ranges  0x00000000000000d0       0x10 obj_hhkb_lufa/led.o
 .debug_ranges  0x00000000000000e0       0x80 obj_hhkb_lufa/protocol/lufa/lufa.o
 .debug_ranges  0x0000000000000160       0x10 obj_hhkb_lufa/protocol/lufa/descriptor.o
 .debug_ranges  0x0000000000000170       0x10 obj_hhkb_lufa/protocol/lufa/LUFA-120730/LUFA/Drivers/USB/Core/AVR8/Device_AVR8.o
 .debug_ranges  0x0000000000000180       0x78 obj_hhkb_lufa/protocol/lufa/LUFA-120730/LUFA/Drivers/USB/Core/AVR8/Endpoint_AVR8.o
 .debug_ranges  0x00000000000001f8       0x20 obj_hhkb_lufa/protocol/lufa/LUFA-120730/LUFA/Drivers/USB/Core/AVR8/USBController_AVR8.o
 .debug_ranges  0x0000000000000218       0x20 obj_hhkb_lufa/protocol/lufa/LUFA-120730/LUFA/Drivers/USB/Core/AVR8/USBInterrupt_AVR8.o
 .debug_ranges  0x0000000000000238      0x1f8 obj_hhkb_lufa/protocol/lufa/LUFA-120730/LUFA/Drivers/USB/Core/AVR8/EndpointStream_AVR8.o
 .debug_ranges  0x0000000000000430       0x28 obj_hhkb_lufa/protocol/lufa/LUFA-120730/LUFA/Drivers/USB/Core/DeviceStandardReq.o
 .debug_ranges  0x0000000000000458       0x10 obj_hhkb_lufa/protocol/lufa/LUFA-120730/LUFA/Drivers/USB/Core/USBTask.o
 .debug_ranges  0x0000000000000468       0x50 obj_hhkb_lufa/common/host.o
 .debug_ranges  0x00000000000004b8       0x40 obj_hhkb_lufa/common/keyboard.o
 .debug_ranges  0x00000000000004f8       0xf8 obj_hhkb_lufa/common/action.o
 .debug_ranges  0x00000000000005f0       0x48 obj_hhkb_lufa/common/action_tapping.o
 .debug_ranges  0x0000000000000638       0x28 obj_hhkb_lufa/common/action_macro.o
 .debug_ranges  0x0000000000000660      0x110 obj_hhkb_lufa/common/action_layer.o
 .debug_ranges  0x0000000000000770       0xb8 obj_hhkb_lufa/common/action_util.o
 .debug_ranges  0x0000000000000828       0x28 obj_hhkb_lufa/common/keymap.o
 .debug_ranges  0x0000000000000850       0x40 obj_hhkb_lufa/common/timer.o
 .debug_ranges  0x0000000000000890       0x18 obj_hhkb_lufa/common/bootloader.o
 .debug_ranges  0x00000000000008a8       0x28 obj_hhkb_lufa/common/suspend.o
 .debug_ranges  0x00000000000008d0       0x50 obj_hhkb_lufa/common/util.o
 .debug_ranges  0x0000000000000920       0x20 obj_hhkb_lufa/common/bootmagic.o
 .debug_ranges  0x0000000000000940       0x58 obj_hhkb_lufa/common/eeconfig.o
 .debug_ranges  0x0000000000000998       0x40 obj_hhkb_lufa/common/mousekey.o
 .debug_ranges  0x00000000000009d8       0x28 obj_hhkb_lufa/common/command.o

.debug_macro
 *(.debug_macro)
OUTPUT(hhkb_lufa.elf elf32-avr)
LOAD linker stubs

Cross Reference Table

Symbol                                            File
CALLBACK_HIDParser_FilterHIDReportItem            obj_hhkb_lufa/protocol/lufa/LUFA-120730/LUFA/Drivers/USB/Class/Common/HIDParser.o
CALLBACK_USB_GetDescriptor                        obj_hhkb_lufa/protocol/lufa/descriptor.o
                                                  obj_hhkb_lufa/protocol/lufa/LUFA-120730/LUFA/Drivers/USB/Core/DeviceStandardReq.o
ConfigurationDescriptor                           obj_hhkb_lufa/protocol/lufa/descriptor.o
DeviceDescriptor                                  obj_hhkb_lufa/protocol/lufa/descriptor.o
EVENT_USB_Device_ConfigurationChanged             obj_hhkb_lufa/protocol/lufa/lufa.o
                                                  obj_hhkb_lufa/protocol/lufa/LUFA-120730/LUFA/Drivers/USB/Core/DeviceStandardReq.o
EVENT_USB_Device_Connect                          obj_hhkb_lufa/protocol/lufa/lufa.o
                                                  obj_hhkb_lufa/protocol/lufa/LUFA-120730/LUFA/Drivers/USB/Core/AVR8/USBInterrupt_AVR8.o
EVENT_USB_Device_ControlRequest                   obj_hhkb_lufa/protocol/lufa/lufa.o
                                                  obj_hhkb_lufa/protocol/lufa/LUFA-120730/LUFA/Drivers/USB/Core/DeviceStandardReq.o
EVENT_USB_Device_Disconnect                       obj_hhkb_lufa/protocol/lufa/lufa.o
                                                  obj_hhkb_lufa/protocol/lufa/LUFA-120730/LUFA/Drivers/USB/Core/AVR8/USBInterrupt_AVR8.o
EVENT_USB_Device_Reset                            obj_hhkb_lufa/protocol/lufa/lufa.o
                                                  obj_hhkb_lufa/protocol/lufa/LUFA-120730/LUFA/Drivers/USB/Core/AVR8/USBInterrupt_AVR8.o
EVENT_USB_Device_StartOfFrame                     obj_hhkb_lufa/protocol/lufa/lufa.o
                                                  obj_hhkb_lufa/protocol/lufa/LUFA-120730/LUFA/Drivers/USB/Core/AVR8/USBInterrupt_AVR8.o
EVENT_USB_Device_Suspend                          obj_hhkb_lufa/protocol/lufa/lufa.o
                                                  obj_hhkb_lufa/protocol/lufa/LUFA-120730/LUFA/Drivers/USB/Core/AVR8/USBInterrupt_AVR8.o
EVENT_USB_Device_WakeUp                           obj_hhkb_lufa/protocol/lufa/lufa.o
                                                  obj_hhkb_lufa/protocol/lufa/LUFA-120730/LUFA/Drivers/USB/Core/AVR8/USBInterrupt_AVR8.o
Endpoint_ClearEndpoints                           obj_hhkb_lufa/protocol/lufa/LUFA-120730/LUFA/Drivers/USB/Core/AVR8/Endpoint_AVR8.o
Endpoint_ClearStatusStage                         obj_hhkb_lufa/protocol/lufa/LUFA-120730/LUFA/Drivers/USB/Core/AVR8/Endpoint_AVR8.o
                                                  obj_hhkb_lufa/protocol/lufa/LUFA-120730/LUFA/Drivers/USB/Core/DeviceStandardReq.o
                                                  obj_hhkb_lufa/protocol/lufa/lufa.o
Endpoint_ConfigureEndpointTable                   obj_hhkb_lufa/protocol/lufa/LUFA-120730/LUFA/Drivers/USB/Core/AVR8/Endpoint_AVR8.o
Endpoint_ConfigureEndpoint_Prv                    obj_hhkb_lufa/protocol/lufa/LUFA-120730/LUFA/Drivers/USB/Core/AVR8/Endpoint_AVR8.o
                                                  obj_hhkb_lufa/protocol/lufa/LUFA-120730/LUFA/Drivers/USB/Core/AVR8/USBInterrupt_AVR8.o
                                                  obj_hhkb_lufa/protocol/lufa/LUFA-120730/LUFA/Drivers/USB/Core/AVR8/USBController_AVR8.o
                                                  obj_hhkb_lufa/protocol/lufa/lufa.o
Endpoint_Discard_Stream                           obj_hhkb_lufa/protocol/lufa/LUFA-120730/LUFA/Drivers/USB/Core/AVR8/EndpointStream_AVR8.o
Endpoint_Null_Stream                              obj_hhkb_lufa/protocol/lufa/LUFA-120730/LUFA/Drivers/USB/Core/AVR8/EndpointStream_AVR8.o
Endpoint_Read_Control_EStream_BE                  obj_hhkb_lufa/protocol/lufa/LUFA-120730/LUFA/Drivers/USB/Core/AVR8/EndpointStream_AVR8.o
Endpoint_Read_Control_EStream_LE                  obj_hhkb_lufa/protocol/lufa/LUFA-120730/LUFA/Drivers/USB/Core/AVR8/EndpointStream_AVR8.o
Endpoint_Read_Control_Stream_BE                   obj_hhkb_lufa/protocol/lufa/LUFA-120730/LUFA/Drivers/USB/Core/AVR8/EndpointStream_AVR8.o
Endpoint_Read_Control_Stream_LE                   obj_hhkb_lufa/protocol/lufa/LUFA-120730/LUFA/Drivers/USB/Core/AVR8/EndpointStream_AVR8.o
Endpoint_Read_EStream_BE                          obj_hhkb_lufa/protocol/lufa/LUFA-120730/LUFA/Drivers/USB/Core/AVR8/EndpointStream_AVR8.o
Endpoint_Read_EStream_LE                          obj_hhkb_lufa/protocol/lufa/LUFA-120730/LUFA/Drivers/USB/Core/AVR8/EndpointStream_AVR8.o
Endpoint_Read_Stream_BE                           obj_hhkb_lufa/protocol/lufa/LUFA-120730/LUFA/Drivers/USB/Core/AVR8/EndpointStream_AVR8.o
Endpoint_Read_Stream_LE                           obj_hhkb_lufa/protocol/lufa/LUFA-120730/LUFA/Drivers/USB/Core/AVR8/EndpointStream_AVR8.o
Endpoint_WaitUntilReady                           obj_hhkb_lufa/protocol/lufa/LUFA-120730/LUFA/Drivers/USB/Core/AVR8/Endpoint_AVR8.o
                                                  obj_hhkb_lufa/protocol/lufa/LUFA-120730/LUFA/Drivers/USB/Core/AVR8/EndpointStream_AVR8.o
Endpoint_Write_Control_EStream_BE                 obj_hhkb_lufa/protocol/lufa/LUFA-120730/LUFA/Drivers/USB/Core/AVR8/EndpointStream_AVR8.o
Endpoint_Write_Control_EStream_LE                 obj_hhkb_lufa/protocol/lufa/LUFA-120730/LUFA/Drivers/USB/Core/AVR8/EndpointStream_AVR8.o
Endpoint_Write_Control_PStream_BE                 obj_hhkb_lufa/protocol/lufa/LUFA-120730/LUFA/Drivers/USB/Core/AVR8/EndpointStream_AVR8.o
Endpoint_Write_Control_PStream_LE                 obj_hhkb_lufa/protocol/lufa/LUFA-120730/LUFA/Drivers/USB/Core/AVR8/EndpointStream_AVR8.o
                                                  obj_hhkb_lufa/protocol/lufa/LUFA-120730/LUFA/Drivers/USB/Core/DeviceStandardReq.o
Endpoint_Write_Control_Stream_BE                  obj_hhkb_lufa/protocol/lufa/LUFA-120730/LUFA/Drivers/USB/Core/AVR8/EndpointStream_AVR8.o
Endpoint_Write_Control_Stream_LE                  obj_hhkb_lufa/protocol/lufa/LUFA-120730/LUFA/Drivers/USB/Core/AVR8/EndpointStream_AVR8.o
                                                  obj_hhkb_lufa/protocol/lufa/LUFA-120730/LUFA/Drivers/USB/Core/DeviceStandardReq.o
                                                  obj_hhkb_lufa/protocol/lufa/lufa.o
Endpoint_Write_EStream_BE                         obj_hhkb_lufa/protocol/lufa/LUFA-120730/LUFA/Drivers/USB/Core/AVR8/EndpointStream_AVR8.o
Endpoint_Write_EStream_LE                         obj_hhkb_lufa/protocol/lufa/LUFA-120730/LUFA/Drivers/USB/Core/AVR8/EndpointStream_AVR8.o
Endpoint_Write_PStream_BE                         obj_hhkb_lufa/protocol/lufa/LUFA-120730/LUFA/Drivers/USB/Core/AVR8/EndpointStream_AVR8.o
Endpoint_Write_PStream_LE                         obj_hhkb_lufa/protocol/lufa/LUFA-120730/LUFA/Drivers/USB/Core/AVR8/EndpointStream_AVR8.o
Endpoint_Write_Stream_BE                          obj_hhkb_lufa/protocol/lufa/LUFA-120730/LUFA/Drivers/USB/Core/AVR8/EndpointStream_AVR8.o
Endpoint_Write_Stream_LE                          obj_hhkb_lufa/protocol/lufa/LUFA-120730/LUFA/Drivers/USB/Core/AVR8/EndpointStream_AVR8.o
                                                  obj_hhkb_lufa/protocol/lufa/lufa.o
ExtrakeyReport                                    obj_hhkb_lufa/protocol/lufa/descriptor.o
KeyboardReport                                    obj_hhkb_lufa/protocol/lufa/descriptor.o
LanguageString                                    obj_hhkb_lufa/protocol/lufa/descriptor.o
ManufacturerString                                obj_hhkb_lufa/protocol/lufa/descriptor.o
MouseReport                                       obj_hhkb_lufa/protocol/lufa/descriptor.o
NKROReport                                        obj_hhkb_lufa/protocol/lufa/descriptor.o
ProductString                                     obj_hhkb_lufa/protocol/lufa/descriptor.o
USB_ControlRequest                                obj_hhkb_lufa/protocol/lufa/LUFA-120730/LUFA/Drivers/USB/Core/USBTask.o
                                                  obj_hhkb_lufa/protocol/lufa/LUFA-120730/LUFA/Drivers/USB/Core/DeviceStandardReq.o
                                                  obj_hhkb_lufa/protocol/lufa/LUFA-120730/LUFA/Drivers/USB/Core/AVR8/EndpointStream_AVR8.o
                                                  obj_hhkb_lufa/protocol/lufa/LUFA-120730/LUFA/Drivers/USB/Core/AVR8/Endpoint_AVR8.o
                                                  obj_hhkb_lufa/protocol/lufa/lufa.o
USB_DeviceState                                   obj_hhkb_lufa/protocol/lufa/LUFA-120730/LUFA/Drivers/USB/Core/USBTask.o
                                                  obj_hhkb_lufa/protocol/lufa/LUFA-120730/LUFA/Drivers/USB/Core/DeviceStandardReq.o
                                                  obj_hhkb_lufa/protocol/lufa/LUFA-120730/LUFA/Drivers/USB/Core/AVR8/EndpointStream_AVR8.o
                                                  obj_hhkb_lufa/protocol/lufa/LUFA-120730/LUFA/Drivers/USB/Core/AVR8/USBInterrupt_AVR8.o
                                                  obj_hhkb_lufa/protocol/lufa/LUFA-120730/LUFA/Drivers/USB/Core/AVR8/USBController_AVR8.o
                                                  obj_hhkb_lufa/protocol/lufa/LUFA-120730/LUFA/Drivers/USB/Core/AVR8/Endpoint_AVR8.o
                                                  obj_hhkb_lufa/protocol/lufa/lufa.o
USB_Device_ConfigurationNumber                    obj_hhkb_lufa/protocol/lufa/LUFA-120730/LUFA/Drivers/USB/Core/DeviceStandardReq.o
                                                  obj_hhkb_lufa/protocol/lufa/LUFA-120730/LUFA/Drivers/USB/Core/AVR8/USBInterrupt_AVR8.o
                                                  obj_hhkb_lufa/protocol/lufa/LUFA-120730/LUFA/Drivers/USB/Core/AVR8/USBController_AVR8.o
USB_Device_CurrentlySelfPowered                   obj_hhkb_lufa/protocol/lufa/LUFA-120730/LUFA/Drivers/USB/Core/DeviceStandardReq.o
                                                  obj_hhkb_lufa/protocol/lufa/LUFA-120730/LUFA/Drivers/USB/Core/AVR8/USBController_AVR8.o
USB_Device_ProcessControlRequest                  obj_hhkb_lufa/protocol/lufa/LUFA-120730/LUFA/Drivers/USB/Core/DeviceStandardReq.o
                                                  obj_hhkb_lufa/protocol/lufa/LUFA-120730/LUFA/Drivers/USB/Core/USBTask.o
USB_Device_RemoteWakeupEnabled                    obj_hhkb_lufa/protocol/lufa/LUFA-120730/LUFA/Drivers/USB/Core/DeviceStandardReq.o
                                                  obj_hhkb_lufa/protocol/lufa/LUFA-120730/LUFA/Drivers/USB/Core/AVR8/USBController_AVR8.o
                                                  obj_hhkb_lufa/protocol/lufa/lufa.o
USB_Device_SendRemoteWakeup                       obj_hhkb_lufa/protocol/lufa/LUFA-120730/LUFA/Drivers/USB/Core/AVR8/Device_AVR8.o
                                                  obj_hhkb_lufa/protocol/lufa/lufa.o
USB_Disable                                       obj_hhkb_lufa/protocol/lufa/LUFA-120730/LUFA/Drivers/USB/Core/AVR8/USBController_AVR8.o
                                                  obj_hhkb_lufa/common/bootloader.o
                                                  obj_hhkb_lufa/protocol/lufa/lufa.o
USB_Event_Stub                                    obj_hhkb_lufa/protocol/lufa/LUFA-120730/LUFA/Drivers/USB/Core/Events.o
USB_GetHIDReportItemInfo                          obj_hhkb_lufa/protocol/lufa/LUFA-120730/LUFA/Drivers/USB/Class/Common/HIDParser.o
USB_GetHIDReportSize                              obj_hhkb_lufa/protocol/lufa/LUFA-120730/LUFA/Drivers/USB/Class/Common/HIDParser.o
USB_GetNextDescriptorComp                         obj_hhkb_lufa/protocol/lufa/LUFA-120730/LUFA/Drivers/USB/Core/ConfigDescriptors.o
USB_GetNextDescriptorOfType                       obj_hhkb_lufa/protocol/lufa/LUFA-120730/LUFA/Drivers/USB/Core/ConfigDescriptors.o
USB_GetNextDescriptorOfTypeAfter                  obj_hhkb_lufa/protocol/lufa/LUFA-120730/LUFA/Drivers/USB/Core/ConfigDescriptors.o
USB_GetNextDescriptorOfTypeBefore                 obj_hhkb_lufa/protocol/lufa/LUFA-120730/LUFA/Drivers/USB/Core/ConfigDescriptors.o
USB_INT_ClearAllInterrupts                        obj_hhkb_lufa/protocol/lufa/LUFA-120730/LUFA/Drivers/USB/Core/AVR8/USBInterrupt_AVR8.o
                                                  obj_hhkb_lufa/protocol/lufa/LUFA-120730/LUFA/Drivers/USB/Core/AVR8/USBController_AVR8.o
USB_INT_DisableAllInterrupts                      obj_hhkb_lufa/protocol/lufa/LUFA-120730/LUFA/Drivers/USB/Core/AVR8/USBInterrupt_AVR8.o
                                                  obj_hhkb_lufa/protocol/lufa/LUFA-120730/LUFA/Drivers/USB/Core/AVR8/USBController_AVR8.o
USB_Init                                          obj_hhkb_lufa/protocol/lufa/LUFA-120730/LUFA/Drivers/USB/Core/AVR8/USBController_AVR8.o
                                                  obj_hhkb_lufa/protocol/lufa/lufa.o
USB_IsInitialized                                 obj_hhkb_lufa/protocol/lufa/LUFA-120730/LUFA/Drivers/USB/Core/USBTask.o
                                                  obj_hhkb_lufa/protocol/lufa/LUFA-120730/LUFA/Drivers/USB/Core/AVR8/USBController_AVR8.o
USB_ProcessHIDReport                              obj_hhkb_lufa/protocol/lufa/LUFA-120730/LUFA/Drivers/USB/Class/Common/HIDParser.o
USB_ResetInterface                                obj_hhkb_lufa/protocol/lufa/LUFA-120730/LUFA/Drivers/USB/Core/AVR8/USBController_AVR8.o
USB_SetHIDReportItemInfo                          obj_hhkb_lufa/protocol/lufa/LUFA-120730/LUFA/Drivers/USB/Class/Common/HIDParser.o
USB_USBTask                                       obj_hhkb_lufa/protocol/lufa/LUFA-120730/LUFA/Drivers/USB/Core/USBTask.o
                                                  obj_hhkb_lufa/protocol/lufa/LUFA-120730/LUFA/Drivers/USB/Core/AVR8/EndpointStream_AVR8.o
                                                  obj_hhkb_lufa/protocol/lufa/lufa.o
__bad_interrupt                                   /usr/local/Cellar/avr-gcc/4.9.3/lib/gcc/avr/4.9.3/../../../../avr/lib/avr5/crtm32u4.o
__bss_end                                         /usr/local/Cellar/avr-gcc/4.9.3/lib/gcc/avr/4.9.3/avr5/libgcc.a(_clear_bss.o)
__bss_start                                       /usr/local/Cellar/avr-gcc/4.9.3/lib/gcc/avr/4.9.3/avr5/libgcc.a(_clear_bss.o)
__data_end                                        /usr/local/Cellar/avr-gcc/4.9.3/lib/gcc/avr/4.9.3/avr5/libgcc.a(_copy_data.o)
__data_load_start                                 /usr/local/Cellar/avr-gcc/4.9.3/lib/gcc/avr/4.9.3/avr5/libgcc.a(_copy_data.o)
__data_start                                      /usr/local/Cellar/avr-gcc/4.9.3/lib/gcc/avr/4.9.3/avr5/libgcc.a(_copy_data.o)
__divmodhi4                                       /usr/local/Cellar/avr-gcc/4.9.3/lib/gcc/avr/4.9.3/avr5/libgcc.a(_divmodhi4.o)
                                                  obj_hhkb_lufa/common/mousekey.o
__do_clear_bss                                    /usr/local/Cellar/avr-gcc/4.9.3/lib/gcc/avr/4.9.3/avr5/libgcc.a(_clear_bss.o)
                                                  obj_hhkb_lufa/common/command.o
                                                  obj_hhkb_lufa/common/mousekey.o
                                                  obj_hhkb_lufa/common/bootmagic.o
                                                  obj_hhkb_lufa/common/debug.o
                                                  obj_hhkb_lufa/common/timer.o
                                                  obj_hhkb_lufa/common/keymap.o
                                                  obj_hhkb_lufa/common/action_util.o
                                                  obj_hhkb_lufa/common/action_layer.o
                                                  obj_hhkb_lufa/common/action_tapping.o
                                                  obj_hhkb_lufa/common/action.o
                                                  obj_hhkb_lufa/common/keyboard.o
                                                  obj_hhkb_lufa/common/host.o
                                                  obj_hhkb_lufa/protocol/lufa/LUFA-120730/LUFA/Drivers/USB/Core/USBTask.o
                                                  obj_hhkb_lufa/protocol/lufa/LUFA-120730/LUFA/Drivers/USB/Core/DeviceStandardReq.o
                                                  obj_hhkb_lufa/protocol/lufa/lufa.o
                                                  obj_hhkb_lufa/matrix.o
                                                  obj_hhkb_lufa/keymap_common.o
                                                  obj_hhkb_lufa/keymap_jp.o
__do_copy_data                                    /usr/local/Cellar/avr-gcc/4.9.3/lib/gcc/avr/4.9.3/avr5/libgcc.a(_copy_data.o)
                                                  obj_hhkb_lufa/common/command.o
                                                  obj_hhkb_lufa/common/mousekey.o
                                                  obj_hhkb_lufa/common/action_util.o
                                                  obj_hhkb_lufa/common/host.o
                                                  obj_hhkb_lufa/protocol/lufa/descriptor.o
                                                  obj_hhkb_lufa/protocol/lufa/lufa.o
__eerd_block_m32u4                                /usr/local/Cellar/avr-gcc/4.9.3/lib/gcc/avr/4.9.3/../../../../avr/lib/avr5/libc.a(eerd_block_atmega32u4.o)
__eerd_blraw_m32u4                                /usr/local/Cellar/avr-gcc/4.9.3/lib/gcc/avr/4.9.3/../../../../avr/lib/avr5/libc.a(eerd_block_atmega32u4.o)
                                                  /usr/local/Cellar/avr-gcc/4.9.3/lib/gcc/avr/4.9.3/../../../../avr/lib/avr5/libc.a(eerd_word_atmega32u4.o)
__eerd_byte_m32u4                                 /usr/local/Cellar/avr-gcc/4.9.3/lib/gcc/avr/4.9.3/../../../../avr/lib/avr5/libc.a(eerd_byte_atmega32u4.o)
                                                  obj_hhkb_lufa/common/eeconfig.o
                                                  obj_hhkb_lufa/protocol/lufa/LUFA-120730/LUFA/Drivers/USB/Core/AVR8/EndpointStream_AVR8.o
__eerd_word_m32u4                                 /usr/local/Cellar/avr-gcc/4.9.3/lib/gcc/avr/4.9.3/../../../../avr/lib/avr5/libc.a(eerd_word_atmega32u4.o)
                                                  obj_hhkb_lufa/common/eeconfig.o
__eeupd_byte_m32u4                                /usr/local/Cellar/avr-gcc/4.9.3/lib/gcc/avr/4.9.3/../../../../avr/lib/avr5/libc.a(eeupd_byte_atmega32u4.o)
                                                  obj_hhkb_lufa/protocol/lufa/LUFA-120730/LUFA/Drivers/USB/Core/AVR8/EndpointStream_AVR8.o
__eeupd_r18_m32u4                                 /usr/local/Cellar/avr-gcc/4.9.3/lib/gcc/avr/4.9.3/../../../../avr/lib/avr5/libc.a(eeupd_byte_atmega32u4.o)
__eewr_byte_m32u4                                 /usr/local/Cellar/avr-gcc/4.9.3/lib/gcc/avr/4.9.3/../../../../avr/lib/avr5/libc.a(eewr_byte_atmega32u4.o)
                                                  /usr/local/Cellar/avr-gcc/4.9.3/lib/gcc/avr/4.9.3/../../../../avr/lib/avr5/libc.a(eewr_word_atmega32u4.o)
                                                  obj_hhkb_lufa/common/eeconfig.o
__eewr_r18_m32u4                                  /usr/local/Cellar/avr-gcc/4.9.3/lib/gcc/avr/4.9.3/../../../../avr/lib/avr5/libc.a(eewr_byte_atmega32u4.o)
                                                  /usr/local/Cellar/avr-gcc/4.9.3/lib/gcc/avr/4.9.3/../../../../avr/lib/avr5/libc.a(eewr_word_atmega32u4.o)
__eewr_word_m32u4                                 /usr/local/Cellar/avr-gcc/4.9.3/lib/gcc/avr/4.9.3/../../../../avr/lib/avr5/libc.a(eewr_word_atmega32u4.o)
                                                  obj_hhkb_lufa/common/eeconfig.o
__fixsfsi                                         /usr/local/Cellar/avr-gcc/4.9.3/lib/gcc/avr/4.9.3/../../../../avr/lib/avr5/libm.a(fixsfsi.o)
                                                  obj_hhkb_lufa/common/mousekey.o
__fixunssfsi                                      /usr/local/Cellar/avr-gcc/4.9.3/lib/gcc/avr/4.9.3/../../../../avr/lib/avr5/libm.a(fixunssfsi.o)
                                                  /usr/local/Cellar/avr-gcc/4.9.3/lib/gcc/avr/4.9.3/../../../../avr/lib/avr5/libm.a(fixsfsi.o)
__floatsisf                                       /usr/local/Cellar/avr-gcc/4.9.3/lib/gcc/avr/4.9.3/../../../../avr/lib/avr5/libm.a(floatsisf.o)
                                                  obj_hhkb_lufa/common/mousekey.o
__floatunsisf                                     /usr/local/Cellar/avr-gcc/4.9.3/lib/gcc/avr/4.9.3/../../../../avr/lib/avr5/libm.a(floatsisf.o)
__fp_inf                                          /usr/local/Cellar/avr-gcc/4.9.3/lib/gcc/avr/4.9.3/../../../../avr/lib/avr5/libm.a(fp_inf.o)
                                                  /usr/local/Cellar/avr-gcc/4.9.3/lib/gcc/avr/4.9.3/../../../../avr/lib/avr5/libm.a(mulsf3x.o)
__fp_nan                                          /usr/local/Cellar/avr-gcc/4.9.3/lib/gcc/avr/4.9.3/../../../../avr/lib/avr5/libm.a(fp_nan.o)
                                                  /usr/local/Cellar/avr-gcc/4.9.3/lib/gcc/avr/4.9.3/../../../../avr/lib/avr5/libm.a(mulsf3x.o)
__fp_pscA                                         /usr/local/Cellar/avr-gcc/4.9.3/lib/gcc/avr/4.9.3/../../../../avr/lib/avr5/libm.a(fp_pscA.o)
                                                  /usr/local/Cellar/avr-gcc/4.9.3/lib/gcc/avr/4.9.3/../../../../avr/lib/avr5/libm.a(mulsf3x.o)
__fp_pscB                                         /usr/local/Cellar/avr-gcc/4.9.3/lib/gcc/avr/4.9.3/../../../../avr/lib/avr5/libm.a(fp_pscB.o)
                                                  /usr/local/Cellar/avr-gcc/4.9.3/lib/gcc/avr/4.9.3/../../../../avr/lib/avr5/libm.a(mulsf3x.o)
__fp_round                                        /usr/local/Cellar/avr-gcc/4.9.3/lib/gcc/avr/4.9.3/../../../../avr/lib/avr5/libm.a(fp_round.o)
                                                  /usr/local/Cellar/avr-gcc/4.9.3/lib/gcc/avr/4.9.3/../../../../avr/lib/avr5/libm.a(mulsf3.o)
__fp_split3                                       /usr/local/Cellar/avr-gcc/4.9.3/lib/gcc/avr/4.9.3/../../../../avr/lib/avr5/libm.a(fp_split3.o)
                                                  /usr/local/Cellar/avr-gcc/4.9.3/lib/gcc/avr/4.9.3/../../../../avr/lib/avr5/libm.a(mulsf3x.o)
__fp_splitA                                       /usr/local/Cellar/avr-gcc/4.9.3/lib/gcc/avr/4.9.3/../../../../avr/lib/avr5/libm.a(fp_split3.o)
                                                  /usr/local/Cellar/avr-gcc/4.9.3/lib/gcc/avr/4.9.3/../../../../avr/lib/avr5/libm.a(fixunssfsi.o)
__fp_szero                                        /usr/local/Cellar/avr-gcc/4.9.3/lib/gcc/avr/4.9.3/../../../../avr/lib/avr5/libm.a(fp_zero.o)
                                                  /usr/local/Cellar/avr-gcc/4.9.3/lib/gcc/avr/4.9.3/../../../../avr/lib/avr5/libm.a(mulsf3x.o)